Archive member included to satisfy reference by file (symbol)

c:/st/stm32cubeide_1.10.1/stm32cubeide/plugins/com.st.stm32cube.ide.mcu.externaltools.gnu-tools-for-stm32.10.3-2021.10.win32_1.0.0.202111181127/tools/bin/../lib/gcc/arm-none-eabi/10.3.1/../../../../arm-none-eabi/lib/thumb/v7e-m+fp/hard\libc_nano.a(lib_a-errno.o)
                              ./Core/Src/syscalls.o (__errno)
c:/st/stm32cubeide_1.10.1/stm32cubeide/plugins/com.st.stm32cube.ide.mcu.externaltools.gnu-tools-for-stm32.10.3-2021.10.win32_1.0.0.202111181127/tools/bin/../lib/gcc/arm-none-eabi/10.3.1/../../../../arm-none-eabi/lib/thumb/v7e-m+fp/hard\libc_nano.a(lib_a-exit.o)
                              c:/st/stm32cubeide_1.10.1/stm32cubeide/plugins/com.st.stm32cube.ide.mcu.externaltools.gnu-tools-for-stm32.10.3-2021.10.win32_1.0.0.202111181127/tools/bin/../lib/gcc/arm-none-eabi/10.3.1/../../../../arm-none-eabi/lib/thumb/v7e-m+fp/hard/crt0.o (exit)
c:/st/stm32cubeide_1.10.1/stm32cubeide/plugins/com.st.stm32cube.ide.mcu.externaltools.gnu-tools-for-stm32.10.3-2021.10.win32_1.0.0.202111181127/tools/bin/../lib/gcc/arm-none-eabi/10.3.1/../../../../arm-none-eabi/lib/thumb/v7e-m+fp/hard\libc_nano.a(lib_a-impure.o)
                              c:/st/stm32cubeide_1.10.1/stm32cubeide/plugins/com.st.stm32cube.ide.mcu.externaltools.gnu-tools-for-stm32.10.3-2021.10.win32_1.0.0.202111181127/tools/bin/../lib/gcc/arm-none-eabi/10.3.1/../../../../arm-none-eabi/lib/thumb/v7e-m+fp/hard\libc_nano.a(lib_a-exit.o) (_global_impure_ptr)
c:/st/stm32cubeide_1.10.1/stm32cubeide/plugins/com.st.stm32cube.ide.mcu.externaltools.gnu-tools-for-stm32.10.3-2021.10.win32_1.0.0.202111181127/tools/bin/../lib/gcc/arm-none-eabi/10.3.1/../../../../arm-none-eabi/lib/thumb/v7e-m+fp/hard\libc_nano.a(lib_a-init.o)
                              c:/st/stm32cubeide_1.10.1/stm32cubeide/plugins/com.st.stm32cube.ide.mcu.externaltools.gnu-tools-for-stm32.10.3-2021.10.win32_1.0.0.202111181127/tools/bin/../lib/gcc/arm-none-eabi/10.3.1/../../../../arm-none-eabi/lib/thumb/v7e-m+fp/hard/crt0.o (__libc_init_array)
c:/st/stm32cubeide_1.10.1/stm32cubeide/plugins/com.st.stm32cube.ide.mcu.externaltools.gnu-tools-for-stm32.10.3-2021.10.win32_1.0.0.202111181127/tools/bin/../lib/gcc/arm-none-eabi/10.3.1/../../../../arm-none-eabi/lib/thumb/v7e-m+fp/hard\libc_nano.a(lib_a-malloc.o)
                              ./Middlewares/ST/STM32_USB_Host_Library/Class/CDC/Src/usbh_cdc.o (malloc)
c:/st/stm32cubeide_1.10.1/stm32cubeide/plugins/com.st.stm32cube.ide.mcu.externaltools.gnu-tools-for-stm32.10.3-2021.10.win32_1.0.0.202111181127/tools/bin/../lib/gcc/arm-none-eabi/10.3.1/../../../../arm-none-eabi/lib/thumb/v7e-m+fp/hard\libc_nano.a(lib_a-memset.o)
                              c:/st/stm32cubeide_1.10.1/stm32cubeide/plugins/com.st.stm32cube.ide.mcu.externaltools.gnu-tools-for-stm32.10.3-2021.10.win32_1.0.0.202111181127/tools/bin/../lib/gcc/arm-none-eabi/10.3.1/../../../../arm-none-eabi/lib/thumb/v7e-m+fp/hard/crt0.o (memset)
c:/st/stm32cubeide_1.10.1/stm32cubeide/plugins/com.st.stm32cube.ide.mcu.externaltools.gnu-tools-for-stm32.10.3-2021.10.win32_1.0.0.202111181127/tools/bin/../lib/gcc/arm-none-eabi/10.3.1/../../../../arm-none-eabi/lib/thumb/v7e-m+fp/hard\libc_nano.a(lib_a-nano-freer.o)
                              c:/st/stm32cubeide_1.10.1/stm32cubeide/plugins/com.st.stm32cube.ide.mcu.externaltools.gnu-tools-for-stm32.10.3-2021.10.win32_1.0.0.202111181127/tools/bin/../lib/gcc/arm-none-eabi/10.3.1/../../../../arm-none-eabi/lib/thumb/v7e-m+fp/hard\libc_nano.a(lib_a-malloc.o) (_free_r)
c:/st/stm32cubeide_1.10.1/stm32cubeide/plugins/com.st.stm32cube.ide.mcu.externaltools.gnu-tools-for-stm32.10.3-2021.10.win32_1.0.0.202111181127/tools/bin/../lib/gcc/arm-none-eabi/10.3.1/../../../../arm-none-eabi/lib/thumb/v7e-m+fp/hard\libc_nano.a(lib_a-nano-mallocr.o)
                              c:/st/stm32cubeide_1.10.1/stm32cubeide/plugins/com.st.stm32cube.ide.mcu.externaltools.gnu-tools-for-stm32.10.3-2021.10.win32_1.0.0.202111181127/tools/bin/../lib/gcc/arm-none-eabi/10.3.1/../../../../arm-none-eabi/lib/thumb/v7e-m+fp/hard\libc_nano.a(lib_a-malloc.o) (_malloc_r)
c:/st/stm32cubeide_1.10.1/stm32cubeide/plugins/com.st.stm32cube.ide.mcu.externaltools.gnu-tools-for-stm32.10.3-2021.10.win32_1.0.0.202111181127/tools/bin/../lib/gcc/arm-none-eabi/10.3.1/../../../../arm-none-eabi/lib/thumb/v7e-m+fp/hard\libc_nano.a(lib_a-sbrkr.o)
                              c:/st/stm32cubeide_1.10.1/stm32cubeide/plugins/com.st.stm32cube.ide.mcu.externaltools.gnu-tools-for-stm32.10.3-2021.10.win32_1.0.0.202111181127/tools/bin/../lib/gcc/arm-none-eabi/10.3.1/../../../../arm-none-eabi/lib/thumb/v7e-m+fp/hard\libc_nano.a(lib_a-nano-mallocr.o) (_sbrk_r)
c:/st/stm32cubeide_1.10.1/stm32cubeide/plugins/com.st.stm32cube.ide.mcu.externaltools.gnu-tools-for-stm32.10.3-2021.10.win32_1.0.0.202111181127/tools/bin/../lib/gcc/arm-none-eabi/10.3.1/../../../../arm-none-eabi/lib/thumb/v7e-m+fp/hard\libc_nano.a(lib_a-mlock.o)
[...]
Memory Configuration

Name             Origin             Length             Attributes
RAM              0x0000000020000000 0x0000000000020000 xrw
FLASH            0x0000000008000000 0x0000000000080000 xr
*default*        0x0000000000000000 0xffffffffffffffff

Linker script and memory map

LOAD c:/st/stm32cubeide_1.10.1/stm32cubeide/plugins/com.st.stm32cube.ide.mcu.externaltools.gnu-tools-for-stm32.10.3-2021.10.win32_1.0.0.202111181127/tools/bin/../lib/gcc/arm-none-eabi/10.3.1/thumb/v7e-m+fp/hard/crti.o
LOAD c:/st/stm32cubeide_1.10.1/stm32cubeide/plugins/com.st.stm32cube.ide.mcu.externaltools.gnu-tools-for-stm32.10.3-2021.10.win32_1.0.0.202111181127/tools/bin/../lib/gcc/arm-none-eabi/10.3.1/thumb/v7e-m+fp/hard/crtbegin.o
LOAD c:/st/stm32cubeide_1.10.1/stm32cubeide/plugins/com.st.stm32cube.ide.mcu.externaltools.gnu-tools-for-stm32.10.3-2021.10.win32_1.0.0.202111181127/tools/bin/../lib/gcc/arm-none-eabi/10.3.1/../../../../arm-none-eabi/lib/thumb/v7e-m+fp/hard/crt0.o
LOAD ./Core/Src/main.o
LOAD ./Core/Src/stm32f4xx_hal_msp.o
LOAD ./Core/Src/stm32f4xx_it.o
LOAD ./Core/Src/syscalls.o
LOAD ./Core/Src/sysmem.o
LOAD ./Core/Src/system_stm32f4xx.o
LOAD ./Core/Startup/startup_stm32f411vetx.o
LOAD ./Drivers/BSP/Components/cs43l22/cs43l22.o
LOAD ./Drivers/BSP/Components/dp83848/dp83848.o
LOAD ./Drivers/BSP/Components/exc7200/exc7200.o
LOAD ./Drivers/BSP/Components/ft3x67/ft3x67.o
LOAD ./Drivers/BSP/Components/ft6x06/ft6x06.o
LOAD ./Drivers/BSP/Components/i3g4250d/i3g4250d.o
LOAD ./Drivers/BSP/Components/ili9325/ili9325.o
LOAD ./Drivers/BSP/Components/ili9341/ili9341.o
LOAD ./Drivers/BSP/Components/l3gd20/l3gd20.o
LOAD ./Drivers/BSP/Components/lan8742/lan8742.o
LOAD ./Drivers/BSP/Components/lis302dl/lis302dl.o
LOAD ./Drivers/BSP/Components/lis3dsh/lis3dsh.o
LOAD ./Drivers/BSP/Components/ls016b8uy/ls016b8uy.o
LOAD ./Drivers/BSP/Components/lsm303agr/lsm303agr.o
LOAD ./Drivers/BSP/Components/lsm303dlhc/lsm303dlhc.o
LOAD ./Drivers/BSP/Components/mfxstm32l152/mfxstm32l152.o
LOAD ./Drivers/BSP/Components/nt35510/nt35510.o
LOAD ./Drivers/BSP/Components/otm8009a/otm8009a.o
LOAD ./Drivers/BSP/Components/ov2640/ov2640.o
LOAD ./Drivers/BSP/Components/ov5640/ov5640.o
LOAD ./Drivers/BSP/Components/s5k5cag/s5k5cag.o
LOAD ./Drivers/BSP/Components/st7735/st7735.o
LOAD ./Drivers/BSP/Components/st7789h2/st7789h2.o
LOAD ./Drivers/BSP/Components/stmpe1600/stmpe1600.o
LOAD ./Drivers/BSP/Components/stmpe811/stmpe811.o
LOAD ./Drivers/BSP/Components/ts3510/ts3510.o
LOAD ./Drivers/BSP/Components/wm8994/wm8994.o
LOAD ./Drivers/BSP/STM32F411E-Discovery/stm32f411e_discovery.o
LOAD ./Drivers/BSP/STM32F411E-Discovery/stm32f411e_discovery_accelerometer.o
LOAD ./Drivers/STM32F4xx_HAL_Driver/Src/stm32f4xx_hal.o
LOAD ./Drivers/STM32F4xx_HAL_Driver/Src/stm32f4xx_hal_cortex.o
LOAD ./Drivers/STM32F4xx_HAL_Driver/Src/stm32f4xx_hal_dma.o
LOAD ./Drivers/STM32F4xx_HAL_Driver/Src/stm32f4xx_hal_dma_ex.o
LOAD ./Drivers/STM32F4xx_HAL_Driver/Src/stm32f4xx_hal_exti.o
LOAD ./Drivers/STM32F4xx_HAL_Driver/Src/stm32f4xx_hal_flash.o
LOAD ./Drivers/STM32F4xx_HAL_Driver/Src/stm32f4xx_hal_flash_ex.o
LOAD ./Drivers/STM32F4xx_HAL_Driver/Src/stm32f4xx_hal_flash_ramfunc.o
LOAD ./Drivers/STM32F4xx_HAL_Driver/Src/stm32f4xx_hal_gpio.o
LOAD ./Drivers/STM32F4xx_HAL_Driver/Src/stm32f4xx_hal_hcd.o
LOAD ./Drivers/STM32F4xx_HAL_Driver/Src/stm32f4xx_hal_i2c.o
LOAD ./Drivers/STM32F4xx_HAL_Driver/Src/stm32f4xx_hal_i2c_ex.o
LOAD ./Drivers/STM32F4xx_HAL_Driver/Src/stm32f4xx_hal_i2s.o
LOAD ./Drivers/STM32F4xx_HAL_Driver/Src/stm32f4xx_hal_i2s_ex.o
LOAD ./Drivers/STM32F4xx_HAL_Driver/Src/stm32f4xx_hal_pwr.o
LOAD ./Drivers/STM32F4xx_HAL_Driver/Src/stm32f4xx_hal_pwr_ex.o
LOAD ./Drivers/STM32F4xx_HAL_Driver/Src/stm32f4xx_hal_rcc.o
LOAD ./Drivers/STM32F4xx_HAL_Driver/Src/stm32f4xx_hal_rcc_ex.o
LOAD ./Drivers/STM32F4xx_HAL_Driver/Src/stm32f4xx_hal_spi.o
LOAD ./Drivers/STM32F4xx_HAL_Driver/Src/stm32f4xx_hal_tim.o
LOAD ./Drivers/STM32F4xx_HAL_Driver/Src/stm32f4xx_hal_tim_ex.o
LOAD ./Drivers/STM32F4xx_HAL_Driver/Src/stm32f4xx_ll_usb.o
LOAD ./Middlewares/ST/STM32_USB_Host_Library/Class/CDC/Src/usbh_cdc.o
LOAD ./Middlewares/ST/STM32_USB_Host_Library/Core/Src/usbh_core.o
LOAD ./Middlewares/ST/STM32_USB_Host_Library/Core/Src/usbh_ctlreq.o
LOAD ./Middlewares/ST/STM32_USB_Host_Library/Core/Src/usbh_ioreq.o
LOAD ./Middlewares/ST/STM32_USB_Host_Library/Core/Src/usbh_pipes.o
LOAD ./USB_HOST/App/usb_host.o
LOAD ./USB_HOST/Target/usbh_conf.o
LOAD ./USB_HOST/Target/usbh_platform.o
START GROUP
LOAD c:/st/stm32cubeide_1.10.1/stm32cubeide/plugins/com.st.stm32cube.ide.mcu.externaltools.gnu-tools-for-stm32.10.3-2021.10.win32_1.0.0.202111181127/tools/bin/../lib/gcc/arm-none-eabi/10.3.1/../../../../arm-none-eabi/lib/thumb/v7e-m+fp/hard\libc_nano.a
LOAD c:/st/stm32cubeide_1.10.1/stm32cubeide/plugins/com.st.stm32cube.ide.mcu.externaltools.gnu-tools-for-stm32.10.3-2021.10.win32_1.0.0.202111181127/tools/bin/../lib/gcc/arm-none-eabi/10.3.1/../../../../arm-none-eabi/lib/thumb/v7e-m+fp/hard\libm.a
END GROUP
START GROUP
LOAD c:/st/stm32cubeide_1.10.1/stm32cubeide/plugins/com.st.stm32cube.ide.mcu.externaltools.gnu-tools-for-stm32.10.3-2021.10.win32_1.0.0.202111181127/tools/bin/../lib/gcc/arm-none-eabi/10.3.1/thumb/v7e-m+fp/hard\libgcc.a
LOAD c:/st/stm32cubeide_1.10.1/stm32cubeide/plugins/com.st.stm32cube.ide.mcu.externaltools.gnu-tools-for-stm32.10.3-2021.10.win32_1.0.0.202111181127/tools/bin/../lib/gcc/arm-none-eabi/10.3.1/../../../../arm-none-eabi/lib/thumb/v7e-m+fp/hard\libc_nano.a
END GROUP
START GROUP
LOAD c:/st/stm32cubeide_1.10.1/stm32cubeide/plugins/com.st.stm32cube.ide.mcu.externaltools.gnu-tools-for-stm32.10.3-2021.10.win32_1.0.0.202111181127/tools/bin/../lib/gcc/arm-none-eabi/10.3.1/thumb/v7e-m+fp/hard\libgcc.a
LOAD c:/st/stm32cubeide_1.10.1/stm32cubeide/plugins/com.st.stm32cube.ide.mcu.externaltools.gnu-tools-for-stm32.10.3-2021.10.win32_1.0.0.202111181127/tools/bin/../lib/gcc/arm-none-eabi/10.3.1/../../../../arm-none-eabi/lib/thumb/v7e-m+fp/hard\libc_nano.a
LOAD c:/st/stm32cubeide_1.10.1/stm32cubeide/plugins/com.st.stm32cube.ide.mcu.externaltools.gnu-tools-for-stm32.10.3-2021.10.win32_1.0.0.202111181127/tools/bin/../lib/gcc/arm-none-eabi/10.3.1/../../../../arm-none-eabi/lib/thumb/v7e-m+fp/hard\libnosys.a
END GROUP
START GROUP
LOAD c:/st/stm32cubeide_1.10.1/stm32cubeide/plugins/com.st.stm32cube.ide.mcu.externaltools.gnu-tools-for-stm32.10.3-2021.10.win32_1.0.0.202111181127/tools/bin/../lib/gcc/arm-none-eabi/10.3.1/thumb/v7e-m+fp/hard\libgcc.a
LOAD c:/st/stm32cubeide_1.10.1/stm32cubeide/plugins/com.st.stm32cube.ide.mcu.externaltools.gnu-tools-for-stm32.10.3-2021.10.win32_1.0.0.202111181127/tools/bin/../lib/gcc/arm-none-eabi/10.3.1/../../../../arm-none-eabi/lib/thumb/v7e-m+fp/hard\libc_nano.a
LOAD c:/st/stm32cubeide_1.10.1/stm32cubeide/plugins/com.st.stm32cube.ide.mcu.externaltools.gnu-tools-for-stm32.10.3-2021.10.win32_1.0.0.202111181127/tools/bin/../lib/gcc/arm-none-eabi/10.3.1/../../../../arm-none-eabi/lib/thumb/v7e-m+fp/hard\libnosys.a
END GROUP
LOAD c:/st/stm32cubeide_1.10.1/stm32cubeide/plugins/com.st.stm32cube.ide.mcu.externaltools.gnu-tools-for-stm32.10.3-2021.10.win32_1.0.0.202111181127/tools/bin/../lib/gcc/arm-none-eabi/10.3.1/thumb/v7e-m+fp/hard/crtend.o
LOAD c:/st/stm32cubeide_1.10.1/stm32cubeide/plugins/com.st.stm32cube.ide.mcu.externaltools.gnu-tools-for-stm32.10.3-2021.10.win32_1.0.0.202111181127/tools/bin/../lib/gcc/arm-none-eabi/10.3.1/thumb/v7e-m+fp/hard/crtn.o
                0x0000000020020000                _estack = (ORIGIN (RAM) + LENGTH (RAM))
                0x0000000000000200                _Min_Heap_Size = 0x200
                0x0000000000000400                _Min_Stack_Size = 0x400

.isr_vector     0x0000000008000000      0x198
                0x0000000008000000                . = ALIGN (0x4)
 *(.isr_vector)
 .isr_vector    0x0000000008000000      0x198 ./Core/Startup/startup_stm32f411vetx.o
                0x0000000008000000                g_pfnVectors
                0x0000000008000198                . = ALIGN (0x4)

.text           0x0000000008000198     0x5240
                0x0000000008000198                . = ALIGN (0x4)
 *(.text)
 .text          0x0000000008000198       0x40 c:/st/stm32cubeide_1.10.1/stm32cubeide/plugins/com.st.stm32cube.ide.mcu.externaltools.gnu-tools-for-stm32.10.3-2021.10.win32_1.0.0.202111181127/tools/bin/../lib/gcc/arm-none-eabi/10.3.1/thumb/v7e-m+fp/hard/crtbegin.o
 *(.text*)
 .text.main     0x00000000080001d8       0x6c ./Core/Src/main.o
                0x00000000080001d8                main
 .text.MX_I2C1_Init
                0x0000000008000244       0x5c ./Core/Src/main.o
 .text.MX_I2S2_Init
                0x00000000080002a0       0x5c ./Core/Src/main.o
 .text.MX_I2S3_Init
                0x00000000080002fc       0x60 ./Core/Src/main.o
 .text.MX_SPI1_Init
                0x000000000800035c       0x6c ./Core/Src/main.o
 .text.MX_GPIO_Init
                0x00000000080003c8      0x1b4 ./Core/Src/main.o
 .text.Error_Handler
                0x000000000800057c        0xa ./Core/Src/main.o
                0x000000000800057c                Error_Handler
 *fill*         0x0000000008000586        0x2 
 .text.HAL_MspInit
                0x0000000008000588       0x50 ./Core/Src/stm32f4xx_hal_msp.o
                0x0000000008000588                HAL_MspInit
 .text.HAL_I2C_MspInit
                0x00000000080005d8       0x90 ./Core/Src/stm32f4xx_hal_msp.o
                0x00000000080005d8                HAL_I2C_MspInit
 .text.HAL_I2C_MspDeInit
                0x0000000008000668       0x44 ./Core/Src/stm32f4xx_hal_msp.o
                0x0000000008000668                HAL_I2C_MspDeInit
 .text.HAL_I2S_MspInit
                0x00000000080006ac      0x19c ./Core/Src/stm32f4xx_hal_msp.o
                0x00000000080006ac                HAL_I2S_MspInit
 .text.HAL_SPI_MspInit
                0x0000000008000848       0x90 ./Core/Src/stm32f4xx_hal_msp.o
                0x0000000008000848                HAL_SPI_MspInit
 .text.NMI_Handler
                0x00000000080008d8        0x6 ./Core/Src/stm32f4xx_it.o
                0x00000000080008d8                NMI_Handler
 .text.HardFault_Handler
                0x00000000080008de        0x6 ./Core/Src/stm32f4xx_it.o
                0x00000000080008de                HardFault_Handler
 .text.MemManage_Handler
                0x00000000080008e4        0x6 ./Core/Src/stm32f4xx_it.o
                0x00000000080008e4                MemManage_Handler
 .text.BusFault_Handler
                0x00000000080008ea        0x6 ./Core/Src/stm32f4xx_it.o
                0x00000000080008ea                BusFault_Handler
 .text.UsageFault_Handler
                0x00000000080008f0        0x6 ./Core/Src/stm32f4xx_it.o
                0x00000000080008f0                UsageFault_Handler
 .text.SVC_Handler
                0x00000000080008f6        0xe ./Core/Src/stm32f4xx_it.o
                0x00000000080008f6                SVC_Handler
 .text.DebugMon_Handler
                0x0000000008000904        0xe ./Core/Src/stm32f4xx_it.o
                0x0000000008000904                DebugMon_Handler
 .text.PendSV_Handler
                0x0000000008000912        0xe ./Core/Src/stm32f4xx_it.o
                0x0000000008000912                PendSV_Handler
 .text.SysTick_Handler
                0x0000000008000920        0xc ./Core/Src/stm32f4xx_it.o
                0x0000000008000920                SysTick_Handler
 .text.OTG_FS_IRQHandler
                0x000000000800092c       0x14 ./Core/Src/stm32f4xx_it.o
                0x000000000800092c                OTG_FS_IRQHandler
 .text.SystemInit
                0x0000000008000940       0x24 ./Core/Src/system_stm32f4xx.o
                0x0000000008000940                SystemInit
 .text.Reset_Handler
                0x0000000008000964       0x50 ./Core/Startup/startup_stm32f411vetx.o
                0x0000000008000964                Reset_Handler
 .text.Default_Handler
                0x00000000080009b4        0x2 ./Core/Startup/startup_stm32f411vetx.o
                0x00000000080009b4                RTC_Alarm_IRQHandler
                0x00000000080009b4                EXTI2_IRQHandler
                0x00000000080009b4                SPI4_IRQHandler
                0x00000000080009b4                TIM1_CC_IRQHandler
                0x00000000080009b4                DMA2_Stream5_IRQHandler
                0x00000000080009b4                DMA1_Stream5_IRQHandler
                0x00000000080009b4                PVD_IRQHandler
                0x00000000080009b4                SDIO_IRQHandler
                0x00000000080009b4                TAMP_STAMP_IRQHandler
                0x00000000080009b4                EXTI3_IRQHandler
                0x00000000080009b4                TIM1_UP_TIM10_IRQHandler
                0x00000000080009b4                I2C3_ER_IRQHandler
                0x00000000080009b4                EXTI0_IRQHandler
                0x00000000080009b4                I2C2_EV_IRQHandler
                0x00000000080009b4                DMA1_Stream2_IRQHandler
                0x00000000080009b4                FPU_IRQHandler
                0x00000000080009b4                DMA2_Stream2_IRQHandler
                0x00000000080009b4                SPI1_IRQHandler
                0x00000000080009b4                TIM1_BRK_TIM9_IRQHandler
                0x00000000080009b4                DMA2_Stream3_IRQHandler
                0x00000000080009b4                USART6_IRQHandler
                0x00000000080009b4                DMA2_Stream0_IRQHandler
                0x00000000080009b4                TIM4_IRQHandler
                0x00000000080009b4                I2C1_EV_IRQHandler
                0x00000000080009b4                DMA1_Stream6_IRQHandler
                0x00000000080009b4                DMA1_Stream1_IRQHandler
                0x00000000080009b4                TIM3_IRQHandler
                0x00000000080009b4                RCC_IRQHandler
                0x00000000080009b4                Default_Handler
                0x00000000080009b4                EXTI15_10_IRQHandler
                0x00000000080009b4                ADC_IRQHandler
                0x00000000080009b4                DMA1_Stream7_IRQHandler
                0x00000000080009b4                SPI5_IRQHandler
                0x00000000080009b4                TIM5_IRQHandler
                0x00000000080009b4                DMA2_Stream7_IRQHandler
                0x00000000080009b4                I2C3_EV_IRQHandler
                0x00000000080009b4                EXTI9_5_IRQHandler
                0x00000000080009b4                RTC_WKUP_IRQHandler
                0x00000000080009b4                SPI2_IRQHandler
                0x00000000080009b4                DMA1_Stream0_IRQHandler
                0x00000000080009b4                EXTI4_IRQHandler
                0x00000000080009b4                WWDG_IRQHandler
                0x00000000080009b4                TIM2_IRQHandler
                0x00000000080009b4                OTG_FS_WKUP_IRQHandler
                0x00000000080009b4                TIM1_TRG_COM_TIM11_IRQHandler
                0x00000000080009b4                EXTI1_IRQHandler
                0x00000000080009b4                USART2_IRQHandler
                0x00000000080009b4                I2C2_ER_IRQHandler
                0x00000000080009b4                DMA2_Stream1_IRQHandler
                0x00000000080009b4                FLASH_IRQHandler
                0x00000000080009b4                DMA2_Stream4_IRQHandler
                0x00000000080009b4                USART1_IRQHandler
                0x00000000080009b4                SPI3_IRQHandler
                0x00000000080009b4                DMA1_Stream4_IRQHandler
                0x00000000080009b4                I2C1_ER_IRQHandler
                0x00000000080009b4                DMA2_Stream6_IRQHandler
                0x00000000080009b4                DMA1_Stream3_IRQHandler
 .text.LSM303AGR_AccInit
                0x00000000080009b6       0x3a ./Drivers/BSP/Components/lsm303agr/lsm303agr.o
                0x00000000080009b6                LSM303AGR_AccInit
 .text.LSM303AGR_AccDeInit
                0x00000000080009f0        0xe ./Drivers/BSP/Components/lsm303agr/lsm303agr.o
                0x00000000080009f0                LSM303AGR_AccDeInit
 .text.LSM303AGR_AccReadID
                0x00000000080009fe       0x24 ./Drivers/BSP/Components/lsm303agr/lsm303agr.o
                0x00000000080009fe                LSM303AGR_AccReadID
 .text.LSM303AGR_AccRebootCmd
                0x0000000008000a22       0x2e ./Drivers/BSP/Components/lsm303agr/lsm303agr.o
                0x0000000008000a22                LSM303AGR_AccRebootCmd
 .text.LSM303AGR_AccFilterConfig
                0x0000000008000a50       0x3a ./Drivers/BSP/Components/lsm303agr/lsm303agr.o
                0x0000000008000a50                LSM303AGR_AccFilterConfig
 .text.LSM303AGR_AccFilterCmd
                0x0000000008000a8a       0x3a ./Drivers/BSP/Components/lsm303agr/lsm303agr.o
                0x0000000008000a8a                LSM303AGR_AccFilterCmd
 .text.LSM303AGR_AccReadXYZ
                0x0000000008000ac4      0x190 ./Drivers/BSP/Components/lsm303agr/lsm303agr.o
                0x0000000008000ac4                LSM303AGR_AccReadXYZ
 .text.LSM303AGR_AccFilterClickCmd
                0x0000000008000c54       0x3e ./Drivers/BSP/Components/lsm303agr/lsm303agr.o
                0x0000000008000c54                LSM303AGR_AccFilterClickCmd
 .text.LSM303AGR_AccIT1Enable
                0x0000000008000c92       0x36 ./Drivers/BSP/Components/lsm303agr/lsm303agr.o
                0x0000000008000c92                LSM303AGR_AccIT1Enable
 .text.LSM303AGR_AccClickITEnable
                0x0000000008000cc8       0x72 ./Drivers/BSP/Components/lsm303agr/lsm303agr.o
                0x0000000008000cc8                LSM303AGR_AccClickITEnable
 .text.LSM303AGR_AccZClickITConfig
                0x0000000008000d3a       0x1e ./Drivers/BSP/Components/lsm303agr/lsm303agr.o
                0x0000000008000d3a                LSM303AGR_AccZClickITConfig
 .text.LSM303DLHC_AccInit
                0x0000000008000d58       0x3a ./Drivers/BSP/Components/lsm303dlhc/lsm303dlhc.o
                0x0000000008000d58                LSM303DLHC_AccInit
 .text.LSM303DLHC_AccDeInit
                0x0000000008000d92        0xe ./Drivers/BSP/Components/lsm303dlhc/lsm303dlhc.o
                0x0000000008000d92                LSM303DLHC_AccDeInit
 .text.LSM303DLHC_AccReadID
                0x0000000008000da0       0x24 ./Drivers/BSP/Components/lsm303dlhc/lsm303dlhc.o
                0x0000000008000da0                LSM303DLHC_AccReadID
 .text.LSM303DLHC_AccRebootCmd
                0x0000000008000dc4       0x2e ./Drivers/BSP/Components/lsm303dlhc/lsm303dlhc.o
                0x0000000008000dc4                LSM303DLHC_AccRebootCmd
 .text.LSM303DLHC_AccFilterConfig
                0x0000000008000df2       0x3a ./Drivers/BSP/Components/lsm303dlhc/lsm303dlhc.o
                0x0000000008000df2                LSM303DLHC_AccFilterConfig
 .text.LSM303DLHC_AccFilterCmd
                0x0000000008000e2c       0x3a ./Drivers/BSP/Components/lsm303dlhc/lsm303dlhc.o
                0x0000000008000e2c                LSM303DLHC_AccFilterCmd
 .text.LSM303DLHC_AccReadXYZ
                0x0000000008000e66      0x190 ./Drivers/BSP/Components/lsm303dlhc/lsm303dlhc.o
                0x0000000008000e66                LSM303DLHC_AccReadXYZ
 .text.LSM303DLHC_AccFilterClickCmd
                0x0000000008000ff6       0x3e ./Drivers/BSP/Components/lsm303dlhc/lsm303dlhc.o
                0x0000000008000ff6                LSM303DLHC_AccFilterClickCmd
 .text.LSM303DLHC_AccIT1Enable
                0x0000000008001034       0x36 ./Drivers/BSP/Components/lsm303dlhc/lsm303dlhc.o
                0x0000000008001034                LSM303DLHC_AccIT1Enable
 .text.LSM303DLHC_AccClickITEnable
                0x000000000800106a       0x72 ./Drivers/BSP/Components/lsm303dlhc/lsm303dlhc.o
                0x000000000800106a                LSM303DLHC_AccClickITEnable
 .text.LSM303DLHC_AccZClickITConfig
                0x00000000080010dc       0x1e ./Drivers/BSP/Components/lsm303dlhc/lsm303dlhc.o
                0x00000000080010dc                LSM303DLHC_AccZClickITConfig
 *fill*         0x00000000080010fa        0x2 
 .text.I2Cx_Init
                0x00000000080010fc       0x64 ./Drivers/BSP/STM32F411E-Discovery/stm32f411e_discovery.o
 .text.I2Cx_WriteData
                0x0000000008001160       0x50 ./Drivers/BSP/STM32F411E-Discovery/stm32f411e_discovery.o
 .text.I2Cx_ReadData
                0x00000000080011b0       0x58 ./Drivers/BSP/STM32F411E-Discovery/stm32f411e_discovery.o
 .text.I2Cx_Error
                0x0000000008001208       0x18 ./Drivers/BSP/STM32F411E-Discovery/stm32f411e_discovery.o
 .text.I2Cx_MspInit
                0x0000000008001220       0xac ./Drivers/BSP/STM32F411E-Discovery/stm32f411e_discovery.o
 .text.COMPASSACCELERO_IO_Init
                0x00000000080012cc       0x50 ./Drivers/BSP/STM32F411E-Discovery/stm32f411e_discovery.o
                0x00000000080012cc                COMPASSACCELERO_IO_Init
 .text.COMPASSACCELERO_IO_ITConfig
                0x000000000800131c       0x60 ./Drivers/BSP/STM32F411E-Discovery/stm32f411e_discovery.o
                0x000000000800131c                COMPASSACCELERO_IO_ITConfig
 .text.COMPASSACCELERO_IO_Write
                0x000000000800137c       0x26 ./Drivers/BSP/STM32F411E-Discovery/stm32f411e_discovery.o
                0x000000000800137c                COMPASSACCELERO_IO_Write
 .text.COMPASSACCELERO_IO_Read
                0x00000000080013a2       0x26 ./Drivers/BSP/STM32F411E-Discovery/stm32f411e_discovery.o
                0x00000000080013a2                COMPASSACCELERO_IO_Read
 .text.BSP_ACCELERO_Init
                0x00000000080013c8      0x184 ./Drivers/BSP/STM32F411E-Discovery/stm32f411e_discovery_accelerometer.o
                0x00000000080013c8                BSP_ACCELERO_Init
 .text.BSP_ACCELERO_GetXYZ
                0x000000000800154c       0x58 ./Drivers/BSP/STM32F411E-Discovery/stm32f411e_discovery_accelerometer.o
                0x000000000800154c                BSP_ACCELERO_GetXYZ
 .text.HAL_Init
                0x00000000080015a4       0x44 ./Drivers/STM32F4xx_HAL_Driver/Src/stm32f4xx_hal.o
                0x00000000080015a4                HAL_Init
 .text.HAL_InitTick
                0x00000000080015e8       0x60 ./Drivers/STM32F4xx_HAL_Driver/Src/stm32f4xx_hal.o
                0x00000000080015e8                HAL_InitTick
 .text.HAL_IncTick
                0x0000000008001648       0x28 ./Drivers/STM32F4xx_HAL_Driver/Src/stm32f4xx_hal.o
                0x0000000008001648                HAL_IncTick
 .text.HAL_GetTick
                0x0000000008001670       0x18 ./Drivers/STM32F4xx_HAL_Driver/Src/stm32f4xx_hal.o
                0x0000000008001670                HAL_GetTick
 .text.__NVIC_SetPriorityGrouping
                0x0000000008001688       0x48 ./Drivers/STM32F4xx_HAL_Driver/Src/stm32f4xx_hal_cortex.o
 .text.__NVIC_GetPriorityGrouping
                0x00000000080016d0       0x1c ./Drivers/STM32F4xx_HAL_Driver/Src/stm32f4xx_hal_cortex.o
 .text.__NVIC_EnableIRQ
                0x00000000080016ec       0x3c ./Drivers/STM32F4xx_HAL_Driver/Src/stm32f4xx_hal_cortex.o
 .text.__NVIC_SetPriority
                0x0000000008001728       0x54 ./Drivers/STM32F4xx_HAL_Driver/Src/stm32f4xx_hal_cortex.o
 .text.NVIC_EncodePriority
                0x000000000800177c       0x66 ./Drivers/STM32F4xx_HAL_Driver/Src/stm32f4xx_hal_cortex.o
 *fill*         0x00000000080017e2        0x2 
 .text.SysTick_Config
                0x00000000080017e4       0x44 ./Drivers/STM32F4xx_HAL_Driver/Src/stm32f4xx_hal_cortex.o
 .text.HAL_NVIC_SetPriorityGrouping
                0x0000000008001828       0x16 ./Drivers/STM32F4xx_HAL_Driver/Src/stm32f4xx_hal_cortex.o
                0x0000000008001828                HAL_NVIC_SetPriorityGrouping
 .text.HAL_NVIC_SetPriority
                0x000000000800183e       0x38 ./Drivers/STM32F4xx_HAL_Driver/Src/stm32f4xx_hal_cortex.o
                0x000000000800183e                HAL_NVIC_SetPriority
 .text.HAL_NVIC_EnableIRQ
                0x0000000008001876       0x1c ./Drivers/STM32F4xx_HAL_Driver/Src/stm32f4xx_hal_cortex.o
                0x0000000008001876                HAL_NVIC_EnableIRQ
 .text.HAL_SYSTICK_Config
                0x0000000008001892       0x18 ./Drivers/STM32F4xx_HAL_Driver/Src/stm32f4xx_hal_cortex.o
                0x0000000008001892                HAL_SYSTICK_Config
 *fill*         0x00000000080018aa        0x2 
 .text.HAL_GPIO_Init
                0x00000000080018ac      0x308 ./Drivers/STM32F4xx_HAL_Driver/Src/stm32f4xx_hal_gpio.o
                0x00000000080018ac                HAL_GPIO_Init
 .text.HAL_GPIO_DeInit
                0x0000000008001bb4      0x1c8 ./Drivers/STM32F4xx_HAL_Driver/Src/stm32f4xx_hal_gpio.o
                0x0000000008001bb4                HAL_GPIO_DeInit
 .text.HAL_GPIO_WritePin
                0x0000000008001d7c       0x32 ./Drivers/STM32F4xx_HAL_Driver/Src/stm32f4xx_hal_gpio.o
                0x0000000008001d7c                HAL_GPIO_WritePin
 .text.HAL_HCD_IRQHandler
                0x0000000008001dae      0x216 ./Drivers/STM32F4xx_HAL_Driver/Src/stm32f4xx_hal_hcd.o
                0x0000000008001dae                HAL_HCD_IRQHandler
 .text.HAL_HCD_Stop
                0x0000000008001fc4       0x3a ./Drivers/STM32F4xx_HAL_Driver/Src/stm32f4xx_hal_hcd.o
                0x0000000008001fc4                HAL_HCD_Stop
 .text.HCD_HC_IN_IRQHandler
                0x0000000008001ffe      0x6aa ./Drivers/STM32F4xx_HAL_Driver/Src/stm32f4xx_hal_hcd.o
 .text.HCD_HC_OUT_IRQHandler
                0x00000000080026a8      0x6d2 ./Drivers/STM32F4xx_HAL_Driver/Src/stm32f4xx_hal_hcd.o
 .text.HCD_RXQLVL_IRQHandler
                0x0000000008002d7a      0x1a4 ./Drivers/STM32F4xx_HAL_Driver/Src/stm32f4xx_hal_hcd.o
 .text.HCD_Port_IRQHandler
                0x0000000008002f1e       0xe6 ./Drivers/STM32F4xx_HAL_Driver/Src/stm32f4xx_hal_hcd.o
 .text.HAL_I2C_Init
                0x0000000008003004      0x288 ./Drivers/STM32F4xx_HAL_Driver/Src/stm32f4xx_hal_i2c.o
                0x0000000008003004                HAL_I2C_Init
 .text.HAL_I2C_DeInit
                0x000000000800328c       0x5e ./Drivers/STM32F4xx_HAL_Driver/Src/stm32f4xx_hal_i2c.o
                0x000000000800328c                HAL_I2C_DeInit
 *fill*         0x00000000080032ea        0x2 
 .text.HAL_I2C_Mem_Write
                0x00000000080032ec      0x1f4 ./Drivers/STM32F4xx_HAL_Driver/Src/stm32f4xx_hal_i2c.o
                0x00000000080032ec                HAL_I2C_Mem_Write
 .text.HAL_I2C_Mem_Read
                0x00000000080034e0      0x44c ./Drivers/STM32F4xx_HAL_Driver/Src/stm32f4xx_hal_i2c.o
                0x00000000080034e0                HAL_I2C_Mem_Read
 .text.HAL_I2C_GetState
                0x000000000800392c       0x1c ./Drivers/STM32F4xx_HAL_Driver/Src/stm32f4xx_hal_i2c.o
                0x000000000800392c                HAL_I2C_GetState
 .text.I2C_RequestMemoryWrite
                0x0000000008003948      0x12c ./Drivers/STM32F4xx_HAL_Driver/Src/stm32f4xx_hal_i2c.o
 .text.I2C_RequestMemoryRead
                0x0000000008003a74      0x1d0 ./Drivers/STM32F4xx_HAL_Driver/Src/stm32f4xx_hal_i2c.o
 .text.I2C_WaitOnFlagUntilTimeout
                0x0000000008003c44       0xae ./Drivers/STM32F4xx_HAL_Driver/Src/stm32f4xx_hal_i2c.o
 .text.I2C_WaitOnMasterAddressFlagUntilTimeout
                0x0000000008003cf2       0xfe ./Drivers/STM32F4xx_HAL_Driver/Src/stm32f4xx_hal_i2c.o
 .text.I2C_WaitOnTXEFlagUntilTimeout
                0x0000000008003df0       0x82 ./Drivers/STM32F4xx_HAL_Driver/Src/stm32f4xx_hal_i2c.o
 .text.I2C_WaitOnBTFFlagUntilTimeout
                0x0000000008003e72       0x82 ./Drivers/STM32F4xx_HAL_Driver/Src/stm32f4xx_hal_i2c.o
 .text.I2C_WaitOnRXNEFlagUntilTimeout
                0x0000000008003ef4       0xac ./Drivers/STM32F4xx_HAL_Driver/Src/stm32f4xx_hal_i2c.o
 .text.I2C_IsAcknowledgeFailed
                0x0000000008003fa0       0x5e ./Drivers/STM32F4xx_HAL_Driver/Src/stm32f4xx_hal_i2c.o
 *fill*         0x0000000008003ffe        0x2 
 .text.HAL_I2S_Init
                0x0000000008004000      0x280 ./Drivers/STM32F4xx_HAL_Driver/Src/stm32f4xx_hal_i2s.o
                0x0000000008004000                HAL_I2S_Init
 .text.HAL_I2S_TxCpltCallback
                0x0000000008004280       0x14 ./Drivers/STM32F4xx_HAL_Driver/Src/stm32f4xx_hal_i2s.o
                0x0000000008004280                HAL_I2S_TxCpltCallback
 .text.HAL_I2S_RxCpltCallback
                0x0000000008004294       0x14 ./Drivers/STM32F4xx_HAL_Driver/Src/stm32f4xx_hal_i2s.o
                0x0000000008004294                HAL_I2S_RxCpltCallback
 .text.HAL_I2S_ErrorCallback
                0x00000000080042a8       0x14 ./Drivers/STM32F4xx_HAL_Driver/Src/stm32f4xx_hal_i2s.o
                0x00000000080042a8                HAL_I2S_ErrorCallback
 .text.I2S_Transmit_IT
                0x00000000080042bc       0x5c ./Drivers/STM32F4xx_HAL_Driver/Src/stm32f4xx_hal_i2s.o
 .text.I2S_Receive_IT
                0x0000000008004318       0x5e ./Drivers/STM32F4xx_HAL_Driver/Src/stm32f4xx_hal_i2s.o
 .text.I2S_IRQHandler
                0x0000000008004376      0x114 ./Drivers/STM32F4xx_HAL_Driver/Src/stm32f4xx_hal_i2s.o
 *fill*         0x000000000800448a        0x2 
 .text.HAL_I2SEx_FullDuplex_IRQHandler
                0x000000000800448c      0x2a8 ./Drivers/STM32F4xx_HAL_Driver/Src/stm32f4xx_hal_i2s_ex.o
                0x000000000800448c                HAL_I2SEx_FullDuplex_IRQHandler
 .text.HAL_I2SEx_TxRxCpltCallback
                0x0000000008004734       0x14 ./Drivers/STM32F4xx_HAL_Driver/Src/stm32f4xx_hal_i2s_ex.o
                0x0000000008004734                HAL_I2SEx_TxRxCpltCallback
 .text.I2SEx_TxISR_I2S
                0x0000000008004748       0x62 ./Drivers/STM32F4xx_HAL_Driver/Src/stm32f4xx_hal_i2s_ex.o
 *fill*         0x00000000080047aa        0x2 
 .text.I2SEx_TxISR_I2SExt
                0x00000000080047ac       0x98 ./Drivers/STM32F4xx_HAL_Driver/Src/stm32f4xx_hal_i2s_ex.o
 .text.I2SEx_RxISR_I2S
                0x0000000008004844       0x64 ./Drivers/STM32F4xx_HAL_Driver/Src/stm32f4xx_hal_i2s_ex.o
 .text.I2SEx_RxISR_I2SExt
                0x00000000080048a8       0x98 ./Drivers/STM32F4xx_HAL_Driver/Src/stm32f4xx_hal_i2s_ex.o
 .text.HAL_RCC_GetHCLKFreq
                0x0000000008004940       0x18 ./Drivers/STM32F4xx_HAL_Driver/Src/stm32f4xx_hal_rcc.o
                0x0000000008004940                HAL_RCC_GetHCLKFreq
 .text.HAL_RCC_GetPCLK1Freq
                0x0000000008004958       0x28 ./Drivers/STM32F4xx_HAL_Driver/Src/stm32f4xx_hal_rcc.o
                0x0000000008004958                HAL_RCC_GetPCLK1Freq
 .text.HAL_RCCEx_GetPeriphCLKFreq
                0x0000000008004980       0xc0 ./Drivers/STM32F4xx_HAL_Driver/Src/stm32f4xx_hal_rcc_ex.o
                0x0000000008004980                HAL_RCCEx_GetPeriphCLKFreq
 .text.HAL_SPI_Init
                0x0000000008004a40      0x112 ./Drivers/STM32F4xx_HAL_Driver/Src/stm32f4xx_hal_spi.o
                0x0000000008004a40                HAL_SPI_Init
 .text.USB_EnableGlobalInt
                0x0000000008004b52       0x22 ./Drivers/STM32F4xx_HAL_Driver/Src/stm32f4xx_ll_usb.o
                0x0000000008004b52                USB_EnableGlobalInt
 .text.USB_DisableGlobalInt
                0x0000000008004b74       0x22 ./Drivers/STM32F4xx_HAL_Driver/Src/stm32f4xx_ll_usb.o
                0x0000000008004b74                USB_DisableGlobalInt
 *fill*         0x0000000008004b96        0x2 
 .text.USB_FlushTxFifo
                0x0000000008004b98       0x68 ./Drivers/STM32F4xx_HAL_Driver/Src/stm32f4xx_ll_usb.o
                0x0000000008004b98                USB_FlushTxFifo
 .text.USB_FlushRxFifo
                0x0000000008004c00       0x60 ./Drivers/STM32F4xx_HAL_Driver/Src/stm32f4xx_ll_usb.o
                0x0000000008004c00                USB_FlushRxFifo
 .text.USB_ReadPacket
                0x0000000008004c60       0xb0 ./Drivers/STM32F4xx_HAL_Driver/Src/stm32f4xx_ll_usb.o
                0x0000000008004c60                USB_ReadPacket
 .text.USB_ReadInterrupts
                0x0000000008004d10       0x26 ./Drivers/STM32F4xx_HAL_Driver/Src/stm32f4xx_ll_usb.o
                0x0000000008004d10                USB_ReadInterrupts
 .text.USB_GetMode
                0x0000000008004d36       0x1c ./Drivers/STM32F4xx_HAL_Driver/Src/stm32f4xx_ll_usb.o
                0x0000000008004d36                USB_GetMode
 .text.USB_InitFSLSPClkSel
                0x0000000008004d52       0x74 ./Drivers/STM32F4xx_HAL_Driver/Src/stm32f4xx_ll_usb.o
                0x0000000008004d52                USB_InitFSLSPClkSel
 .text.USB_HC_ReadInterrupt
                0x0000000008004dc6       0x22 ./Drivers/STM32F4xx_HAL_Driver/Src/stm32f4xx_ll_usb.o
                0x0000000008004dc6                USB_HC_ReadInterrupt
 .text.USB_HC_Halt
                0x0000000008004de8      0x1f8 ./Drivers/STM32F4xx_HAL_Driver/Src/stm32f4xx_ll_usb.o
                0x0000000008004de8                USB_HC_Halt
 .text.USB_StopHost
                0x0000000008004fe0      0x124 ./Drivers/STM32F4xx_HAL_Driver/Src/stm32f4xx_ll_usb.o
                0x0000000008004fe0                USB_StopHost
 .text.USBH_LL_IncTimer
                0x0000000008005104       0x24 ./Middlewares/ST/STM32_USB_Host_Library/Core/Src/usbh_core.o
                0x0000000008005104                USBH_LL_IncTimer
 .text.USBH_HandleSof
                0x0000000008005128       0x30 ./Middlewares/ST/STM32_USB_Host_Library/Core/Src/usbh_core.o
 .text.USBH_LL_PortEnabled
                0x0000000008005158       0x1c ./Middlewares/ST/STM32_USB_Host_Library/Core/Src/usbh_core.o
                0x0000000008005158                USBH_LL_PortEnabled
 .text.USBH_LL_PortDisabled
                0x0000000008005174       0x1c ./Middlewares/ST/STM32_USB_Host_Library/Core/Src/usbh_core.o
                0x0000000008005174                USBH_LL_PortDisabled
 .text.USBH_LL_Connect
                0x0000000008005190       0x2e ./Middlewares/ST/STM32_USB_Host_Library/Core/Src/usbh_core.o
                0x0000000008005190                USBH_LL_Connect
 .text.USBH_LL_Disconnect
                0x00000000080051be       0x48 ./Middlewares/ST/STM32_USB_Host_Library/Core/Src/usbh_core.o
                0x00000000080051be                USBH_LL_Disconnect
 .text.USBH_FreePipe
                0x0000000008005206       0x3c ./Middlewares/ST/STM32_USB_Host_Library/Core/Src/usbh_pipes.o
                0x0000000008005206                USBH_FreePipe
 .text.HAL_HCD_SOF_Callback
                0x0000000008005242       0x1c ./USB_HOST/Target/usbh_conf.o
                0x0000000008005242                HAL_HCD_SOF_Callback
 .text.HAL_HCD_Connect_Callback
                0x000000000800525e       0x1c ./USB_HOST/Target/usbh_conf.o
                0x000000000800525e                HAL_HCD_Connect_Callback
 .text.HAL_HCD_Disconnect_Callback
                0x000000000800527a       0x1c ./USB_HOST/Target/usbh_conf.o
                0x000000000800527a                HAL_HCD_Disconnect_Callback
 .text.HAL_HCD_HC_NotifyURBChange_Callback
                0x0000000008005296       0x1c ./USB_HOST/Target/usbh_conf.o
                0x0000000008005296                HAL_HCD_HC_NotifyURBChange_Callback
 .text.HAL_HCD_PortEnabled_Callback
                0x00000000080052b2       0x1c ./USB_HOST/Target/usbh_conf.o
                0x00000000080052b2                HAL_HCD_PortEnabled_Callback
 .text.HAL_HCD_PortDisabled_Callback
                0x00000000080052ce       0x1c ./USB_HOST/Target/usbh_conf.o
                0x00000000080052ce                HAL_HCD_PortDisabled_Callback
 .text.USBH_LL_Stop
                0x00000000080052ea       0x36 ./USB_HOST/Target/usbh_conf.o
                0x00000000080052ea                USBH_LL_Stop
 .text.USBH_Get_USB_Status
                0x0000000008005320       0x58 ./USB_HOST/Target/usbh_conf.o
                0x0000000008005320                USBH_Get_USB_Status
 .text.__libc_init_array
                0x0000000008005378       0x48 c:/st/stm32cubeide_1.10.1/stm32cubeide/plugins/com.st.stm32cube.ide.mcu.externaltools.gnu-tools-for-stm32.10.3-2021.10.win32_1.0.0.202111181127/tools/bin/../lib/gcc/arm-none-eabi/10.3.1/../../../../arm-none-eabi/lib/thumb/v7e-m+fp/hard\libc_nano.a(lib_a-init.o)
                0x0000000008005378                __libc_init_array
 *(.glue_7)
 .glue_7        0x00000000080053c0        0x0 linker stubs
 *(.glue_7t)
 .glue_7t       0x00000000080053c0        0x0 linker stubs
 *(.eh_frame)
 .eh_frame      0x00000000080053c0        0x0 c:/st/stm32cubeide_1.10.1/stm32cubeide/plugins/com.st.stm32cube.ide.mcu.externaltools.gnu-tools-for-stm32.10.3-2021.10.win32_1.0.0.202111181127/tools/bin/../lib/gcc/arm-none-eabi/10.3.1/thumb/v7e-m+fp/hard/crtbegin.o
 *(.init)
 .init          0x00000000080053c0        0x4 c:/st/stm32cubeide_1.10.1/stm32cubeide/plugins/com.st.stm32cube.ide.mcu.externaltools.gnu-tools-for-stm32.10.3-2021.10.win32_1.0.0.202111181127/tools/bin/../lib/gcc/arm-none-eabi/10.3.1/thumb/v7e-m+fp/hard/crti.o
                0x00000000080053c0                _init
 .init          0x00000000080053c4        0x8 c:/st/stm32cubeide_1.10.1/stm32cubeide/plugins/com.st.stm32cube.ide.mcu.externaltools.gnu-tools-for-stm32.10.3-2021.10.win32_1.0.0.202111181127/tools/bin/../lib/gcc/arm-none-eabi/10.3.1/thumb/v7e-m+fp/hard/crtn.o
 *(.fini)
 .fini          0x00000000080053cc        0x4 c:/st/stm32cubeide_1.10.1/stm32cubeide/plugins/com.st.stm32cube.ide.mcu.externaltools.gnu-tools-for-stm32.10.3-2021.10.win32_1.0.0.202111181127/tools/bin/../lib/gcc/arm-none-eabi/10.3.1/thumb/v7e-m+fp/hard/crti.o
                0x00000000080053cc                _fini
 .fini          0x00000000080053d0        0x8 c:/st/stm32cubeide_1.10.1/stm32cubeide/plugins/com.st.stm32cube.ide.mcu.externaltools.gnu-tools-for-stm32.10.3-2021.10.win32_1.0.0.202111181127/tools/bin/../lib/gcc/arm-none-eabi/10.3.1/thumb/v7e-m+fp/hard/crtn.o
                0x00000000080053d8                . = ALIGN (0x4)
                0x00000000080053d8                _etext = .

.vfp11_veneer   0x00000000080053d8        0x0
 .vfp11_veneer  0x00000000080053d8        0x0 linker stubs

.v4_bx          0x00000000080053d8        0x0
 .v4_bx         0x00000000080053d8        0x0 linker stubs

.iplt           0x00000000080053d8        0x0
 .iplt          0x00000000080053d8        0x0 c:/st/stm32cubeide_1.10.1/stm32cubeide/plugins/com.st.stm32cube.ide.mcu.externaltools.gnu-tools-for-stm32.10.3-2021.10.win32_1.0.0.202111181127/tools/bin/../lib/gcc/arm-none-eabi/10.3.1/thumb/v7e-m+fp/hard/crtbegin.o

.rodata         0x00000000080053d8        0x8
                0x00000000080053d8                . = ALIGN (0x4)
 *(.rodata)
 *(.rodata*)
 .rodata.APBPrescTable
                0x00000000080053d8        0x8 ./Core/Src/system_stm32f4xx.o
                0x00000000080053d8                APBPrescTable
                0x00000000080053e0                . = ALIGN (0x4)

.rel.dyn        0x00000000080053e0        0x0
 .rel.iplt      0x00000000080053e0        0x0 c:/st/stm32cubeide_1.10.1/stm32cubeide/plugins/com.st.stm32cube.ide.mcu.externaltools.gnu-tools-for-stm32.10.3-2021.10.win32_1.0.0.202111181127/tools/bin/../lib/gcc/arm-none-eabi/10.3.1/thumb/v7e-m+fp/hard/crtbegin.o

.ARM.extab      0x00000000080053e0        0x0
                0x00000000080053e0                . = ALIGN (0x4)
 *(.ARM.extab* .gnu.linkonce.armextab.*)
                0x00000000080053e0                . = ALIGN (0x4)

.ARM            0x00000000080053e0        0x0
                0x00000000080053e0                . = ALIGN (0x4)
                0x00000000080053e0                __exidx_start = .
 *(.ARM.exidx*)
                0x00000000080053e0                __exidx_end = .
                0x00000000080053e0                . = ALIGN (0x4)

.preinit_array  0x00000000080053e0        0x0
                0x00000000080053e0                . = ALIGN (0x4)
                0x00000000080053e0                PROVIDE (__preinit_array_start = .)
 *(.preinit_array*)
                0x00000000080053e0                PROVIDE (__preinit_array_end = .)
                0x00000000080053e0                . = ALIGN (0x4)

.init_array     0x00000000080053e0        0x4
                0x00000000080053e0                . = ALIGN (0x4)
                0x00000000080053e0                PROVIDE (__init_array_start = .)
 *(SORT_BY_NAME(.init_array.*))
 *(.init_array*)
 .init_array    0x00000000080053e0        0x4 c:/st/stm32cubeide_1.10.1/stm32cubeide/plugins/com.st.stm32cube.ide.mcu.externaltools.gnu-tools-for-stm32.10.3-2021.10.win32_1.0.0.202111181127/tools/bin/../lib/gcc/arm-none-eabi/10.3.1/thumb/v7e-m+fp/hard/crtbegin.o
                0x00000000080053e4                PROVIDE (__init_array_end = .)
                0x00000000080053e4                . = ALIGN (0x4)

.fini_array     0x00000000080053e4        0x4
                0x00000000080053e4                . = ALIGN (0x4)
                [!provide]                        PROVIDE (__fini_array_start = .)
 *(SORT_BY_NAME(.fini_array.*))
 *(.fini_array*)
 .fini_array    0x00000000080053e4        0x4 c:/st/stm32cubeide_1.10.1/stm32cubeide/plugins/com.st.stm32cube.ide.mcu.externaltools.gnu-tools-for-stm32.10.3-2021.10.win32_1.0.0.202111181127/tools/bin/../lib/gcc/arm-none-eabi/10.3.1/thumb/v7e-m+fp/hard/crtbegin.o
                [!provide]                        PROVIDE (__fini_array_end = .)
                0x00000000080053e8                . = ALIGN (0x4)
                0x00000000080053e8                _sidata = LOADADDR (.data)

.data           0x0000000020000000       0x78 load address 0x00000000080053e8
                0x0000000020000000                . = ALIGN (0x4)
                0x0000000020000000                _sdata = .
 *(.data)
 *(.data*)
 .data.SystemCoreClock
                0x0000000020000000        0x4 ./Core/Src/system_stm32f4xx.o
                0x0000000020000000                SystemCoreClock
 .data.Lsm303agrDrv
                0x0000000020000004       0x34 ./Drivers/BSP/Components/lsm303agr/lsm303agr.o
                0x0000000020000004                Lsm303agrDrv
 .data.Lsm303dlhcDrv
                0x0000000020000038       0x34 ./Drivers/BSP/Components/lsm303dlhc/lsm303dlhc.o
                0x0000000020000038                Lsm303dlhcDrv
 .data.I2cxTimeout
                0x000000002000006c        0x4 ./Drivers/BSP/STM32F411E-Discovery/stm32f411e_discovery.o
                0x000000002000006c                I2cxTimeout
 .data.uwTickPrio
                0x0000000020000070        0x4 ./Drivers/STM32F4xx_HAL_Driver/Src/stm32f4xx_hal.o
                0x0000000020000070                uwTickPrio
 .data.uwTickFreq
                0x0000000020000074        0x1 ./Drivers/STM32F4xx_HAL_Driver/Src/stm32f4xx_hal.o
                0x0000000020000074                uwTickFreq
 *(.RamFunc)
 *(.RamFunc*)
                0x0000000020000078                . = ALIGN (0x4)
 *fill*         0x0000000020000075        0x3 
                0x0000000020000078                _edata = .

.igot.plt       0x0000000020000078        0x0 load address 0x0000000008005460
 .igot.plt      0x0000000020000078        0x0 c:/st/stm32cubeide_1.10.1/stm32cubeide/plugins/com.st.stm32cube.ide.mcu.externaltools.gnu-tools-for-stm32.10.3-2021.10.win32_1.0.0.202111181127/tools/bin/../lib/gcc/arm-none-eabi/10.3.1/thumb/v7e-m+fp/hard/crtbegin.o
                0x0000000020000078                . = ALIGN (0x4)

.bss            0x0000000020000078      0x4b8 load address 0x0000000008005460
                0x0000000020000078                _sbss = .
                0x0000000020000078                __bss_start__ = _sbss
 *(.bss)
 .bss           0x0000000020000078       0x1c c:/st/stm32cubeide_1.10.1/stm32cubeide/plugins/com.st.stm32cube.ide.mcu.externaltools.gnu-tools-for-stm32.10.3-2021.10.win32_1.0.0.202111181127/tools/bin/../lib/gcc/arm-none-eabi/10.3.1/thumb/v7e-m+fp/hard/crtbegin.o
 *(.bss*)
 .bss.hi2c1     0x0000000020000094       0x54 ./Core/Src/main.o
                0x0000000020000094                hi2c1
 .bss.hi2s2     0x00000000200000e8       0x48 ./Core/Src/main.o
                0x00000000200000e8                hi2s2
 .bss.hi2s3     0x0000000020000130       0x48 ./Core/Src/main.o
                0x0000000020000130                hi2s3
 .bss.hspi1     0x0000000020000178       0x58 ./Core/Src/main.o
                0x0000000020000178                hspi1
 .bss.I2cHandle
                0x00000000200001d0       0x54 ./Drivers/BSP/STM32F411E-Discovery/stm32f411e_discovery.o
 .bss.AccelerometerDrv
                0x0000000020000224        0x4 ./Drivers/BSP/STM32F411E-Discovery/stm32f411e_discovery_accelerometer.o
 .bss.uwTick    0x0000000020000228        0x4 ./Drivers/STM32F4xx_HAL_Driver/Src/stm32f4xx_hal.o
                0x0000000020000228                uwTick
 .bss.hhcd_USB_OTG_FS
                0x000000002000022c      0x304 ./USB_HOST/Target/usbh_conf.o
                0x000000002000022c                hhcd_USB_OTG_FS
 *(COMMON)
                0x0000000020000530                . = ALIGN (0x4)
                0x0000000020000530                _ebss = .
                0x0000000020000530                __bss_end__ = _ebss

._user_heap_stack
                0x0000000020000530      0x600 load address 0x0000000008005460
                0x0000000020000530                . = ALIGN (0x8)
                [!provide]                        PROVIDE (end = .)
                0x0000000020000530                PROVIDE (_end = .)
                0x0000000020000730                . = (. + _Min_Heap_Size)
 *fill*         0x0000000020000530      0x200 
                0x0000000020000b30                . = (. + _Min_Stack_Size)
 *fill*         0x0000000020000730      0x400 
                0x0000000020000b30                . = ALIGN (0x8)

/DISCARD/
 libc.a(*)
 libm.a(*)
 libgcc.a(*)

.ARM.attributes
                0x0000000000000000       0x30
 *(.ARM.attributes)
 .ARM.attributes
                0x0000000000000000       0x1e c:/st/stm32cubeide_1.10.1/stm32cubeide/plugins/com.st.stm32cube.ide.mcu.externaltools.gnu-tools-for-stm32.10.3-2021.10.win32_1.0.0.202111181127/tools/bin/../lib/gcc/arm-none-eabi/10.3.1/thumb/v7e-m+fp/hard/crti.o
 .ARM.attributes
                0x000000000000001e       0x34 c:/st/stm32cubeide_1.10.1/stm32cubeide/plugins/com.st.stm32cube.ide.mcu.externaltools.gnu-tools-for-stm32.10.3-2021.10.win32_1.0.0.202111181127/tools/bin/../lib/gcc/arm-none-eabi/10.3.1/thumb/v7e-m+fp/hard/crtbegin.o
 .ARM.attributes
                0x0000000000000052       0x34 ./Core/Src/main.o
 .ARM.attributes
                0x0000000000000086       0x34 ./Core/Src/stm32f4xx_hal_msp.o
 .ARM.attributes
                0x00000000000000ba       0x34 ./Core/Src/stm32f4xx_it.o
 .ARM.attributes
                0x00000000000000ee       0x34 ./Core/Src/system_stm32f4xx.o
 .ARM.attributes
                0x0000000000000122       0x21 ./Core/Startup/startup_stm32f411vetx.o
 .ARM.attributes
                0x0000000000000143       0x34 ./Drivers/BSP/Components/lsm303agr/lsm303agr.o
 .ARM.attributes
                0x0000000000000177       0x34 ./Drivers/BSP/Components/lsm303dlhc/lsm303dlhc.o
 .ARM.attributes
                0x00000000000001ab       0x34 ./Drivers/BSP/STM32F411E-Discovery/stm32f411e_discovery.o
 .ARM.attributes
                0x00000000000001df       0x34 ./Drivers/BSP/STM32F411E-Discovery/stm32f411e_discovery_accelerometer.o
 .ARM.attributes
                0x0000000000000213       0x34 ./Drivers/STM32F4xx_HAL_Driver/Src/stm32f4xx_hal.o
 .ARM.attributes
                0x0000000000000247       0x34 ./Drivers/STM32F4xx_HAL_Driver/Src/stm32f4xx_hal_cortex.o
 .ARM.attributes
                0x000000000000027b       0x34 ./Drivers/STM32F4xx_HAL_Driver/Src/stm32f4xx_hal_gpio.o
 .ARM.attributes
                0x00000000000002af       0x34 ./Drivers/STM32F4xx_HAL_Driver/Src/stm32f4xx_hal_hcd.o
 .ARM.attributes
                0x00000000000002e3       0x34 ./Drivers/STM32F4xx_HAL_Driver/Src/stm32f4xx_hal_i2c.o
 .ARM.attributes
                0x0000000000000317       0x34 ./Drivers/STM32F4xx_HAL_Driver/Src/stm32f4xx_hal_i2s.o
 .ARM.attributes
                0x000000000000034b       0x34 ./Drivers/STM32F4xx_HAL_Driver/Src/stm32f4xx_hal_i2s_ex.o
 .ARM.attributes
                0x000000000000037f       0x34 ./Drivers/STM32F4xx_HAL_Driver/Src/stm32f4xx_hal_rcc.o
 .ARM.attributes
                0x00000000000003b3       0x34 ./Drivers/STM32F4xx_HAL_Driver/Src/stm32f4xx_hal_rcc_ex.o
 .ARM.attributes
                0x00000000000003e7       0x34 ./Drivers/STM32F4xx_HAL_Driver/Src/stm32f4xx_hal_spi.o
 .ARM.attributes
                0x000000000000041b       0x34 ./Drivers/STM32F4xx_HAL_Driver/Src/stm32f4xx_ll_usb.o
 .ARM.attributes
                0x000000000000044f       0x34 ./Middlewares/ST/STM32_USB_Host_Library/Core/Src/usbh_core.o
 .ARM.attributes
                0x0000000000000483       0x34 ./Middlewares/ST/STM32_USB_Host_Library/Core/Src/usbh_pipes.o
 .ARM.attributes
                0x00000000000004b7       0x34 ./USB_HOST/Target/usbh_conf.o
 .ARM.attributes
                0x00000000000004eb       0x34 c:/st/stm32cubeide_1.10.1/stm32cubeide/plugins/com.st.stm32cube.ide.mcu.externaltools.gnu-tools-for-stm32.10.3-2021.10.win32_1.0.0.202111181127/tools/bin/../lib/gcc/arm-none-eabi/10.3.1/../../../../arm-none-eabi/lib/thumb/v7e-m+fp/hard\libc_nano.a(lib_a-init.o)
 .ARM.attributes
                0x000000000000051f       0x1e c:/st/stm32cubeide_1.10.1/stm32cubeide/plugins/com.st.stm32cube.ide.mcu.externaltools.gnu-tools-for-stm32.10.3-2021.10.win32_1.0.0.202111181127/tools/bin/../lib/gcc/arm-none-eabi/10.3.1/thumb/v7e-m+fp/hard/crtn.o
OUTPUT(DriverSetup.elf elf32-littlearm)
LOAD linker stubs
LOAD c:/st/stm32cubeide_1.10.1/stm32cubeide/plugins/com.st.stm32cube.ide.mcu.externaltools.gnu-tools-for-stm32.10.3-2021.10.win32_1.0.0.202111181127/tools/bin/../lib/gcc/arm-none-eabi/10.3.1/../../../../arm-none-eabi/lib/thumb/v7e-m+fp/hard\libc.a
LOAD c:/st/stm32cubeide_1.10.1/stm32cubeide/plugins/com.st.stm32cube.ide.mcu.externaltools.gnu-tools-for-stm32.10.3-2021.10.win32_1.0.0.202111181127/tools/bin/../lib/gcc/arm-none-eabi/10.3.1/../../../../arm-none-eabi/lib/thumb/v7e-m+fp/hard\libm.a
LOAD c:/st/stm32cubeide_1.10.1/stm32cubeide/plugins/com.st.stm32cube.ide.mcu.externaltools.gnu-tools-for-stm32.10.3-2021.10.win32_1.0.0.202111181127/tools/bin/../lib/gcc/arm-none-eabi/10.3.1/thumb/v7e-m+fp/hard\libgcc.a

.debug_info     0x0000000000000000    0x140b0
 .debug_info    0x0000000000000000     0x1322 ./Core/Src/main.o
 .debug_info    0x0000000000001322     0x100a ./Core/Src/stm32f4xx_hal_msp.o
 .debug_info    0x000000000000232c      0x675 ./Core/Src/stm32f4xx_it.o
 .debug_info    0x00000000000029a1      0x54f ./Core/Src/system_stm32f4xx.o
 .debug_info    0x0000000000002ef0       0x22 ./Core/Startup/startup_stm32f411vetx.o
 .debug_info    0x0000000000002f12      0x6f2 ./Drivers/BSP/Components/lsm303agr/lsm303agr.o
 .debug_info    0x0000000000003604      0x6ac ./Drivers/BSP/Components/lsm303dlhc/lsm303dlhc.o
 .debug_info    0x0000000000003cb0     0x1776 ./Drivers/BSP/STM32F411E-Discovery/stm32f411e_discovery.o
 .debug_info    0x0000000000005426      0x3bf ./Drivers/BSP/STM32F411E-Discovery/stm32f411e_discovery_accelerometer.o
 .debug_info    0x00000000000057e5      0x90d ./Drivers/STM32F4xx_HAL_Driver/Src/stm32f4xx_hal.o
 .debug_info    0x00000000000060f2      0xd8b ./Drivers/STM32F4xx_HAL_Driver/Src/stm32f4xx_hal_cortex.o
 .debug_info    0x0000000000006e7d      0x78e ./Drivers/STM32F4xx_HAL_Driver/Src/stm32f4xx_hal_gpio.o
 .debug_info    0x000000000000760b     0x10c6 ./Drivers/STM32F4xx_HAL_Driver/Src/stm32f4xx_hal_hcd.o
 .debug_info    0x00000000000086d1     0x260f ./Drivers/STM32F4xx_HAL_Driver/Src/stm32f4xx_hal_i2c.o
 .debug_info    0x000000000000ace0      0xeae ./Drivers/STM32F4xx_HAL_Driver/Src/stm32f4xx_hal_i2s.o
 .debug_info    0x000000000000bb8e      0xb73 ./Drivers/STM32F4xx_HAL_Driver/Src/stm32f4xx_hal_i2s_ex.o
 .debug_info    0x000000000000c701      0x98d ./Drivers/STM32F4xx_HAL_Driver/Src/stm32f4xx_hal_rcc.o
 .debug_info    0x000000000000d08e      0x5d9 ./Drivers/STM32F4xx_HAL_Driver/Src/stm32f4xx_hal_rcc_ex.o
 .debug_info    0x000000000000d667     0x1750 ./Drivers/STM32F4xx_HAL_Driver/Src/stm32f4xx_hal_spi.o
 .debug_info    0x000000000000edb7     0x1a97 ./Drivers/STM32F4xx_HAL_Driver/Src/stm32f4xx_ll_usb.o
 .debug_info    0x000000000001084e     0x1065 ./Middlewares/ST/STM32_USB_Host_Library/Core/Src/usbh_core.o
 .debug_info    0x00000000000118b3      0xb34 ./Middlewares/ST/STM32_USB_Host_Library/Core/Src/usbh_pipes.o
 .debug_info    0x00000000000123e7     0x1cc9 ./USB_HOST/Target/usbh_conf.o

.debug_abbrev   0x0000000000000000     0x32e0
 .debug_abbrev  0x0000000000000000      0x25f ./Core/Src/main.o
 .debug_abbrev  0x000000000000025f      0x1e7 ./Core/Src/stm32f4xx_hal_msp.o
 .debug_abbrev  0x0000000000000446      0x199 ./Core/Src/stm32f4xx_it.o
 .debug_abbrev  0x00000000000005df      0x116 ./Core/Src/system_stm32f4xx.o
 .debug_abbrev  0x00000000000006f5       0x12 ./Core/Startup/startup_stm32f411vetx.o
 .debug_abbrev  0x0000000000000707      0x20f ./Drivers/BSP/Components/lsm303agr/lsm303agr.o
 .debug_abbrev  0x0000000000000916      0x1fc ./Drivers/BSP/Components/lsm303dlhc/lsm303dlhc.o
 .debug_abbrev  0x0000000000000b12      0x2e2 ./Drivers/BSP/STM32F411E-Discovery/stm32f411e_discovery.o
 .debug_abbrev  0x0000000000000df4      0x144 ./Drivers/BSP/STM32F411E-Discovery/stm32f411e_discovery_accelerometer.o
 .debug_abbrev  0x0000000000000f38      0x23e ./Drivers/STM32F4xx_HAL_Driver/Src/stm32f4xx_hal.o
 .debug_abbrev  0x0000000000001176      0x316 ./Drivers/STM32F4xx_HAL_Driver/Src/stm32f4xx_hal_cortex.o
 .debug_abbrev  0x000000000000148c      0x1c4 ./Drivers/STM32F4xx_HAL_Driver/Src/stm32f4xx_hal_gpio.o
 .debug_abbrev  0x0000000000001650      0x27e ./Drivers/STM32F4xx_HAL_Driver/Src/stm32f4xx_hal_hcd.o
 .debug_abbrev  0x00000000000018ce      0x2a8 ./Drivers/STM32F4xx_HAL_Driver/Src/stm32f4xx_hal_i2c.o
 .debug_abbrev  0x0000000000001b76      0x258 ./Drivers/STM32F4xx_HAL_Driver/Src/stm32f4xx_hal_i2s.o
 .debug_abbrev  0x0000000000001dce      0x289 ./Drivers/STM32F4xx_HAL_Driver/Src/stm32f4xx_hal_i2s_ex.o
 .debug_abbrev  0x0000000000002057      0x2aa ./Drivers/STM32F4xx_HAL_Driver/Src/stm32f4xx_hal_rcc.o
 .debug_abbrev  0x0000000000002301      0x1a8 ./Drivers/STM32F4xx_HAL_Driver/Src/stm32f4xx_hal_rcc_ex.o
 .debug_abbrev  0x00000000000024a9      0x26e ./Drivers/STM32F4xx_HAL_Driver/Src/stm32f4xx_hal_spi.o
 .debug_abbrev  0x0000000000002717      0x296 ./Drivers/STM32F4xx_HAL_Driver/Src/stm32f4xx_ll_usb.o
 .debug_abbrev  0x00000000000029ad      0x317 ./Middlewares/ST/STM32_USB_Host_Library/Core/Src/usbh_core.o
 .debug_abbrev  0x0000000000002cc4      0x270 ./Middlewares/ST/STM32_USB_Host_Library/Core/Src/usbh_pipes.o
 .debug_abbrev  0x0000000000002f34      0x3ac ./USB_HOST/Target/usbh_conf.o

.debug_aranges  0x0000000000000000     0x1198
 .debug_aranges
                0x0000000000000000       0x60 ./Core/Src/main.o
 .debug_aranges
                0x0000000000000060       0x50 ./Core/Src/stm32f4xx_hal_msp.o
 .debug_aranges
                0x00000000000000b0       0x68 ./Core/Src/stm32f4xx_it.o
 .debug_aranges
                0x0000000000000118       0x28 ./Core/Src/system_stm32f4xx.o
 .debug_aranges
                0x0000000000000140       0x28 ./Core/Startup/startup_stm32f411vetx.o
 .debug_aranges
                0x0000000000000168       0xb0 ./Drivers/BSP/Components/lsm303agr/lsm303agr.o
 .debug_aranges
                0x0000000000000218       0xb0 ./Drivers/BSP/Components/lsm303dlhc/lsm303dlhc.o
 .debug_aranges
                0x00000000000002c8       0xf0 ./Drivers/BSP/STM32F411E-Discovery/stm32f411e_discovery.o
 .debug_aranges
                0x00000000000003b8       0x38 ./Drivers/BSP/STM32F411E-Discovery/stm32f411e_discovery_accelerometer.o
 .debug_aranges
                0x00000000000003f0       0xf0 ./Drivers/STM32F4xx_HAL_Driver/Src/stm32f4xx_hal.o
 .debug_aranges
                0x00000000000004e0      0x118 ./Drivers/STM32F4xx_HAL_Driver/Src/stm32f4xx_hal_cortex.o
 .debug_aranges
                0x00000000000005f8       0x58 ./Drivers/STM32F4xx_HAL_Driver/Src/stm32f4xx_hal_gpio.o
 .debug_aranges
                0x0000000000000650       0xf8 ./Drivers/STM32F4xx_HAL_Driver/Src/stm32f4xx_hal_hcd.o
 .debug_aranges
                0x0000000000000748      0x2a0 ./Drivers/STM32F4xx_HAL_Driver/Src/stm32f4xx_hal_i2c.o
 .debug_aranges
                0x00000000000009e8      0x108 ./Drivers/STM32F4xx_HAL_Driver/Src/stm32f4xx_hal_i2s.o
 .debug_aranges
                0x0000000000000af0       0x88 ./Drivers/STM32F4xx_HAL_Driver/Src/stm32f4xx_hal_i2s_ex.o
 .debug_aranges
                0x0000000000000b78       0x88 ./Drivers/STM32F4xx_HAL_Driver/Src/stm32f4xx_hal_rcc.o
 .debug_aranges
                0x0000000000000c00       0x50 ./Drivers/STM32F4xx_HAL_Driver/Src/stm32f4xx_hal_rcc_ex.o
 .debug_aranges
                0x0000000000000c50      0x1d0 ./Drivers/STM32F4xx_HAL_Driver/Src/stm32f4xx_hal_spi.o
 .debug_aranges
                0x0000000000000e20      0x1a0 ./Drivers/STM32F4xx_HAL_Driver/Src/stm32f4xx_ll_usb.o
 .debug_aranges
                0x0000000000000fc0       0xc0 ./Middlewares/ST/STM32_USB_Host_Library/Core/Src/usbh_core.o
 .debug_aranges
                0x0000000000001080       0x40 ./Middlewares/ST/STM32_USB_Host_Library/Core/Src/usbh_pipes.o
 .debug_aranges
                0x00000000000010c0       0xd8 ./USB_HOST/Target/usbh_conf.o

.debug_ranges   0x0000000000000000     0x1048
 .debug_ranges  0x0000000000000000       0x50 ./Core/Src/main.o
 .debug_ranges  0x0000000000000050       0x40 ./Core/Src/stm32f4xx_hal_msp.o
 .debug_ranges  0x0000000000000090       0x58 ./Core/Src/stm32f4xx_it.o
 .debug_ranges  0x00000000000000e8       0x18 ./Core/Src/system_stm32f4xx.o
 .debug_ranges  0x0000000000000100       0x20 ./Core/Startup/startup_stm32f411vetx.o
 .debug_ranges  0x0000000000000120       0xa0 ./Drivers/BSP/Components/lsm303agr/lsm303agr.o
 .debug_ranges  0x00000000000001c0       0xa0 ./Drivers/BSP/Components/lsm303dlhc/lsm303dlhc.o
 .debug_ranges  0x0000000000000260       0xe0 ./Drivers/BSP/STM32F411E-Discovery/stm32f411e_discovery.o
 .debug_ranges  0x0000000000000340       0x28 ./Drivers/BSP/STM32F411E-Discovery/stm32f411e_discovery_accelerometer.o
 .debug_ranges  0x0000000000000368       0xe0 ./Drivers/STM32F4xx_HAL_Driver/Src/stm32f4xx_hal.o
 .debug_ranges  0x0000000000000448      0x108 ./Drivers/STM32F4xx_HAL_Driver/Src/stm32f4xx_hal_cortex.o
 .debug_ranges  0x0000000000000550       0x48 ./Drivers/STM32F4xx_HAL_Driver/Src/stm32f4xx_hal_gpio.o
 .debug_ranges  0x0000000000000598       0xe8 ./Drivers/STM32F4xx_HAL_Driver/Src/stm32f4xx_hal_hcd.o
 .debug_ranges  0x0000000000000680      0x2a8 ./Drivers/STM32F4xx_HAL_Driver/Src/stm32f4xx_hal_i2c.o
 .debug_ranges  0x0000000000000928       0xf8 ./Drivers/STM32F4xx_HAL_Driver/Src/stm32f4xx_hal_i2s.o
 .debug_ranges  0x0000000000000a20       0x78 ./Drivers/STM32F4xx_HAL_Driver/Src/stm32f4xx_hal_i2s_ex.o
 .debug_ranges  0x0000000000000a98       0x78 ./Drivers/STM32F4xx_HAL_Driver/Src/stm32f4xx_hal_rcc.o
 .debug_ranges  0x0000000000000b10       0x40 ./Drivers/STM32F4xx_HAL_Driver/Src/stm32f4xx_hal_rcc_ex.o
 .debug_ranges  0x0000000000000b50      0x1c0 ./Drivers/STM32F4xx_HAL_Driver/Src/stm32f4xx_hal_spi.o
 .debug_ranges  0x0000000000000d10      0x190 ./Drivers/STM32F4xx_HAL_Driver/Src/stm32f4xx_ll_usb.o
 .debug_ranges  0x0000000000000ea0       0xb0 ./Middlewares/ST/STM32_USB_Host_Library/Core/Src/usbh_core.o
 .debug_ranges  0x0000000000000f50       0x30 ./Middlewares/ST/STM32_USB_Host_Library/Core/Src/usbh_pipes.o
 .debug_ranges  0x0000000000000f80       0xc8 ./USB_HOST/Target/usbh_conf.o

.debug_macro    0x0000000000000000    0x17f8f
 .debug_macro   0x0000000000000000      0x25d ./Core/Src/main.o
 .debug_macro   0x000000000000025d      0xa78 ./Core/Src/main.o
 .debug_macro   0x0000000000000cd5      0x2a7 ./Core/Src/main.o
 .debug_macro   0x0000000000000f7c       0x2e ./Core/Src/main.o
 .debug_macro   0x0000000000000faa       0x28 ./Core/Src/main.o
 .debug_macro   0x0000000000000fd2       0x22 ./Core/Src/main.o
 .debug_macro   0x0000000000000ff4       0x8e ./Core/Src/main.o
 .debug_macro   0x0000000000001082       0x51 ./Core/Src/main.o
 .debug_macro   0x00000000000010d3      0x103 ./Core/Src/main.o
 .debug_macro   0x00000000000011d6       0x6a ./Core/Src/main.o
 .debug_macro   0x0000000000001240      0x1df ./Core/Src/main.o
 .debug_macro   0x000000000000141f       0x1c ./Core/Src/main.o
 .debug_macro   0x000000000000143b       0x22 ./Core/Src/main.o
 .debug_macro   0x000000000000145d       0xd9 ./Core/Src/main.o
 .debug_macro   0x0000000000001536     0x102d ./Core/Src/main.o
 .debug_macro   0x0000000000002563      0x11f ./Core/Src/main.o
 .debug_macro   0x0000000000002682     0xb953 ./Core/Src/main.o
 .debug_macro   0x000000000000dfd5       0x6d ./Core/Src/main.o
 .debug_macro   0x000000000000e042     0x367e ./Core/Src/main.o
 .debug_macro   0x00000000000116c0      0x174 ./Core/Src/main.o
 .debug_macro   0x0000000000011834       0x5c ./Core/Src/main.o
 .debug_macro   0x0000000000011890      0x447 ./Core/Src/main.o
 .debug_macro   0x0000000000011cd7      0x9fe ./Core/Src/main.o
 .debug_macro   0x00000000000126d5      0x115 ./Core/Src/main.o
 .debug_macro   0x00000000000127ea      0x11b ./Core/Src/main.o
 .debug_macro   0x0000000000012905       0xa5 ./Core/Src/main.o
 .debug_macro   0x00000000000129aa      0x15f ./Core/Src/main.o
 .debug_macro   0x0000000000012b09      0x287 ./Core/Src/main.o
 .debug_macro   0x0000000000012d90       0x5f ./Core/Src/main.o
 .debug_macro   0x0000000000012def      0x236 ./Core/Src/main.o
 .debug_macro   0x0000000000013025      0x132 ./Core/Src/main.o
 .debug_macro   0x0000000000013157      0x264 ./Core/Src/main.o
 .debug_macro   0x00000000000133bb       0x2e ./Core/Src/main.o
 .debug_macro   0x00000000000133e9      0x1b5 ./Core/Src/main.o
 .debug_macro   0x000000000001359e       0x22 ./Core/Src/main.o
 .debug_macro   0x00000000000135c0       0xd6 ./Core/Src/main.o
 .debug_macro   0x0000000000013696      0x1a7 ./Core/Src/main.o
 .debug_macro   0x000000000001383d       0x46 ./Core/Src/main.o
 .debug_macro   0x0000000000013883       0x4a ./Core/Src/main.o
 .debug_macro   0x00000000000138cd      0x11a ./Core/Src/main.o
 .debug_macro   0x00000000000139e7       0x85 ./Core/Src/main.o
 .debug_macro   0x0000000000013a6c       0x89 ./Core/Src/main.o
 .debug_macro   0x0000000000013af5      0x225 ./Core/Src/main.o
 .debug_macro   0x0000000000013d1a      0x248 ./Core/Src/main.o
 .debug_macro   0x0000000000013f62       0x7c ./Core/Src/main.o
 .debug_macro   0x0000000000013fde      0x126 ./Core/Src/main.o
 .debug_macro   0x0000000000014104      0x19c ./Core/Src/main.o
 .debug_macro   0x00000000000142a0      0x24f ./Core/Src/main.o
 .debug_macro   0x00000000000144ef      0x452 ./Core/Src/main.o
 .debug_macro   0x0000000000014941      0x4b7 ./Core/Src/main.o
 .debug_macro   0x0000000000014df8      0x214 ./Core/Src/stm32f4xx_hal_msp.o
 .debug_macro   0x000000000001500c      0x21e ./Core/Src/stm32f4xx_it.o
 .debug_macro   0x000000000001522a      0x205 ./Core/Src/system_stm32f4xx.o
 .debug_macro   0x000000000001542f       0x7c ./Drivers/BSP/Components/lsm303agr/lsm303agr.o
 .debug_macro   0x00000000000154ab       0x7c ./Drivers/BSP/Components/lsm303dlhc/lsm303dlhc.o
 .debug_macro   0x0000000000015527      0x232 ./Drivers/BSP/STM32F411E-Discovery/stm32f411e_discovery.o
 .debug_macro   0x0000000000015759      0x249 ./Drivers/BSP/STM32F411E-Discovery/stm32f411e_discovery.o
 .debug_macro   0x00000000000159a2      0x24a ./Drivers/BSP/STM32F411E-Discovery/stm32f411e_discovery_accelerometer.o
 .debug_macro   0x0000000000015bec      0x265 ./Drivers/STM32F4xx_HAL_Driver/Src/stm32f4xx_hal.o
 .debug_macro   0x0000000000015e51      0x205 ./Drivers/STM32F4xx_HAL_Driver/Src/stm32f4xx_hal_cortex.o
 .debug_macro   0x0000000000016056      0x20b ./Drivers/STM32F4xx_HAL_Driver/Src/stm32f4xx_hal_gpio.o
 .debug_macro   0x0000000000016261      0x205 ./Drivers/STM32F4xx_HAL_Driver/Src/stm32f4xx_hal_hcd.o
 .debug_macro   0x0000000000016466      0x24c ./Drivers/STM32F4xx_HAL_Driver/Src/stm32f4xx_hal_i2c.o
 .debug_macro   0x00000000000166b2      0x20d ./Drivers/STM32F4xx_HAL_Driver/Src/stm32f4xx_hal_i2s.o
 .debug_macro   0x00000000000168bf      0x205 ./Drivers/STM32F4xx_HAL_Driver/Src/stm32f4xx_hal_i2s_ex.o
 .debug_macro   0x0000000000016ac4      0x229 ./Drivers/STM32F4xx_HAL_Driver/Src/stm32f4xx_hal_rcc.o
 .debug_macro   0x0000000000016ced      0x205 ./Drivers/STM32F4xx_HAL_Driver/Src/stm32f4xx_hal_rcc_ex.o
 .debug_macro   0x0000000000016ef2      0x214 ./Drivers/STM32F4xx_HAL_Driver/Src/stm32f4xx_hal_spi.o
 .debug_macro   0x0000000000017106      0x205 ./Drivers/STM32F4xx_HAL_Driver/Src/stm32f4xx_ll_usb.o
 .debug_macro   0x000000000001730b      0x430 ./Middlewares/ST/STM32_USB_Host_Library/Core/Src/usbh_core.o
 .debug_macro   0x000000000001773b      0x422 ./Middlewares/ST/STM32_USB_Host_Library/Core/Src/usbh_pipes.o
 .debug_macro   0x0000000000017b5d      0x432 ./USB_HOST/Target/usbh_conf.o

.debug_line     0x0000000000000000    0x155c8
 .debug_line    0x0000000000000000      0xa9d ./Core/Src/main.o
 .debug_line    0x0000000000000a9d      0x865 ./Core/Src/stm32f4xx_hal_msp.o
 .debug_line    0x0000000000001302      0x7f3 ./Core/Src/stm32f4xx_it.o
 .debug_line    0x0000000000001af5      0x79a ./Core/Src/system_stm32f4xx.o
 .debug_line    0x000000000000228f       0x88 ./Core/Startup/startup_stm32f411vetx.o
 .debug_line    0x0000000000002317      0x790 ./Drivers/BSP/Components/lsm303agr/lsm303agr.o
 .debug_line    0x0000000000002aa7      0x794 ./Drivers/BSP/Components/lsm303dlhc/lsm303dlhc.o
 .debug_line    0x000000000000323b      0xb32 ./Drivers/BSP/STM32F411E-Discovery/stm32f411e_discovery.o
 .debug_line    0x0000000000003d6d      0x9ae ./Drivers/BSP/STM32F411E-Discovery/stm32f411e_discovery_accelerometer.o
 .debug_line    0x000000000000471b      0xa00 ./Drivers/STM32F4xx_HAL_Driver/Src/stm32f4xx_hal.o
 .debug_line    0x000000000000511b      0xcaf ./Drivers/STM32F4xx_HAL_Driver/Src/stm32f4xx_hal_cortex.o
 .debug_line    0x0000000000005dca      0xb38 ./Drivers/STM32F4xx_HAL_Driver/Src/stm32f4xx_hal_gpio.o
 .debug_line    0x0000000000006902     0x11fd ./Drivers/STM32F4xx_HAL_Driver/Src/stm32f4xx_hal_hcd.o
 .debug_line    0x0000000000007aff     0x39b5 ./Drivers/STM32F4xx_HAL_Driver/Src/stm32f4xx_hal_i2c.o
 .debug_line    0x000000000000b4b4     0x1399 ./Drivers/STM32F4xx_HAL_Driver/Src/stm32f4xx_hal_i2s.o
 .debug_line    0x000000000000c84d     0x1498 ./Drivers/STM32F4xx_HAL_Driver/Src/stm32f4xx_hal_i2s_ex.o
 .debug_line    0x000000000000dce5      0xd7c ./Drivers/STM32F4xx_HAL_Driver/Src/stm32f4xx_hal_rcc.o
 .debug_line    0x000000000000ea61      0xa5a ./Drivers/STM32F4xx_HAL_Driver/Src/stm32f4xx_hal_rcc_ex.o
 .debug_line    0x000000000000f4bb     0x1c8a ./Drivers/STM32F4xx_HAL_Driver/Src/stm32f4xx_hal_spi.o
 .debug_line    0x0000000000011145     0x1abd ./Drivers/STM32F4xx_HAL_Driver/Src/stm32f4xx_ll_usb.o
 .debug_line    0x0000000000012c02     0x11a8 ./Middlewares/ST/STM32_USB_Host_Library/Core/Src/usbh_core.o
 .debug_line    0x0000000000013daa      0xaae ./Middlewares/ST/STM32_USB_Host_Library/Core/Src/usbh_pipes.o
 .debug_line    0x0000000000014858      0xd70 ./USB_HOST/Target/usbh_conf.o

.debug_str      0x0000000000000000    0x91dce
 .debug_str     0x0000000000000000    0x87f03 ./Core/Src/main.o
                                      0x8824f (size before relaxing)
 .debug_str     0x0000000000087f03       0xce ./Core/Src/stm32f4xx_hal_msp.o
                                      0x84037 (size before relaxing)
 .debug_str     0x0000000000087fd1      0x45c ./Core/Src/stm32f4xx_it.o
                                      0x83aed (size before relaxing)
 .debug_str     0x000000000008842d       0xdb ./Core/Src/system_stm32f4xx.o
                                      0x83123 (size before relaxing)
 .debug_str     0x0000000000088508       0x36 ./Core/Startup/startup_stm32f411vetx.o
                                         0x57 (size before relaxing)
 .debug_str     0x000000000008853e      0x388 ./Drivers/BSP/Components/lsm303agr/lsm303agr.o
                                       0x5836 (size before relaxing)
 .debug_str     0x00000000000888c6      0x24b ./Drivers/BSP/Components/lsm303dlhc/lsm303dlhc.o
                                       0x5718 (size before relaxing)
 .debug_str     0x0000000000088b11      0x849 ./Drivers/BSP/STM32F411E-Discovery/stm32f411e_discovery.o
                                      0x850f4 (size before relaxing)
 .debug_str     0x000000000008935a      0x232 ./Drivers/BSP/STM32F411E-Discovery/stm32f411e_discovery_accelerometer.o
                                      0x8718a (size before relaxing)
 .debug_str     0x000000000008958c      0x5e6 ./Drivers/STM32F4xx_HAL_Driver/Src/stm32f4xx_hal.o
                                      0x83b4f (size before relaxing)
 .debug_str     0x0000000000089b72      0x33a ./Drivers/STM32F4xx_HAL_Driver/Src/stm32f4xx_hal_cortex.o
                                      0x83870 (size before relaxing)
 .debug_str     0x0000000000089eac       0xfd ./Drivers/STM32F4xx_HAL_Driver/Src/stm32f4xx_hal_gpio.o
                                      0x8329e (size before relaxing)
 .debug_str     0x0000000000089fa9      0x545 ./Drivers/STM32F4xx_HAL_Driver/Src/stm32f4xx_hal_hcd.o
                                      0x838ee (size before relaxing)
 .debug_str     0x000000000008a4ee      0xaaf ./Drivers/STM32F4xx_HAL_Driver/Src/stm32f4xx_hal_i2c.o
                                      0x840e1 (size before relaxing)
 .debug_str     0x000000000008af9d      0x2b8 ./Drivers/STM32F4xx_HAL_Driver/Src/stm32f4xx_hal_i2s.o
                                      0x83702 (size before relaxing)
 .debug_str     0x000000000008b255      0x1d1 ./Drivers/STM32F4xx_HAL_Driver/Src/stm32f4xx_hal_i2s_ex.o
                                      0x8360d (size before relaxing)
 .debug_str     0x000000000008b426      0x213 ./Drivers/STM32F4xx_HAL_Driver/Src/stm32f4xx_hal_rcc.o
                                      0x83557 (size before relaxing)
 .debug_str     0x000000000008b639       0xf6 ./Drivers/STM32F4xx_HAL_Driver/Src/stm32f4xx_hal_rcc_ex.o
                                      0x832ab (size before relaxing)
 .debug_str     0x000000000008b72f      0x4f5 ./Drivers/STM32F4xx_HAL_Driver/Src/stm32f4xx_hal_spi.o
                                      0x839d5 (size before relaxing)
 .debug_str     0x000000000008bc24      0x51b ./Drivers/STM32F4xx_HAL_Driver/Src/stm32f4xx_ll_usb.o
                                      0x83a3b (size before relaxing)
 .debug_str     0x000000000008c13f     0x5a90 ./Middlewares/ST/STM32_USB_Host_Library/Core/Src/usbh_core.o
                                      0x89162 (size before relaxing)
 .debug_str     0x0000000000091bcf       0x98 ./Middlewares/ST/STM32_USB_Host_Library/Core/Src/usbh_pipes.o
                                      0x88ea1 (size before relaxing)
 .debug_str     0x0000000000091c67      0x167 ./USB_HOST/Target/usbh_conf.o
                                      0x89c4d (size before relaxing)

.comment        0x0000000000000000       0x50
 .comment       0x0000000000000000       0x50 ./Core/Src/main.o
                                         0x51 (size before relaxing)
 .comment       0x0000000000000050       0x51 ./Core/Src/stm32f4xx_hal_msp.o
 .comment       0x0000000000000050       0x51 ./Core/Src/stm32f4xx_it.o
 .comment       0x0000000000000050       0x51 ./Core/Src/system_stm32f4xx.o
 .comment       0x0000000000000050       0x51 ./Drivers/BSP/Components/lsm303agr/lsm303agr.o
 .comment       0x0000000000000050       0x51 ./Drivers/BSP/Components/lsm303dlhc/lsm303dlhc.o
 .comment       0x0000000000000050       0x51 ./Drivers/BSP/STM32F411E-Discovery/stm32f411e_discovery.o
 .comment       0x0000000000000050       0x51 ./Drivers/BSP/STM32F411E-Discovery/stm32f411e_discovery_accelerometer.o
 .comment       0x0000000000000050       0x51 ./Drivers/STM32F4xx_HAL_Driver/Src/stm32f4xx_hal.o
 .comment       0x0000000000000050       0x51 ./Drivers/STM32F4xx_HAL_Driver/Src/stm32f4xx_hal_cortex.o
 .comment       0x0000000000000050       0x51 ./Drivers/STM32F4xx_HAL_Driver/Src/stm32f4xx_hal_gpio.o
 .comment       0x0000000000000050       0x51 ./Drivers/STM32F4xx_HAL_Driver/Src/stm32f4xx_hal_hcd.o
 .comment       0x0000000000000050       0x51 ./Drivers/STM32F4xx_HAL_Driver/Src/stm32f4xx_hal_i2c.o
 .comment       0x0000000000000050       0x51 ./Drivers/STM32F4xx_HAL_Driver/Src/stm32f4xx_hal_i2s.o
 .comment       0x0000000000000050       0x51 ./Drivers/STM32F4xx_HAL_Driver/Src/stm32f4xx_hal_i2s_ex.o
 .comment       0x0000000000000050       0x51 ./Drivers/STM32F4xx_HAL_Driver/Src/stm32f4xx_hal_rcc.o
 .comment       0x0000000000000050       0x51 ./Drivers/STM32F4xx_HAL_Driver/Src/stm32f4xx_hal_rcc_ex.o
 .comment       0x0000000000000050       0x51 ./Drivers/STM32F4xx_HAL_Driver/Src/stm32f4xx_hal_spi.o
 .comment       0x0000000000000050       0x51 ./Drivers/STM32F4xx_HAL_Driver/Src/stm32f4xx_ll_usb.o
 .comment       0x0000000000000050       0x51 ./Middlewares/ST/STM32_USB_Host_Library/Core/Src/usbh_core.o
 .comment       0x0000000000000050       0x51 ./Middlewares/ST/STM32_USB_Host_Library/Core/Src/usbh_pipes.o
 .comment       0x0000000000000050       0x51 ./USB_HOST/Target/usbh_conf.o

.debug_frame    0x0000000000000000     0x489c
 .debug_frame   0x0000000000000000      0x124 ./Core/Src/main.o
 .debug_frame   0x0000000000000124      0x10c ./Core/Src/stm32f4xx_hal_msp.o
 .debug_frame   0x0000000000000230      0x120 ./Core/Src/stm32f4xx_it.o
 .debug_frame   0x0000000000000350       0x58 ./Core/Src/system_stm32f4xx.o
 .debug_frame   0x00000000000003a8      0x2b0 ./Drivers/BSP/Components/lsm303agr/lsm303agr.o
 .debug_frame   0x0000000000000658      0x2b0 ./Drivers/BSP/Components/lsm303dlhc/lsm303dlhc.o
 .debug_frame   0x0000000000000908      0x3b4 ./Drivers/BSP/STM32F411E-Discovery/stm32f411e_discovery.o
 .debug_frame   0x0000000000000cbc       0x90 ./Drivers/BSP/STM32F411E-Discovery/stm32f411e_discovery_accelerometer.o
 .debug_frame   0x0000000000000d4c      0x374 ./Drivers/STM32F4xx_HAL_Driver/Src/stm32f4xx_hal.o
 .debug_frame   0x00000000000010c0      0x498 ./Drivers/STM32F4xx_HAL_Driver/Src/stm32f4xx_hal_cortex.o
 .debug_frame   0x0000000000001558      0x14c ./Drivers/STM32F4xx_HAL_Driver/Src/stm32f4xx_hal_gpio.o
 .debug_frame   0x00000000000016a4      0x450 ./Drivers/STM32F4xx_HAL_Driver/Src/stm32f4xx_hal_hcd.o
 .debug_frame   0x0000000000001af4      0xc5c ./Drivers/STM32F4xx_HAL_Driver/Src/stm32f4xx_hal_i2c.o
 .debug_frame   0x0000000000002750      0x484 ./Drivers/STM32F4xx_HAL_Driver/Src/stm32f4xx_hal_i2s.o
 .debug_frame   0x0000000000002bd4      0x220 ./Drivers/STM32F4xx_HAL_Driver/Src/stm32f4xx_hal_i2s_ex.o
 .debug_frame   0x0000000000002df4      0x1f4 ./Drivers/STM32F4xx_HAL_Driver/Src/stm32f4xx_hal_rcc.o
 .debug_frame   0x0000000000002fe8      0x118 ./Drivers/STM32F4xx_HAL_Driver/Src/stm32f4xx_hal_rcc_ex.o
 .debug_frame   0x0000000000003100      0x824 ./Drivers/STM32F4xx_HAL_Driver/Src/stm32f4xx_hal_spi.o
 .debug_frame   0x0000000000003924      0x7c0 ./Drivers/STM32F4xx_HAL_Driver/Src/stm32f4xx_ll_usb.o
 .debug_frame   0x00000000000040e4      0x338 ./Middlewares/ST/STM32_USB_Host_Library/Core/Src/usbh_core.o
 .debug_frame   0x000000000000441c       0xcc ./Middlewares/ST/STM32_USB_Host_Library/Core/Src/usbh_pipes.o
 .debug_frame   0x00000000000044e8      0x388 ./USB_HOST/Target/usbh_conf.o
 .debug_frame   0x0000000000004870       0x2c c:/st/stm32cubeide_1.10.1/stm32cubeide/plugins/com.st.stm32cube.ide.mcu.externaltools.gnu-tools-for-stm32.10.3-2021.10.win32_1.0.0.202111181127/tools/bin/../lib/gcc/arm-none-eabi/10.3.1/../../../../arm-none-eabi/lib/thumb/v7e-m+fp/hard\libc_nano.a(lib_a-init.o)
