Archive member included to satisfy reference by file (symbol)

c:/st/stm32cubeide_1.10.1/stm32cubeide/plugins/com.st.stm32cube.ide.mcu.externaltools.gnu-tools-for-stm32.10.3-2021.10.win32_1.0.0.202111181127/tools/bin/../lib/gcc/arm-none-eabi/10.3.1/../../../../arm-none-eabi/lib/thumb/v7e-m+fp/hard\libc_nano.a(lib_a-errno.o)
                              ./Core/Src/syscalls.o (__errno)
c:/st/stm32cubeide_1.10.1/stm32cubeide/plugins/com.st.stm32cube.ide.mcu.externaltools.gnu-tools-for-stm32.10.3-2021.10.win32_1.0.0.202111181127/tools/bin/../lib/gcc/arm-none-eabi/10.3.1/../../../../arm-none-eabi/lib/thumb/v7e-m+fp/hard\libc_nano.a(lib_a-exit.o)
                              c:/st/stm32cubeide_1.10.1/stm32cubeide/plugins/com.st.stm32cube.ide.mcu.externaltools.gnu-tools-for-stm32.10.3-2021.10.win32_1.0.0.202111181127/tools/bin/../lib/gcc/arm-none-eabi/10.3.1/../../../../arm-none-eabi/lib/thumb/v7e-m+fp/hard/crt0.o (exit)
c:/st/stm32cubeide_1.10.1/stm32cubeide/plugins/com.st.stm32cube.ide.mcu.externaltools.gnu-tools-for-stm32.10.3-2021.10.win32_1.0.0.202111181127/tools/bin/../lib/gcc/arm-none-eabi/10.3.1/../../../../arm-none-eabi/lib/thumb/v7e-m+fp/hard\libc_nano.a(lib_a-impure.o)
                              c:/st/stm32cubeide_1.10.1/stm32cubeide/plugins/com.st.stm32cube.ide.mcu.externaltools.gnu-tools-for-stm32.10.3-2021.10.win32_1.0.0.202111181127/tools/bin/../lib/gcc/arm-none-eabi/10.3.1/../../../../arm-none-eabi/lib/thumb/v7e-m+fp/hard\libc_nano.a(lib_a-exit.o) (_global_impure_ptr)
c:/st/stm32cubeide_1.10.1/stm32cubeide/plugins/com.st.stm32cube.ide.mcu.externaltools.gnu-tools-for-stm32.10.3-2021.10.win32_1.0.0.202111181127/tools/bin/../lib/gcc/arm-none-eabi/10.3.1/../../../../arm-none-eabi/lib/thumb/v7e-m+fp/hard\libc_nano.a(lib_a-init.o)
                              c:/st/stm32cubeide_1.10.1/stm32cubeide/plugins/com.st.stm32cube.ide.mcu.externaltools.gnu-tools-for-stm32.10.3-2021.10.win32_1.0.0.202111181127/tools/bin/../lib/gcc/arm-none-eabi/10.3.1/../../../../arm-none-eabi/lib/thumb/v7e-m+fp/hard/crt0.o (__libc_init_array)
c:/st/stm32cubeide_1.10.1/stm32cubeide/plugins/com.st.stm32cube.ide.mcu.externaltools.gnu-tools-for-stm32.10.3-2021.10.win32_1.0.0.202111181127/tools/bin/../lib/gcc/arm-none-eabi/10.3.1/../../../../arm-none-eabi/lib/thumb/v7e-m+fp/hard\libc_nano.a(lib_a-malloc.o)
                              ./Middlewares/ST/STM32_USB_Host_Library/Class/MSC/Src/usbh_msc.o (malloc)
c:/st/stm32cubeide_1.10.1/stm32cubeide/plugins/com.st.stm32cube.ide.mcu.externaltools.gnu-tools-for-stm32.10.3-2021.10.win32_1.0.0.202111181127/tools/bin/../lib/gcc/arm-none-eabi/10.3.1/../../../../arm-none-eabi/lib/thumb/v7e-m+fp/hard\libc_nano.a(lib_a-memcpy-stub.o)
                              ./Audio/MY_CS43L22.o (memcpy)
c:/st/stm32cubeide_1.10.1/stm32cubeide/plugins/com.st.stm32cube.ide.mcu.externaltools.gnu-tools-for-stm32.10.3-2021.10.win32_1.0.0.202111181127/tools/bin/../lib/gcc/arm-none-eabi/10.3.1/../../../../arm-none-eabi/lib/thumb/v7e-m+fp/hard\libc_nano.a(lib_a-memset.o)
                              c:/st/stm32cubeide_1.10.1/stm32cubeide/plugins/com.st.stm32cube.ide.mcu.externaltools.gnu-tools-for-stm32.10.3-2021.10.win32_1.0.0.202111181127/tools/bin/../lib/gcc/arm-none-eabi/10.3.1/../../../../arm-none-eabi/lib/thumb/v7e-m+fp/hard/crt0.o (memset)
c:/st/stm32cubeide_1.10.1/stm32cubeide/plugins/com.st.stm32cube.ide.mcu.externaltools.gnu-tools-for-stm32.10.3-2021.10.win32_1.0.0.202111181127/tools/bin/../lib/gcc/arm-none-eabi/10.3.1/../../../../arm-none-eabi/lib/thumb/v7e-m+fp/hard\libc_nano.a(lib_a-nano-freer.o)
                              c:/st/stm32cubeide_1.10.1/stm32cubeide/plugins/com.st.stm32cube.ide.mcu.externaltools.gnu-tools-for-stm32.10.3-2021.10.win32_1.0.0.202111181127/tools/bin/../lib/gcc/arm-none-eabi/10.3.1/../../../../arm-none-eabi/lib/thumb/v7e-m+fp/hard\libc_nano.a(lib_a-malloc.o) (_free_r)
c:/st/stm32cubeide_1.10.1/stm32cubeide/plugins/com.st.stm32cube.ide.mcu.externaltools.gnu-tools-for-stm32.10.3-2021.10.win32_1.0.0.202111181127/tools/bin/../lib/gcc/arm-none-eabi/10.3.1/../../../../arm-none-eabi/lib/thumb/v7e-m+fp/hard\libc_nano.a(lib_a-nano-mallocr.o)
                              c:/st/stm32cubeide_1.10.1/stm32cubeide/plugins/com.st.stm32cube.ide.mcu.externaltools.gnu-tools-for-stm32.10.3-2021.10.win32_1.0.0.202111181127/tools/bin/../lib/gcc/arm-none-eabi/10.3.1/../../../../arm-none-eabi/lib/thumb/v7e-m+fp/hard\libc_nano.a(lib_a-malloc.o) (_malloc_r)
c:/st/stm32cubeide_1.10.1/stm32cubeide/plugins/com.st.stm32cube.ide.mcu.externaltools.gnu-tools-for-stm32.10.3-2021.10.win32_1.0.0.202111181127/tools/bin/../lib/gcc/arm-none-eabi/10.3.1/../../../../arm-none-eabi/lib/thumb/v7e-m+fp/hard\libc_nano.a(lib_a-sbrkr.o)
[...]
Memory Configuration

Name             Origin             Length             Attributes
RAM              0x0000000020000000 0x0000000000020000 xrw
FLASH            0x0000000008000000 0x0000000000080000 xr
*default*        0x0000000000000000 0xffffffffffffffff

Linker script and memory map

LOAD c:/st/stm32cubeide_1.10.1/stm32cubeide/plugins/com.st.stm32cube.ide.mcu.externaltools.gnu-tools-for-stm32.10.3-2021.10.win32_1.0.0.202111181127/tools/bin/../lib/gcc/arm-none-eabi/10.3.1/thumb/v7e-m+fp/hard/crti.o
LOAD c:/st/stm32cubeide_1.10.1/stm32cubeide/plugins/com.st.stm32cube.ide.mcu.externaltools.gnu-tools-for-stm32.10.3-2021.10.win32_1.0.0.202111181127/tools/bin/../lib/gcc/arm-none-eabi/10.3.1/thumb/v7e-m+fp/hard/crtbegin.o
LOAD c:/st/stm32cubeide_1.10.1/stm32cubeide/plugins/com.st.stm32cube.ide.mcu.externaltools.gnu-tools-for-stm32.10.3-2021.10.win32_1.0.0.202111181127/tools/bin/../lib/gcc/arm-none-eabi/10.3.1/../../../../arm-none-eabi/lib/thumb/v7e-m+fp/hard/crt0.o
LOAD ./Audio/MY_CS43L22.o
LOAD ./Audio/audioI2S.o
LOAD ./Audio/wav_player.o
LOAD ./Core/Src/main.o
LOAD ./Core/Src/stm32f4xx_hal_msp.o
LOAD ./Core/Src/stm32f4xx_it.o
LOAD ./Core/Src/syscalls.o
LOAD ./Core/Src/sysmem.o
LOAD ./Core/Src/system_stm32f4xx.o
LOAD ./Core/Startup/startup_stm32f411vetx.o
LOAD ./Drivers/BSP/Components/cs43l22/cs43l22.o
LOAD ./Drivers/BSP/Components/dp83848/dp83848.o
LOAD ./Drivers/BSP/Components/exc7200/exc7200.o
LOAD ./Drivers/BSP/Components/ft3x67/ft3x67.o
LOAD ./Drivers/BSP/Components/ft6x06/ft6x06.o
LOAD ./Drivers/BSP/Components/i3g4250d/i3g4250d.o
LOAD ./Drivers/BSP/Components/ili9325/ili9325.o
LOAD ./Drivers/BSP/Components/ili9341/ili9341.o
LOAD ./Drivers/BSP/Components/l3gd20/l3gd20.o
LOAD ./Drivers/BSP/Components/lan8742/lan8742.o
LOAD ./Drivers/BSP/Components/lis302dl/lis302dl.o
LOAD ./Drivers/BSP/Components/lis3dsh/lis3dsh.o
LOAD ./Drivers/BSP/Components/ls016b8uy/ls016b8uy.o
LOAD ./Drivers/BSP/Components/lsm303agr/lsm303agr.o
LOAD ./Drivers/BSP/Components/lsm303dlhc/lsm303dlhc.o
LOAD ./Drivers/BSP/Components/mfxstm32l152/mfxstm32l152.o
LOAD ./Drivers/BSP/Components/nt35510/nt35510.o
LOAD ./Drivers/BSP/Components/otm8009a/otm8009a.o
LOAD ./Drivers/BSP/Components/ov2640/ov2640.o
LOAD ./Drivers/BSP/Components/ov5640/ov5640.o
LOAD ./Drivers/BSP/Components/s5k5cag/s5k5cag.o
LOAD ./Drivers/BSP/Components/st7735/st7735.o
LOAD ./Drivers/BSP/Components/st7789h2/st7789h2.o
LOAD ./Drivers/BSP/Components/stmpe1600/stmpe1600.o
LOAD ./Drivers/BSP/Components/stmpe811/stmpe811.o
LOAD ./Drivers/BSP/Components/ts3510/ts3510.o
LOAD ./Drivers/BSP/Components/wm8994/wm8994.o
LOAD ./Drivers/BSP/STM32F411E-Discovery/stm32f411e_discovery.o
LOAD ./Drivers/BSP/STM32F411E-Discovery/stm32f411e_discovery_accelerometer.o
LOAD ./Drivers/STM32F4xx_HAL_Driver/Src/stm32f4xx_hal.o
LOAD ./Drivers/STM32F4xx_HAL_Driver/Src/stm32f4xx_hal_cortex.o
LOAD ./Drivers/STM32F4xx_HAL_Driver/Src/stm32f4xx_hal_dma.o
LOAD ./Drivers/STM32F4xx_HAL_Driver/Src/stm32f4xx_hal_dma_ex.o
LOAD ./Drivers/STM32F4xx_HAL_Driver/Src/stm32f4xx_hal_exti.o
LOAD ./Drivers/STM32F4xx_HAL_Driver/Src/stm32f4xx_hal_flash.o
LOAD ./Drivers/STM32F4xx_HAL_Driver/Src/stm32f4xx_hal_flash_ex.o
LOAD ./Drivers/STM32F4xx_HAL_Driver/Src/stm32f4xx_hal_flash_ramfunc.o
LOAD ./Drivers/STM32F4xx_HAL_Driver/Src/stm32f4xx_hal_gpio.o
LOAD ./Drivers/STM32F4xx_HAL_Driver/Src/stm32f4xx_hal_hcd.o
LOAD ./Drivers/STM32F4xx_HAL_Driver/Src/stm32f4xx_hal_i2c.o
LOAD ./Drivers/STM32F4xx_HAL_Driver/Src/stm32f4xx_hal_i2c_ex.o
LOAD ./Drivers/STM32F4xx_HAL_Driver/Src/stm32f4xx_hal_i2s.o
LOAD ./Drivers/STM32F4xx_HAL_Driver/Src/stm32f4xx_hal_i2s_ex.o
LOAD ./Drivers/STM32F4xx_HAL_Driver/Src/stm32f4xx_hal_pwr.o
LOAD ./Drivers/STM32F4xx_HAL_Driver/Src/stm32f4xx_hal_pwr_ex.o
LOAD ./Drivers/STM32F4xx_HAL_Driver/Src/stm32f4xx_hal_rcc.o
LOAD ./Drivers/STM32F4xx_HAL_Driver/Src/stm32f4xx_hal_rcc_ex.o
LOAD ./Drivers/STM32F4xx_HAL_Driver/Src/stm32f4xx_hal_spi.o
LOAD ./Drivers/STM32F4xx_HAL_Driver/Src/stm32f4xx_hal_tim.o
LOAD ./Drivers/STM32F4xx_HAL_Driver/Src/stm32f4xx_hal_tim_ex.o
LOAD ./Drivers/STM32F4xx_HAL_Driver/Src/stm32f4xx_ll_usb.o
LOAD ./FATFS/App/fatfs.o
LOAD ./FATFS/Target/usbh_diskio.o
LOAD ./Middlewares/ST/STM32_USB_Host_Library/Class/MSC/Src/usbh_msc.o
LOAD ./Middlewares/ST/STM32_USB_Host_Library/Class/MSC/Src/usbh_msc_bot.o
LOAD ./Middlewares/ST/STM32_USB_Host_Library/Class/MSC/Src/usbh_msc_scsi.o
LOAD ./Middlewares/ST/STM32_USB_Host_Library/Core/Src/usbh_core.o
LOAD ./Middlewares/ST/STM32_USB_Host_Library/Core/Src/usbh_ctlreq.o
LOAD ./Middlewares/ST/STM32_USB_Host_Library/Core/Src/usbh_ioreq.o
LOAD ./Middlewares/ST/STM32_USB_Host_Library/Core/Src/usbh_pipes.o
LOAD ./Middlewares/Third_Party/FatFs/src/diskio.o
LOAD ./Middlewares/Third_Party/FatFs/src/ff.o
LOAD ./Middlewares/Third_Party/FatFs/src/ff_gen_drv.o
LOAD ./Middlewares/Third_Party/FatFs/src/option/syscall.o
LOAD ./USB_HOST/App/usb_host.o
LOAD ./USB_HOST/Target/usbh_conf.o
START GROUP
LOAD c:/st/stm32cubeide_1.10.1/stm32cubeide/plugins/com.st.stm32cube.ide.mcu.externaltools.gnu-tools-for-stm32.10.3-2021.10.win32_1.0.0.202111181127/tools/bin/../lib/gcc/arm-none-eabi/10.3.1/../../../../arm-none-eabi/lib/thumb/v7e-m+fp/hard\libc_nano.a
LOAD c:/st/stm32cubeide_1.10.1/stm32cubeide/plugins/com.st.stm32cube.ide.mcu.externaltools.gnu-tools-for-stm32.10.3-2021.10.win32_1.0.0.202111181127/tools/bin/../lib/gcc/arm-none-eabi/10.3.1/../../../../arm-none-eabi/lib/thumb/v7e-m+fp/hard\libm.a
END GROUP
START GROUP
LOAD c:/st/stm32cubeide_1.10.1/stm32cubeide/plugins/com.st.stm32cube.ide.mcu.externaltools.gnu-tools-for-stm32.10.3-2021.10.win32_1.0.0.202111181127/tools/bin/../lib/gcc/arm-none-eabi/10.3.1/thumb/v7e-m+fp/hard\libgcc.a
LOAD c:/st/stm32cubeide_1.10.1/stm32cubeide/plugins/com.st.stm32cube.ide.mcu.externaltools.gnu-tools-for-stm32.10.3-2021.10.win32_1.0.0.202111181127/tools/bin/../lib/gcc/arm-none-eabi/10.3.1/../../../../arm-none-eabi/lib/thumb/v7e-m+fp/hard\libc_nano.a
END GROUP
START GROUP
LOAD c:/st/stm32cubeide_1.10.1/stm32cubeide/plugins/com.st.stm32cube.ide.mcu.externaltools.gnu-tools-for-stm32.10.3-2021.10.win32_1.0.0.202111181127/tools/bin/../lib/gcc/arm-none-eabi/10.3.1/thumb/v7e-m+fp/hard\libgcc.a
LOAD c:/st/stm32cubeide_1.10.1/stm32cubeide/plugins/com.st.stm32cube.ide.mcu.externaltools.gnu-tools-for-stm32.10.3-2021.10.win32_1.0.0.202111181127/tools/bin/../lib/gcc/arm-none-eabi/10.3.1/../../../../arm-none-eabi/lib/thumb/v7e-m+fp/hard\libc_nano.a
LOAD c:/st/stm32cubeide_1.10.1/stm32cubeide/plugins/com.st.stm32cube.ide.mcu.externaltools.gnu-tools-for-stm32.10.3-2021.10.win32_1.0.0.202111181127/tools/bin/../lib/gcc/arm-none-eabi/10.3.1/../../../../arm-none-eabi/lib/thumb/v7e-m+fp/hard\libnosys.a
END GROUP
START GROUP
LOAD c:/st/stm32cubeide_1.10.1/stm32cubeide/plugins/com.st.stm32cube.ide.mcu.externaltools.gnu-tools-for-stm32.10.3-2021.10.win32_1.0.0.202111181127/tools/bin/../lib/gcc/arm-none-eabi/10.3.1/thumb/v7e-m+fp/hard\libgcc.a
LOAD c:/st/stm32cubeide_1.10.1/stm32cubeide/plugins/com.st.stm32cube.ide.mcu.externaltools.gnu-tools-for-stm32.10.3-2021.10.win32_1.0.0.202111181127/tools/bin/../lib/gcc/arm-none-eabi/10.3.1/../../../../arm-none-eabi/lib/thumb/v7e-m+fp/hard\libc_nano.a
LOAD c:/st/stm32cubeide_1.10.1/stm32cubeide/plugins/com.st.stm32cube.ide.mcu.externaltools.gnu-tools-for-stm32.10.3-2021.10.win32_1.0.0.202111181127/tools/bin/../lib/gcc/arm-none-eabi/10.3.1/../../../../arm-none-eabi/lib/thumb/v7e-m+fp/hard\libnosys.a
END GROUP
LOAD c:/st/stm32cubeide_1.10.1/stm32cubeide/plugins/com.st.stm32cube.ide.mcu.externaltools.gnu-tools-for-stm32.10.3-2021.10.win32_1.0.0.202111181127/tools/bin/../lib/gcc/arm-none-eabi/10.3.1/thumb/v7e-m+fp/hard/crtend.o
LOAD c:/st/stm32cubeide_1.10.1/stm32cubeide/plugins/com.st.stm32cube.ide.mcu.externaltools.gnu-tools-for-stm32.10.3-2021.10.win32_1.0.0.202111181127/tools/bin/../lib/gcc/arm-none-eabi/10.3.1/thumb/v7e-m+fp/hard/crtn.o
                0x0000000020020000                _estack = (ORIGIN (RAM) + LENGTH (RAM))
                0x0000000000002000                _Min_Heap_Size = 0x2000
                0x0000000000002000                _Min_Stack_Size = 0x2000

.isr_vector     0x0000000008000000      0x198
                0x0000000008000000                . = ALIGN (0x4)
 *(.isr_vector)
 .isr_vector    0x0000000008000000      0x198 ./Core/Startup/startup_stm32f411vetx.o
                0x0000000008000000                g_pfnVectors
                0x0000000008000198                . = ALIGN (0x4)

.text           0x0000000008000198     0xf9fc
                0x0000000008000198                . = ALIGN (0x4)
 *(.text)
 .text          0x0000000008000198       0x40 c:/st/stm32cubeide_1.10.1/stm32cubeide/plugins/com.st.stm32cube.ide.mcu.externaltools.gnu-tools-for-stm32.10.3-2021.10.win32_1.0.0.202111181127/tools/bin/../lib/gcc/arm-none-eabi/10.3.1/thumb/v7e-m+fp/hard/crtbegin.o
 .text          0x00000000080001d8      0x378 c:/st/stm32cubeide_1.10.1/stm32cubeide/plugins/com.st.stm32cube.ide.mcu.externaltools.gnu-tools-for-stm32.10.3-2021.10.win32_1.0.0.202111181127/tools/bin/../lib/gcc/arm-none-eabi/10.3.1/thumb/v7e-m+fp/hard\libgcc.a(_arm_addsubdf3.o)
                0x00000000080001d8                __aeabi_drsub
                0x00000000080001e0                __aeabi_dsub
                0x00000000080001e0                __subdf3
                0x00000000080001e4                __aeabi_dadd
                0x00000000080001e4                __adddf3
                0x000000000800045c                __floatunsidf
                0x000000000800045c                __aeabi_ui2d
                0x000000000800047c                __floatsidf
                0x000000000800047c                __aeabi_i2d
                0x00000000080004a0                __aeabi_f2d
                0x00000000080004a0                __extendsfdf2
                0x00000000080004e4                __floatundidf
                0x00000000080004e4                __aeabi_ul2d
                0x00000000080004f4                __floatdidf
                0x00000000080004f4                __aeabi_l2d
 .text          0x0000000008000550      0x424 c:/st/stm32cubeide_1.10.1/stm32cubeide/plugins/com.st.stm32cube.ide.mcu.externaltools.gnu-tools-for-stm32.10.3-2021.10.win32_1.0.0.202111181127/tools/bin/../lib/gcc/arm-none-eabi/10.3.1/thumb/v7e-m+fp/hard\libgcc.a(_arm_muldivdf3.o)
                0x0000000008000550                __aeabi_dmul
                0x0000000008000550                __muldf3
                0x00000000080007a4                __divdf3
                0x00000000080007a4                __aeabi_ddiv
 .text          0x0000000008000974      0x110 c:/st/stm32cubeide_1.10.1/stm32cubeide/plugins/com.st.stm32cube.ide.mcu.externaltools.gnu-tools-for-stm32.10.3-2021.10.win32_1.0.0.202111181127/tools/bin/../lib/gcc/arm-none-eabi/10.3.1/thumb/v7e-m+fp/hard\libgcc.a(_arm_cmpdf2.o)
                0x0000000008000974                __gtdf2
                0x0000000008000974                __gedf2
                0x000000000800097c                __ltdf2
                0x000000000800097c                __ledf2
                0x0000000008000984                __nedf2
                0x0000000008000984                __eqdf2
                0x0000000008000984                __cmpdf2
                0x0000000008000a00                __aeabi_cdrcmple
                0x0000000008000a10                __aeabi_cdcmpeq
                0x0000000008000a10                __aeabi_cdcmple
                0x0000000008000a20                __aeabi_dcmpeq
                0x0000000008000a34                __aeabi_dcmplt
                0x0000000008000a48                __aeabi_dcmple
                0x0000000008000a5c                __aeabi_dcmpge
                0x0000000008000a70                __aeabi_dcmpgt
 .text          0x0000000008000a84       0x30 c:/st/stm32cubeide_1.10.1/stm32cubeide/plugins/com.st.stm32cube.ide.mcu.externaltools.gnu-tools-for-stm32.10.3-2021.10.win32_1.0.0.202111181127/tools/bin/../lib/gcc/arm-none-eabi/10.3.1/thumb/v7e-m+fp/hard\libgcc.a(_aeabi_uldivmod.o)
                0x0000000008000a84                __aeabi_uldivmod
 .text          0x0000000008000ab4      0x2d0 c:/st/stm32cubeide_1.10.1/stm32cubeide/plugins/com.st.stm32cube.ide.mcu.externaltools.gnu-tools-for-stm32.10.3-2021.10.win32_1.0.0.202111181127/tools/bin/../lib/gcc/arm-none-eabi/10.3.1/thumb/v7e-m+fp/hard\libgcc.a(_udivmoddi4.o)
                0x0000000008000ab4                __udivmoddi4
 .text          0x0000000008000d84        0x4 c:/st/stm32cubeide_1.10.1/stm32cubeide/plugins/com.st.stm32cube.ide.mcu.externaltools.gnu-tools-for-stm32.10.3-2021.10.win32_1.0.0.202111181127/tools/bin/../lib/gcc/arm-none-eabi/10.3.1/thumb/v7e-m+fp/hard\libgcc.a(_dvmd_tls.o)
                0x0000000008000d84                __aeabi_idiv0
                0x0000000008000d84                __aeabi_ldiv0
 *(.text*)
 .text.write_register
                0x0000000008000d88       0x34 ./Audio/MY_CS43L22.o
 .text.read_register
                0x0000000008000dbc       0x40 ./Audio/MY_CS43L22.o
 .text.CS43_Init
                0x0000000008000dfc      0x20c ./Audio/MY_CS43L22.o
                0x0000000008000dfc                CS43_Init
 .text.CS43_Enable_RightLeft
                0x0000000008001008       0x94 ./Audio/MY_CS43L22.o
                0x0000000008001008                CS43_Enable_RightLeft
 .text.CS43_SetVolume
                0x000000000800109c       0x36 ./Audio/MY_CS43L22.o
                0x000000000800109c                CS43_SetVolume
 .text.CS43_SetMute
                0x00000000080010d2       0x7e ./Audio/MY_CS43L22.o
                0x00000000080010d2                CS43_SetMute
 .text.CS43_Start
                0x0000000008001150       0x98 ./Audio/MY_CS43L22.o
                0x0000000008001150                CS43_Start
 .text.CS43_Stop
                0x00000000080011e8       0x34 ./Audio/MY_CS43L22.o
                0x00000000080011e8                CS43_Stop
 .text.audioI2S_pllClockConfig
                0x000000000800121c       0xb0 ./Audio/audioI2S.o
 .text.I2S3_freqUpdate
                0x00000000080012cc       0x88 ./Audio/audioI2S.o
 .text.audioI2S_setHandle
                0x0000000008001354       0x20 ./Audio/audioI2S.o
                0x0000000008001354                audioI2S_setHandle
 .text.audioI2S_init
                0x0000000008001374       0x1e ./Audio/audioI2S.o
                0x0000000008001374                audioI2S_init
 *fill*         0x0000000008001392        0x2 
 .text.audioI2S_play
                0x0000000008001394       0x3c ./Audio/audioI2S.o
                0x0000000008001394                audioI2S_play
 .text.audioI2S_stop
                0x00000000080013d0       0x1c ./Audio/audioI2S.o
                0x00000000080013d0                audioI2S_stop
 .text.HAL_I2S_TxCpltCallback
                0x00000000080013ec       0x24 ./Audio/audioI2S.o
                0x00000000080013ec                HAL_I2S_TxCpltCallback
 .text.HAL_I2S_TxHalfCpltCallback
                0x0000000008001410       0x24 ./Audio/audioI2S.o
                0x0000000008001410                HAL_I2S_TxHalfCpltCallback
 .text.wavPlayer_reset
                0x0000000008001434       0x24 ./Audio/wav_player.o
 .text.wavPlayer_fileSelect
                0x0000000008001458       0x54 ./Audio/wav_player.o
                0x0000000008001458                wavPlayer_fileSelect
 .text.wavPlayer_play
                0x00000000080014ac       0x64 ./Audio/wav_player.o
                0x00000000080014ac                wavPlayer_play
 .text.wavPlayer_process
                0x0000000008001510       0xe4 ./Audio/wav_player.o
                0x0000000008001510                wavPlayer_process
 .text.wavPlayer_stop
                0x00000000080015f4       0x18 ./Audio/wav_player.o
                0x00000000080015f4                wavPlayer_stop
 .text.wavPlayer_isFinished
                0x000000000800160c       0x18 ./Audio/wav_player.o
                0x000000000800160c                wavPlayer_isFinished
 .text.audioI2S_halfTransfer_Callback
                0x0000000008001624       0x18 ./Audio/wav_player.o
                0x0000000008001624                audioI2S_halfTransfer_Callback
 .text.audioI2S_fullTransfer_Callback
                0x000000000800163c       0x18 ./Audio/wav_player.o
                0x000000000800163c                audioI2S_fullTransfer_Callback
 *fill*         0x0000000008001654        0x4 
 .text.main     0x0000000008001658      0x1d0 ./Core/Src/main.o
                0x0000000008001658                main
 .text.SystemClock_Config
                0x0000000008001828       0xd0 ./Core/Src/main.o
                0x0000000008001828                SystemClock_Config
 .text.MX_I2C1_Init
                0x00000000080018f8       0x5c ./Core/Src/main.o
 .text.MX_I2S3_Init
                0x0000000008001954       0x5c ./Core/Src/main.o
 .text.MX_DMA_Init
                0x00000000080019b0       0x40 ./Core/Src/main.o
 .text.MX_GPIO_Init
                0x00000000080019f0      0x214 ./Core/Src/main.o
 .text.Sound_play
                0x0000000008001c04       0x98 ./Core/Src/main.o
                0x0000000008001c04                Sound_play
 .text.Error_Handler
                0x0000000008001c9c        0xa ./Core/Src/main.o
                0x0000000008001c9c                Error_Handler
 *fill*         0x0000000008001ca6        0x2 
 .text.HAL_MspInit
                0x0000000008001ca8       0x60 ./Core/Src/stm32f4xx_hal_msp.o
                0x0000000008001ca8                HAL_MspInit
 .text.HAL_I2C_MspInit
                0x0000000008001d08       0x90 ./Core/Src/stm32f4xx_hal_msp.o
                0x0000000008001d08                HAL_I2C_MspInit
 .text.HAL_I2C_MspDeInit
                0x0000000008001d98       0x44 ./Core/Src/stm32f4xx_hal_msp.o
                0x0000000008001d98                HAL_I2C_MspDeInit
 .text.HAL_I2S_MspInit
                0x0000000008001ddc      0x184 ./Core/Src/stm32f4xx_hal_msp.o
                0x0000000008001ddc                HAL_I2S_MspInit
 .text.NMI_Handler
                0x0000000008001f60        0x6 ./Core/Src/stm32f4xx_it.o
                0x0000000008001f60                NMI_Handler
 .text.HardFault_Handler
                0x0000000008001f66        0x6 ./Core/Src/stm32f4xx_it.o
                0x0000000008001f66                HardFault_Handler
 .text.MemManage_Handler
                0x0000000008001f6c        0x6 ./Core/Src/stm32f4xx_it.o
                0x0000000008001f6c                MemManage_Handler
 .text.BusFault_Handler
                0x0000000008001f72        0x6 ./Core/Src/stm32f4xx_it.o
                0x0000000008001f72                BusFault_Handler
 .text.UsageFault_Handler
                0x0000000008001f78        0x6 ./Core/Src/stm32f4xx_it.o
                0x0000000008001f78                UsageFault_Handler
 .text.SVC_Handler
                0x0000000008001f7e        0xe ./Core/Src/stm32f4xx_it.o
                0x0000000008001f7e                SVC_Handler
 .text.DebugMon_Handler
                0x0000000008001f8c        0xe ./Core/Src/stm32f4xx_it.o
                0x0000000008001f8c                DebugMon_Handler
 .text.PendSV_Handler
                0x0000000008001f9a        0xe ./Core/Src/stm32f4xx_it.o
                0x0000000008001f9a                PendSV_Handler
 .text.SysTick_Handler
                0x0000000008001fa8        0xc ./Core/Src/stm32f4xx_it.o
                0x0000000008001fa8                SysTick_Handler
 .text.RCC_IRQHandler
                0x0000000008001fb4        0xe ./Core/Src/stm32f4xx_it.o
                0x0000000008001fb4                RCC_IRQHandler
 .text.EXTI0_IRQHandler
                0x0000000008001fc2        0xe ./Core/Src/stm32f4xx_it.o
                0x0000000008001fc2                EXTI0_IRQHandler
 .text.DMA1_Stream5_IRQHandler
                0x0000000008001fd0       0x14 ./Core/Src/stm32f4xx_it.o
                0x0000000008001fd0                DMA1_Stream5_IRQHandler
 .text.OTG_FS_IRQHandler
                0x0000000008001fe4       0x14 ./Core/Src/stm32f4xx_it.o
                0x0000000008001fe4                OTG_FS_IRQHandler
 .text._sbrk    0x0000000008001ff8       0x6c ./Core/Src/sysmem.o
                0x0000000008001ff8                _sbrk
 .text.SystemInit
                0x0000000008002064       0x24 ./Core/Src/system_stm32f4xx.o
                0x0000000008002064                SystemInit
 .text.Reset_Handler
                0x0000000008002088       0x50 ./Core/Startup/startup_stm32f411vetx.o
                0x0000000008002088                Reset_Handler
 .text.Default_Handler
                0x00000000080020d8        0x2 ./Core/Startup/startup_stm32f411vetx.o
                0x00000000080020d8                RTC_Alarm_IRQHandler
                0x00000000080020d8                EXTI2_IRQHandler
                0x00000000080020d8                SPI4_IRQHandler
                0x00000000080020d8                TIM1_CC_IRQHandler
                0x00000000080020d8                DMA2_Stream5_IRQHandler
                0x00000000080020d8                PVD_IRQHandler
                0x00000000080020d8                SDIO_IRQHandler
                0x00000000080020d8                TAMP_STAMP_IRQHandler
                0x00000000080020d8                EXTI3_IRQHandler
                0x00000000080020d8                TIM1_UP_TIM10_IRQHandler
                0x00000000080020d8                I2C3_ER_IRQHandler
                0x00000000080020d8                I2C2_EV_IRQHandler
                0x00000000080020d8                DMA1_Stream2_IRQHandler
                0x00000000080020d8                FPU_IRQHandler
                0x00000000080020d8                DMA2_Stream2_IRQHandler
                0x00000000080020d8                SPI1_IRQHandler
                0x00000000080020d8                TIM1_BRK_TIM9_IRQHandler
                0x00000000080020d8                DMA2_Stream3_IRQHandler
                0x00000000080020d8                USART6_IRQHandler
                0x00000000080020d8                DMA2_Stream0_IRQHandler
                0x00000000080020d8                TIM4_IRQHandler
                0x00000000080020d8                I2C1_EV_IRQHandler
                0x00000000080020d8                DMA1_Stream6_IRQHandler
                0x00000000080020d8                DMA1_Stream1_IRQHandler
                0x00000000080020d8                TIM3_IRQHandler
                0x00000000080020d8                Default_Handler
                0x00000000080020d8                EXTI15_10_IRQHandler
                0x00000000080020d8                ADC_IRQHandler
                0x00000000080020d8                DMA1_Stream7_IRQHandler
                0x00000000080020d8                SPI5_IRQHandler
                0x00000000080020d8                TIM5_IRQHandler
                0x00000000080020d8                DMA2_Stream7_IRQHandler
                0x00000000080020d8                I2C3_EV_IRQHandler
                0x00000000080020d8                EXTI9_5_IRQHandler
                0x00000000080020d8                RTC_WKUP_IRQHandler
                0x00000000080020d8                SPI2_IRQHandler
                0x00000000080020d8                DMA1_Stream0_IRQHandler
                0x00000000080020d8                EXTI4_IRQHandler
                0x00000000080020d8                WWDG_IRQHandler
                0x00000000080020d8                TIM2_IRQHandler
                0x00000000080020d8                OTG_FS_WKUP_IRQHandler
                0x00000000080020d8                TIM1_TRG_COM_TIM11_IRQHandler
                0x00000000080020d8                EXTI1_IRQHandler
                0x00000000080020d8                USART2_IRQHandler
                0x00000000080020d8                I2C2_ER_IRQHandler
                0x00000000080020d8                DMA2_Stream1_IRQHandler
                0x00000000080020d8                FLASH_IRQHandler
                0x00000000080020d8                DMA2_Stream4_IRQHandler
                0x00000000080020d8                USART1_IRQHandler
                0x00000000080020d8                SPI3_IRQHandler
                0x00000000080020d8                DMA1_Stream4_IRQHandler
                0x00000000080020d8                I2C1_ER_IRQHandler
                0x00000000080020d8                DMA2_Stream6_IRQHandler
                0x00000000080020d8                DMA1_Stream3_IRQHandler
 .text.LSM303AGR_AccInit
                0x00000000080020da       0x3a ./Drivers/BSP/Components/lsm303agr/lsm303agr.o
                0x00000000080020da                LSM303AGR_AccInit
 .text.LSM303AGR_AccDeInit
                0x0000000008002114        0xe ./Drivers/BSP/Components/lsm303agr/lsm303agr.o
                0x0000000008002114                LSM303AGR_AccDeInit
 .text.LSM303AGR_AccReadID
                0x0000000008002122       0x24 ./Drivers/BSP/Components/lsm303agr/lsm303agr.o
                0x0000000008002122                LSM303AGR_AccReadID
 .text.LSM303AGR_AccRebootCmd
                0x0000000008002146       0x2e ./Drivers/BSP/Components/lsm303agr/lsm303agr.o
                0x0000000008002146                LSM303AGR_AccRebootCmd
 .text.LSM303AGR_AccFilterConfig
                0x0000000008002174       0x3a ./Drivers/BSP/Components/lsm303agr/lsm303agr.o
                0x0000000008002174                LSM303AGR_AccFilterConfig
 .text.LSM303AGR_AccFilterCmd
                0x00000000080021ae       0x3a ./Drivers/BSP/Components/lsm303agr/lsm303agr.o
                0x00000000080021ae                LSM303AGR_AccFilterCmd
 .text.LSM303AGR_AccReadXYZ
                0x00000000080021e8      0x190 ./Drivers/BSP/Components/lsm303agr/lsm303agr.o
                0x00000000080021e8                LSM303AGR_AccReadXYZ
 .text.LSM303AGR_AccFilterClickCmd
                0x0000000008002378       0x3e ./Drivers/BSP/Components/lsm303agr/lsm303agr.o
                0x0000000008002378                LSM303AGR_AccFilterClickCmd
 .text.LSM303AGR_AccIT1Enable
                0x00000000080023b6       0x36 ./Drivers/BSP/Components/lsm303agr/lsm303agr.o
                0x00000000080023b6                LSM303AGR_AccIT1Enable
 .text.LSM303AGR_AccClickITEnable
                0x00000000080023ec       0x72 ./Drivers/BSP/Components/lsm303agr/lsm303agr.o
                0x00000000080023ec                LSM303AGR_AccClickITEnable
 .text.LSM303AGR_AccZClickITConfig
                0x000000000800245e       0x1e ./Drivers/BSP/Components/lsm303agr/lsm303agr.o
                0x000000000800245e                LSM303AGR_AccZClickITConfig
 .text.LSM303DLHC_AccInit
                0x000000000800247c       0x3a ./Drivers/BSP/Components/lsm303dlhc/lsm303dlhc.o
                0x000000000800247c                LSM303DLHC_AccInit
 .text.LSM303DLHC_AccDeInit
                0x00000000080024b6        0xe ./Drivers/BSP/Components/lsm303dlhc/lsm303dlhc.o
                0x00000000080024b6                LSM303DLHC_AccDeInit
 .text.LSM303DLHC_AccReadID
                0x00000000080024c4       0x24 ./Drivers/BSP/Components/lsm303dlhc/lsm303dlhc.o
                0x00000000080024c4                LSM303DLHC_AccReadID
 .text.LSM303DLHC_AccRebootCmd
                0x00000000080024e8       0x2e ./Drivers/BSP/Components/lsm303dlhc/lsm303dlhc.o
                0x00000000080024e8                LSM303DLHC_AccRebootCmd
 .text.LSM303DLHC_AccFilterConfig
                0x0000000008002516       0x3a ./Drivers/BSP/Components/lsm303dlhc/lsm303dlhc.o
                0x0000000008002516                LSM303DLHC_AccFilterConfig
 .text.LSM303DLHC_AccFilterCmd
                0x0000000008002550       0x3a ./Drivers/BSP/Components/lsm303dlhc/lsm303dlhc.o
                0x0000000008002550                LSM303DLHC_AccFilterCmd
 .text.LSM303DLHC_AccReadXYZ
                0x000000000800258a      0x190 ./Drivers/BSP/Components/lsm303dlhc/lsm303dlhc.o
                0x000000000800258a                LSM303DLHC_AccReadXYZ
 .text.LSM303DLHC_AccFilterClickCmd
                0x000000000800271a       0x3e ./Drivers/BSP/Components/lsm303dlhc/lsm303dlhc.o
                0x000000000800271a                LSM303DLHC_AccFilterClickCmd
 .text.LSM303DLHC_AccIT1Enable
                0x0000000008002758       0x36 ./Drivers/BSP/Components/lsm303dlhc/lsm303dlhc.o
                0x0000000008002758                LSM303DLHC_AccIT1Enable
 .text.LSM303DLHC_AccClickITEnable
                0x000000000800278e       0x72 ./Drivers/BSP/Components/lsm303dlhc/lsm303dlhc.o
                0x000000000800278e                LSM303DLHC_AccClickITEnable
 .text.LSM303DLHC_AccZClickITConfig
                0x0000000008002800       0x1e ./Drivers/BSP/Components/lsm303dlhc/lsm303dlhc.o
                0x0000000008002800                LSM303DLHC_AccZClickITConfig
 *fill*         0x000000000800281e        0x2 
 .text.I2Cx_Init
                0x0000000008002820       0x64 ./Drivers/BSP/STM32F411E-Discovery/stm32f411e_discovery.o
 .text.I2Cx_WriteData
                0x0000000008002884       0x50 ./Drivers/BSP/STM32F411E-Discovery/stm32f411e_discovery.o
 .text.I2Cx_ReadData
                0x00000000080028d4       0x58 ./Drivers/BSP/STM32F411E-Discovery/stm32f411e_discovery.o
 .text.I2Cx_Error
                0x000000000800292c       0x18 ./Drivers/BSP/STM32F411E-Discovery/stm32f411e_discovery.o
 .text.I2Cx_MspInit
                0x0000000008002944       0xac ./Drivers/BSP/STM32F411E-Discovery/stm32f411e_discovery.o
 .text.COMPASSACCELERO_IO_Init
                0x00000000080029f0       0x50 ./Drivers/BSP/STM32F411E-Discovery/stm32f411e_discovery.o
                0x00000000080029f0                COMPASSACCELERO_IO_Init
 .text.COMPASSACCELERO_IO_ITConfig
                0x0000000008002a40       0x60 ./Drivers/BSP/STM32F411E-Discovery/stm32f411e_discovery.o
                0x0000000008002a40                COMPASSACCELERO_IO_ITConfig
 .text.COMPASSACCELERO_IO_Write
                0x0000000008002aa0       0x26 ./Drivers/BSP/STM32F411E-Discovery/stm32f411e_discovery.o
                0x0000000008002aa0                COMPASSACCELERO_IO_Write
 .text.COMPASSACCELERO_IO_Read
                0x0000000008002ac6       0x26 ./Drivers/BSP/STM32F411E-Discovery/stm32f411e_discovery.o
                0x0000000008002ac6                COMPASSACCELERO_IO_Read
 .text.BSP_ACCELERO_Init
                0x0000000008002aec      0x184 ./Drivers/BSP/STM32F411E-Discovery/stm32f411e_discovery_accelerometer.o
                0x0000000008002aec                BSP_ACCELERO_Init
 .text.BSP_ACCELERO_GetXYZ
                0x0000000008002c70       0x58 ./Drivers/BSP/STM32F411E-Discovery/stm32f411e_discovery_accelerometer.o
                0x0000000008002c70                BSP_ACCELERO_GetXYZ
 .text.HAL_Init
                0x0000000008002cc8       0x44 ./Drivers/STM32F4xx_HAL_Driver/Src/stm32f4xx_hal.o
                0x0000000008002cc8                HAL_Init
 .text.HAL_InitTick
                0x0000000008002d0c       0x60 ./Drivers/STM32F4xx_HAL_Driver/Src/stm32f4xx_hal.o
                0x0000000008002d0c                HAL_InitTick
 .text.HAL_IncTick
                0x0000000008002d6c       0x28 ./Drivers/STM32F4xx_HAL_Driver/Src/stm32f4xx_hal.o
                0x0000000008002d6c                HAL_IncTick
 .text.HAL_GetTick
                0x0000000008002d94       0x18 ./Drivers/STM32F4xx_HAL_Driver/Src/stm32f4xx_hal.o
                0x0000000008002d94                HAL_GetTick
 .text.HAL_Delay
                0x0000000008002dac       0x48 ./Drivers/STM32F4xx_HAL_Driver/Src/stm32f4xx_hal.o
                0x0000000008002dac                HAL_Delay
 .text.__NVIC_SetPriorityGrouping
                0x0000000008002df4       0x48 ./Drivers/STM32F4xx_HAL_Driver/Src/stm32f4xx_hal_cortex.o
 .text.__NVIC_GetPriorityGrouping
                0x0000000008002e3c       0x1c ./Drivers/STM32F4xx_HAL_Driver/Src/stm32f4xx_hal_cortex.o
 .text.__NVIC_EnableIRQ
                0x0000000008002e58       0x3c ./Drivers/STM32F4xx_HAL_Driver/Src/stm32f4xx_hal_cortex.o
 .text.__NVIC_SetPriority
                0x0000000008002e94       0x54 ./Drivers/STM32F4xx_HAL_Driver/Src/stm32f4xx_hal_cortex.o
 .text.NVIC_EncodePriority
                0x0000000008002ee8       0x66 ./Drivers/STM32F4xx_HAL_Driver/Src/stm32f4xx_hal_cortex.o
 *fill*         0x0000000008002f4e        0x2 
 .text.SysTick_Config
                0x0000000008002f50       0x44 ./Drivers/STM32F4xx_HAL_Driver/Src/stm32f4xx_hal_cortex.o
 .text.HAL_NVIC_SetPriorityGrouping
                0x0000000008002f94       0x16 ./Drivers/STM32F4xx_HAL_Driver/Src/stm32f4xx_hal_cortex.o
                0x0000000008002f94                HAL_NVIC_SetPriorityGrouping
 .text.HAL_NVIC_SetPriority
                0x0000000008002faa       0x38 ./Drivers/STM32F4xx_HAL_Driver/Src/stm32f4xx_hal_cortex.o
                0x0000000008002faa                HAL_NVIC_SetPriority
 .text.HAL_NVIC_EnableIRQ
                0x0000000008002fe2       0x1c ./Drivers/STM32F4xx_HAL_Driver/Src/stm32f4xx_hal_cortex.o
                0x0000000008002fe2                HAL_NVIC_EnableIRQ
 .text.HAL_SYSTICK_Config
                0x0000000008002ffe       0x18 ./Drivers/STM32F4xx_HAL_Driver/Src/stm32f4xx_hal_cortex.o
                0x0000000008002ffe                HAL_SYSTICK_Config
 *fill*         0x0000000008003016        0x2 
 .text.HAL_DMA_Init
                0x0000000008003018      0x15c ./Drivers/STM32F4xx_HAL_Driver/Src/stm32f4xx_hal_dma.o
                0x0000000008003018                HAL_DMA_Init
 .text.HAL_DMA_Start_IT
                0x0000000008003174       0xb0 ./Drivers/STM32F4xx_HAL_Driver/Src/stm32f4xx_hal_dma.o
                0x0000000008003174                HAL_DMA_Start_IT
 .text.HAL_DMA_Abort
                0x0000000008003224       0xe0 ./Drivers/STM32F4xx_HAL_Driver/Src/stm32f4xx_hal_dma.o
                0x0000000008003224                HAL_DMA_Abort
 .text.HAL_DMA_IRQHandler
                0x0000000008003304      0x314 ./Drivers/STM32F4xx_HAL_Driver/Src/stm32f4xx_hal_dma.o
                0x0000000008003304                HAL_DMA_IRQHandler
 .text.DMA_SetConfig
                0x0000000008003618       0x5c ./Drivers/STM32F4xx_HAL_Driver/Src/stm32f4xx_hal_dma.o
 .text.DMA_CalcBaseAndBitshift
                0x0000000008003674       0x6c ./Drivers/STM32F4xx_HAL_Driver/Src/stm32f4xx_hal_dma.o
 .text.DMA_CheckFifoParam
                0x00000000080036e0       0xf8 ./Drivers/STM32F4xx_HAL_Driver/Src/stm32f4xx_hal_dma.o
 .text.HAL_GPIO_Init
                0x00000000080037d8      0x308 ./Drivers/STM32F4xx_HAL_Driver/Src/stm32f4xx_hal_gpio.o
                0x00000000080037d8                HAL_GPIO_Init
 .text.HAL_GPIO_DeInit
                0x0000000008003ae0      0x1c8 ./Drivers/STM32F4xx_HAL_Driver/Src/stm32f4xx_hal_gpio.o
                0x0000000008003ae0                HAL_GPIO_DeInit
 .text.HAL_GPIO_WritePin
                0x0000000008003ca8       0x32 ./Drivers/STM32F4xx_HAL_Driver/Src/stm32f4xx_hal_gpio.o
                0x0000000008003ca8                HAL_GPIO_WritePin
 *fill*         0x0000000008003cda        0x2 
 .text.HAL_GPIO_EXTI_IRQHandler
                0x0000000008003cdc       0x30 ./Drivers/STM32F4xx_HAL_Driver/Src/stm32f4xx_hal_gpio.o
                0x0000000008003cdc                HAL_GPIO_EXTI_IRQHandler
 .text.HAL_GPIO_EXTI_Callback
                0x0000000008003d0c       0x16 ./Drivers/STM32F4xx_HAL_Driver/Src/stm32f4xx_hal_gpio.o
                0x0000000008003d0c                HAL_GPIO_EXTI_Callback
 .text.HAL_HCD_Init
                0x0000000008003d22       0xc4 ./Drivers/STM32F4xx_HAL_Driver/Src/stm32f4xx_hal_hcd.o
                0x0000000008003d22                HAL_HCD_Init
 .text.HAL_HCD_HC_Init
                0x0000000008003de6      0x11e ./Drivers/STM32F4xx_HAL_Driver/Src/stm32f4xx_hal_hcd.o
                0x0000000008003de6                HAL_HCD_HC_Init
 .text.HAL_HCD_HC_Halt
                0x0000000008003f04       0x46 ./Drivers/STM32F4xx_HAL_Driver/Src/stm32f4xx_hal_hcd.o
                0x0000000008003f04                HAL_HCD_HC_Halt
 *fill*         0x0000000008003f4a        0x2 
 .text.HAL_HCD_HC_SubmitRequest
                0x0000000008003f4c      0x2ac ./Drivers/STM32F4xx_HAL_Driver/Src/stm32f4xx_hal_hcd.o
                0x0000000008003f4c                HAL_HCD_HC_SubmitRequest
 .text.HAL_HCD_IRQHandler
                0x00000000080041f8      0x216 ./Drivers/STM32F4xx_HAL_Driver/Src/stm32f4xx_hal_hcd.o
                0x00000000080041f8                HAL_HCD_IRQHandler
 .text.HAL_HCD_Start
                0x000000000800440e       0x46 ./Drivers/STM32F4xx_HAL_Driver/Src/stm32f4xx_hal_hcd.o
                0x000000000800440e                HAL_HCD_Start
 .text.HAL_HCD_Stop
                0x0000000008004454       0x3a ./Drivers/STM32F4xx_HAL_Driver/Src/stm32f4xx_hal_hcd.o
                0x0000000008004454                HAL_HCD_Stop
 .text.HAL_HCD_ResetPort
                0x000000000800448e       0x1c ./Drivers/STM32F4xx_HAL_Driver/Src/stm32f4xx_hal_hcd.o
                0x000000000800448e                HAL_HCD_ResetPort
 .text.HAL_HCD_HC_GetURBState
                0x00000000080044aa       0x28 ./Drivers/STM32F4xx_HAL_Driver/Src/stm32f4xx_hal_hcd.o
                0x00000000080044aa                HAL_HCD_HC_GetURBState
 .text.HAL_HCD_HC_GetXferCount
                0x00000000080044d2       0x28 ./Drivers/STM32F4xx_HAL_Driver/Src/stm32f4xx_hal_hcd.o
                0x00000000080044d2                HAL_HCD_HC_GetXferCount
 .text.HAL_HCD_GetCurrentFrame
                0x00000000080044fa       0x1c ./Drivers/STM32F4xx_HAL_Driver/Src/stm32f4xx_hal_hcd.o
                0x00000000080044fa                HAL_HCD_GetCurrentFrame
 .text.HAL_HCD_GetCurrentSpeed
                0x0000000008004516       0x1c ./Drivers/STM32F4xx_HAL_Driver/Src/stm32f4xx_hal_hcd.o
                0x0000000008004516                HAL_HCD_GetCurrentSpeed
 .text.HCD_HC_IN_IRQHandler
                0x0000000008004532      0x6aa ./Drivers/STM32F4xx_HAL_Driver/Src/stm32f4xx_hal_hcd.o
 .text.HCD_HC_OUT_IRQHandler
                0x0000000008004bdc      0x6d2 ./Drivers/STM32F4xx_HAL_Driver/Src/stm32f4xx_hal_hcd.o
 .text.HCD_RXQLVL_IRQHandler
                0x00000000080052ae      0x1a4 ./Drivers/STM32F4xx_HAL_Driver/Src/stm32f4xx_hal_hcd.o
 .text.HCD_Port_IRQHandler
                0x0000000008005452       0xe6 ./Drivers/STM32F4xx_HAL_Driver/Src/stm32f4xx_hal_hcd.o
 .text.HAL_I2C_Init
                0x0000000008005538      0x288 ./Drivers/STM32F4xx_HAL_Driver/Src/stm32f4xx_hal_i2c.o
                0x0000000008005538                HAL_I2C_Init
 .text.HAL_I2C_DeInit
                0x00000000080057c0       0x5e ./Drivers/STM32F4xx_HAL_Driver/Src/stm32f4xx_hal_i2c.o
                0x00000000080057c0                HAL_I2C_DeInit
 *fill*         0x000000000800581e        0x2 
 .text.HAL_I2C_Master_Transmit
                0x0000000008005820      0x1fc ./Drivers/STM32F4xx_HAL_Driver/Src/stm32f4xx_hal_i2c.o
                0x0000000008005820                HAL_I2C_Master_Transmit
 .text.HAL_I2C_Master_Receive
                0x0000000008005a1c      0x44c ./Drivers/STM32F4xx_HAL_Driver/Src/stm32f4xx_hal_i2c.o
                0x0000000008005a1c                HAL_I2C_Master_Receive
 .text.HAL_I2C_Mem_Write
                0x0000000008005e68      0x1f4 ./Drivers/STM32F4xx_HAL_Driver/Src/stm32f4xx_hal_i2c.o
                0x0000000008005e68                HAL_I2C_Mem_Write
 .text.HAL_I2C_Mem_Read
                0x000000000800605c      0x44c ./Drivers/STM32F4xx_HAL_Driver/Src/stm32f4xx_hal_i2c.o
                0x000000000800605c                HAL_I2C_Mem_Read
 .text.HAL_I2C_GetState
                0x00000000080064a8       0x1c ./Drivers/STM32F4xx_HAL_Driver/Src/stm32f4xx_hal_i2c.o
                0x00000000080064a8                HAL_I2C_GetState
 .text.I2C_MasterRequestWrite
                0x00000000080064c4      0x104 ./Drivers/STM32F4xx_HAL_Driver/Src/stm32f4xx_hal_i2c.o
 .text.I2C_MasterRequestRead
                0x00000000080065c8      0x19c ./Drivers/STM32F4xx_HAL_Driver/Src/stm32f4xx_hal_i2c.o
 .text.I2C_RequestMemoryWrite
                0x0000000008006764      0x12c ./Drivers/STM32F4xx_HAL_Driver/Src/stm32f4xx_hal_i2c.o
 .text.I2C_RequestMemoryRead
                0x0000000008006890      0x1d0 ./Drivers/STM32F4xx_HAL_Driver/Src/stm32f4xx_hal_i2c.o
 .text.I2C_WaitOnFlagUntilTimeout
                0x0000000008006a60       0xae ./Drivers/STM32F4xx_HAL_Driver/Src/stm32f4xx_hal_i2c.o
 .text.I2C_WaitOnMasterAddressFlagUntilTimeout
                0x0000000008006b0e       0xfe ./Drivers/STM32F4xx_HAL_Driver/Src/stm32f4xx_hal_i2c.o
 .text.I2C_WaitOnTXEFlagUntilTimeout
                0x0000000008006c0c       0x82 ./Drivers/STM32F4xx_HAL_Driver/Src/stm32f4xx_hal_i2c.o
 .text.I2C_WaitOnBTFFlagUntilTimeout
                0x0000000008006c8e       0x82 ./Drivers/STM32F4xx_HAL_Driver/Src/stm32f4xx_hal_i2c.o
 .text.I2C_WaitOnRXNEFlagUntilTimeout
                0x0000000008006d10       0xac ./Drivers/STM32F4xx_HAL_Driver/Src/stm32f4xx_hal_i2c.o
 .text.I2C_IsAcknowledgeFailed
                0x0000000008006dbc       0x5e ./Drivers/STM32F4xx_HAL_Driver/Src/stm32f4xx_hal_i2c.o
 *fill*         0x0000000008006e1a        0x2 
 .text.HAL_I2S_Init
                0x0000000008006e1c      0x280 ./Drivers/STM32F4xx_HAL_Driver/Src/stm32f4xx_hal_i2s.o
                0x0000000008006e1c                HAL_I2S_Init
 .text.HAL_I2S_Transmit_DMA
                0x000000000800709c      0x150 ./Drivers/STM32F4xx_HAL_Driver/Src/stm32f4xx_hal_i2s.o
                0x000000000800709c                HAL_I2S_Transmit_DMA
 .text.HAL_I2S_DMAStop
                0x00000000080071ec      0x3b4 ./Drivers/STM32F4xx_HAL_Driver/Src/stm32f4xx_hal_i2s.o
                0x00000000080071ec                HAL_I2S_DMAStop
 .text.HAL_I2S_RxCpltCallback
                0x00000000080075a0       0x14 ./Drivers/STM32F4xx_HAL_Driver/Src/stm32f4xx_hal_i2s.o
                0x00000000080075a0                HAL_I2S_RxCpltCallback
 .text.HAL_I2S_ErrorCallback
                0x00000000080075b4       0x14 ./Drivers/STM32F4xx_HAL_Driver/Src/stm32f4xx_hal_i2s.o
                0x00000000080075b4                HAL_I2S_ErrorCallback
 .text.I2S_DMATxCplt
                0x00000000080075c8       0x42 ./Drivers/STM32F4xx_HAL_Driver/Src/stm32f4xx_hal_i2s.o
 .text.I2S_DMATxHalfCplt
                0x000000000800760a       0x1c ./Drivers/STM32F4xx_HAL_Driver/Src/stm32f4xx_hal_i2s.o
 .text.I2S_DMAError
                0x0000000008007626       0x4c ./Drivers/STM32F4xx_HAL_Driver/Src/stm32f4xx_hal_i2s.o
 .text.I2S_Transmit_IT
                0x0000000008007672       0x5c ./Drivers/STM32F4xx_HAL_Driver/Src/stm32f4xx_hal_i2s.o
 .text.I2S_Receive_IT
                0x00000000080076ce       0x5e ./Drivers/STM32F4xx_HAL_Driver/Src/stm32f4xx_hal_i2s.o
 .text.I2S_IRQHandler
                0x000000000800772c      0x114 ./Drivers/STM32F4xx_HAL_Driver/Src/stm32f4xx_hal_i2s.o
 .text.I2S_WaitFlagStateUntilTimeout
                0x0000000008007840       0x72 ./Drivers/STM32F4xx_HAL_Driver/Src/stm32f4xx_hal_i2s.o
 *fill*         0x00000000080078b2        0x2 
 .text.HAL_I2SEx_FullDuplex_IRQHandler
                0x00000000080078b4      0x2a8 ./Drivers/STM32F4xx_HAL_Driver/Src/stm32f4xx_hal_i2s_ex.o
                0x00000000080078b4                HAL_I2SEx_FullDuplex_IRQHandler
 .text.HAL_I2SEx_TxRxCpltCallback
                0x0000000008007b5c       0x14 ./Drivers/STM32F4xx_HAL_Driver/Src/stm32f4xx_hal_i2s_ex.o
                0x0000000008007b5c                HAL_I2SEx_TxRxCpltCallback
 .text.I2SEx_TxISR_I2S
                0x0000000008007b70       0x62 ./Drivers/STM32F4xx_HAL_Driver/Src/stm32f4xx_hal_i2s_ex.o
 *fill*         0x0000000008007bd2        0x2 
 .text.I2SEx_TxISR_I2SExt
                0x0000000008007bd4       0x98 ./Drivers/STM32F4xx_HAL_Driver/Src/stm32f4xx_hal_i2s_ex.o
 .text.I2SEx_RxISR_I2S
                0x0000000008007c6c       0x64 ./Drivers/STM32F4xx_HAL_Driver/Src/stm32f4xx_hal_i2s_ex.o
 .text.I2SEx_RxISR_I2SExt
                0x0000000008007cd0       0x98 ./Drivers/STM32F4xx_HAL_Driver/Src/stm32f4xx_hal_i2s_ex.o
 .text.HAL_RCC_OscConfig
                0x0000000008007d68      0x4f0 ./Drivers/STM32F4xx_HAL_Driver/Src/stm32f4xx_hal_rcc.o
                0x0000000008007d68                HAL_RCC_OscConfig
 .text.HAL_RCC_ClockConfig
                0x0000000008008258      0x1cc ./Drivers/STM32F4xx_HAL_Driver/Src/stm32f4xx_hal_rcc.o
                0x0000000008008258                HAL_RCC_ClockConfig
 .text.HAL_RCC_GetSysClockFreq
                0x0000000008008424      0x20c ./Drivers/STM32F4xx_HAL_Driver/Src/stm32f4xx_hal_rcc.o
                0x0000000008008424                HAL_RCC_GetSysClockFreq
 .text.HAL_RCC_GetHCLKFreq
                0x0000000008008630       0x18 ./Drivers/STM32F4xx_HAL_Driver/Src/stm32f4xx_hal_rcc.o
                0x0000000008008630                HAL_RCC_GetHCLKFreq
 .text.HAL_RCC_GetPCLK1Freq
                0x0000000008008648       0x28 ./Drivers/STM32F4xx_HAL_Driver/Src/stm32f4xx_hal_rcc.o
                0x0000000008008648                HAL_RCC_GetPCLK1Freq
 .text.HAL_RCCEx_PeriphCLKConfig
                0x0000000008008670      0x1e0 ./Drivers/STM32F4xx_HAL_Driver/Src/stm32f4xx_hal_rcc_ex.o
                0x0000000008008670                HAL_RCCEx_PeriphCLKConfig
 .text.HAL_RCCEx_GetPeriphCLKConfig
                0x0000000008008850       0x84 ./Drivers/STM32F4xx_HAL_Driver/Src/stm32f4xx_hal_rcc_ex.o
                0x0000000008008850                HAL_RCCEx_GetPeriphCLKConfig
 .text.HAL_RCCEx_GetPeriphCLKFreq
                0x00000000080088d4       0xc0 ./Drivers/STM32F4xx_HAL_Driver/Src/stm32f4xx_hal_rcc_ex.o
                0x00000000080088d4                HAL_RCCEx_GetPeriphCLKFreq
 .text.USB_CoreInit
                0x0000000008008994       0xc2 ./Drivers/STM32F4xx_HAL_Driver/Src/stm32f4xx_ll_usb.o
                0x0000000008008994                USB_CoreInit
 .text.USB_EnableGlobalInt
                0x0000000008008a56       0x22 ./Drivers/STM32F4xx_HAL_Driver/Src/stm32f4xx_ll_usb.o
                0x0000000008008a56                USB_EnableGlobalInt
 .text.USB_DisableGlobalInt
                0x0000000008008a78       0x22 ./Drivers/STM32F4xx_HAL_Driver/Src/stm32f4xx_ll_usb.o
                0x0000000008008a78                USB_DisableGlobalInt
 .text.USB_SetCurrentMode
                0x0000000008008a9a       0x98 ./Drivers/STM32F4xx_HAL_Driver/Src/stm32f4xx_ll_usb.o
                0x0000000008008a9a                USB_SetCurrentMode
 *fill*         0x0000000008008b32        0x2 
 .text.USB_FlushTxFifo
                0x0000000008008b34       0x68 ./Drivers/STM32F4xx_HAL_Driver/Src/stm32f4xx_ll_usb.o
                0x0000000008008b34                USB_FlushTxFifo
 .text.USB_FlushRxFifo
                0x0000000008008b9c       0x60 ./Drivers/STM32F4xx_HAL_Driver/Src/stm32f4xx_ll_usb.o
                0x0000000008008b9c                USB_FlushRxFifo
 .text.USB_WritePacket
                0x0000000008008bfc       0x7c ./Drivers/STM32F4xx_HAL_Driver/Src/stm32f4xx_ll_usb.o
                0x0000000008008bfc                USB_WritePacket
 .text.USB_ReadPacket
                0x0000000008008c78       0xb0 ./Drivers/STM32F4xx_HAL_Driver/Src/stm32f4xx_ll_usb.o
                0x0000000008008c78                USB_ReadPacket
 .text.USB_ReadInterrupts
                0x0000000008008d28       0x26 ./Drivers/STM32F4xx_HAL_Driver/Src/stm32f4xx_ll_usb.o
                0x0000000008008d28                USB_ReadInterrupts
 .text.USB_GetMode
                0x0000000008008d4e       0x1c ./Drivers/STM32F4xx_HAL_Driver/Src/stm32f4xx_ll_usb.o
                0x0000000008008d4e                USB_GetMode
 *fill*         0x0000000008008d6a        0x2 
 .text.USB_CoreReset
                0x0000000008008d6c       0x68 ./Drivers/STM32F4xx_HAL_Driver/Src/stm32f4xx_ll_usb.o
 .text.USB_HostInit
                0x0000000008008dd4      0x180 ./Drivers/STM32F4xx_HAL_Driver/Src/stm32f4xx_ll_usb.o
                0x0000000008008dd4                USB_HostInit
 .text.USB_InitFSLSPClkSel
                0x0000000008008f54       0x74 ./Drivers/STM32F4xx_HAL_Driver/Src/stm32f4xx_ll_usb.o
                0x0000000008008f54                USB_InitFSLSPClkSel
 .text.USB_ResetPort
                0x0000000008008fc8       0x54 ./Drivers/STM32F4xx_HAL_Driver/Src/stm32f4xx_ll_usb.o
                0x0000000008008fc8                USB_ResetPort
 .text.USB_DriveVbus
                0x000000000800901c       0x72 ./Drivers/STM32F4xx_HAL_Driver/Src/stm32f4xx_ll_usb.o
                0x000000000800901c                USB_DriveVbus
 .text.USB_GetHostSpeed
                0x000000000800908e       0x2e ./Drivers/STM32F4xx_HAL_Driver/Src/stm32f4xx_ll_usb.o
                0x000000000800908e                USB_GetHostSpeed
 .text.USB_GetCurrentFrame
                0x00000000080090bc       0x22 ./Drivers/STM32F4xx_HAL_Driver/Src/stm32f4xx_ll_usb.o
                0x00000000080090bc                USB_GetCurrentFrame
 *fill*         0x00000000080090de        0x2 
 .text.USB_HC_Init
                0x00000000080090e0      0x244 ./Drivers/STM32F4xx_HAL_Driver/Src/stm32f4xx_ll_usb.o
                0x00000000080090e0                USB_HC_Init
 .text.USB_HC_StartXfer
                0x0000000008009324      0x284 ./Drivers/STM32F4xx_HAL_Driver/Src/stm32f4xx_ll_usb.o
                0x0000000008009324                USB_HC_StartXfer
 .text.USB_HC_ReadInterrupt
                0x00000000080095a8       0x22 ./Drivers/STM32F4xx_HAL_Driver/Src/stm32f4xx_ll_usb.o
                0x00000000080095a8                USB_HC_ReadInterrupt
 .text.USB_HC_Halt
                0x00000000080095ca      0x1f8 ./Drivers/STM32F4xx_HAL_Driver/Src/stm32f4xx_ll_usb.o
                0x00000000080095ca                USB_HC_Halt
 *fill*         0x00000000080097c2        0x2 
 .text.USB_DoPing
                0x00000000080097c4       0x78 ./Drivers/STM32F4xx_HAL_Driver/Src/stm32f4xx_ll_usb.o
                0x00000000080097c4                USB_DoPing
 .text.USB_StopHost
                0x000000000800983c      0x124 ./Drivers/STM32F4xx_HAL_Driver/Src/stm32f4xx_ll_usb.o
                0x000000000800983c                USB_StopHost
 .text.MX_FATFS_Init
                0x0000000008009960       0x24 ./FATFS/App/fatfs.o
                0x0000000008009960                MX_FATFS_Init
 .text.get_fattime
                0x0000000008009984       0x10 ./FATFS/App/fatfs.o
                0x0000000008009984                get_fattime
 .text.USBH_initialize
                0x0000000008009994       0x18 ./FATFS/Target/usbh_diskio.o
                0x0000000008009994                USBH_initialize
 .text.USBH_status
                0x00000000080099ac       0x38 ./FATFS/Target/usbh_diskio.o
                0x00000000080099ac                USBH_status
 .text.USBH_read
                0x00000000080099e4       0x74 ./FATFS/Target/usbh_diskio.o
                0x00000000080099e4                USBH_read
 .text.USBH_write
                0x0000000008009a58       0x84 ./FATFS/Target/usbh_diskio.o
                0x0000000008009a58                USBH_write
 .text.USBH_ioctl
                0x0000000008009adc       0xd8 ./FATFS/Target/usbh_diskio.o
                0x0000000008009adc                USBH_ioctl
 .text.USBH_MSC_InterfaceInit
                0x0000000008009bb4      0x244 ./Middlewares/ST/STM32_USB_Host_Library/Class/MSC/Src/usbh_msc.o
 .text.USBH_MSC_InterfaceDeInit
                0x0000000008009df8       0x8c ./Middlewares/ST/STM32_USB_Host_Library/Class/MSC/Src/usbh_msc.o
 .text.USBH_MSC_ClassRequest
                0x0000000008009e84       0xce ./Middlewares/ST/STM32_USB_Host_Library/Class/MSC/Src/usbh_msc.o
 *fill*         0x0000000008009f52        0x2 
 .text.USBH_MSC_Process
                0x0000000008009f54      0x520 ./Middlewares/ST/STM32_USB_Host_Library/Class/MSC/Src/usbh_msc.o
 .text.USBH_MSC_SOFProcess
                0x000000000800a474       0x16 ./Middlewares/ST/STM32_USB_Host_Library/Class/MSC/Src/usbh_msc.o
 .text.USBH_MSC_RdWrProcess
                0x000000000800a48a      0x19e ./Middlewares/ST/STM32_USB_Host_Library/Class/MSC/Src/usbh_msc.o
 .text.USBH_MSC_UnitIsReady
                0x000000000800a628       0x4c ./Middlewares/ST/STM32_USB_Host_Library/Class/MSC/Src/usbh_msc.o
                0x000000000800a628                USBH_MSC_UnitIsReady
 .text.USBH_MSC_GetLUNInfo
                0x000000000800a674       0x48 ./Middlewares/ST/STM32_USB_Host_Library/Class/MSC/Src/usbh_msc.o
                0x000000000800a674                USBH_MSC_GetLUNInfo
 .text.USBH_MSC_Read
                0x000000000800a6bc       0xd2 ./Middlewares/ST/STM32_USB_Host_Library/Class/MSC/Src/usbh_msc.o
                0x000000000800a6bc                USBH_MSC_Read
 .text.USBH_MSC_Write
                0x000000000800a78e       0xd2 ./Middlewares/ST/STM32_USB_Host_Library/Class/MSC/Src/usbh_msc.o
                0x000000000800a78e                USBH_MSC_Write
 .text.USBH_MSC_BOT_REQ_Reset
                0x000000000800a860       0x3a ./Middlewares/ST/STM32_USB_Host_Library/Class/MSC/Src/usbh_msc_bot.o
                0x000000000800a860                USBH_MSC_BOT_REQ_Reset
 .text.USBH_MSC_BOT_REQ_GetMaxLUN
                0x000000000800a89a       0x3c ./Middlewares/ST/STM32_USB_Host_Library/Class/MSC/Src/usbh_msc_bot.o
                0x000000000800a89a                USBH_MSC_BOT_REQ_GetMaxLUN
 *fill*         0x000000000800a8d6        0x2 
 .text.USBH_MSC_BOT_Init
                0x000000000800a8d8       0x44 ./Middlewares/ST/STM32_USB_Host_Library/Class/MSC/Src/usbh_msc_bot.o
                0x000000000800a8d8                USBH_MSC_BOT_Init
 .text.USBH_MSC_BOT_Process
                0x000000000800a91c      0x39c ./Middlewares/ST/STM32_USB_Host_Library/Class/MSC/Src/usbh_msc_bot.o
                0x000000000800a91c                USBH_MSC_BOT_Process
 .text.USBH_MSC_BOT_Abort
                0x000000000800acb8       0x58 ./Middlewares/ST/STM32_USB_Host_Library/Class/MSC/Src/usbh_msc_bot.o
 .text.USBH_MSC_DecodeCSW
                0x000000000800ad10       0x88 ./Middlewares/ST/STM32_USB_Host_Library/Class/MSC/Src/usbh_msc_bot.o
 .text.USBH_MSC_SCSI_TestUnitReady
                0x000000000800ad98       0x86 ./Middlewares/ST/STM32_USB_Host_Library/Class/MSC/Src/usbh_msc_scsi.o
                0x000000000800ad98                USBH_MSC_SCSI_TestUnitReady
 .text.USBH_MSC_SCSI_ReadCapacity
                0x000000000800ae1e       0xf6 ./Middlewares/ST/STM32_USB_Host_Library/Class/MSC/Src/usbh_msc_scsi.o
                0x000000000800ae1e                USBH_MSC_SCSI_ReadCapacity
 .text.USBH_MSC_SCSI_Inquiry
                0x000000000800af14      0x14a ./Middlewares/ST/STM32_USB_Host_Library/Class/MSC/Src/usbh_msc_scsi.o
                0x000000000800af14                USBH_MSC_SCSI_Inquiry
 .text.USBH_MSC_SCSI_RequestSense
                0x000000000800b05e       0xf2 ./Middlewares/ST/STM32_USB_Host_Library/Class/MSC/Src/usbh_msc_scsi.o
                0x000000000800b05e                USBH_MSC_SCSI_RequestSense
 .text.USBH_MSC_SCSI_Write
                0x000000000800b150       0xd6 ./Middlewares/ST/STM32_USB_Host_Library/Class/MSC/Src/usbh_msc_scsi.o
                0x000000000800b150                USBH_MSC_SCSI_Write
 .text.USBH_MSC_SCSI_Read
                0x000000000800b226       0xd6 ./Middlewares/ST/STM32_USB_Host_Library/Class/MSC/Src/usbh_msc_scsi.o
                0x000000000800b226                USBH_MSC_SCSI_Read
 .text.USBH_Init
                0x000000000800b2fc       0x74 ./Middlewares/ST/STM32_USB_Host_Library/Core/Src/usbh_core.o
                0x000000000800b2fc                USBH_Init
 .text.DeInitStateMachine
                0x000000000800b370       0xa8 ./Middlewares/ST/STM32_USB_Host_Library/Core/Src/usbh_core.o
 .text.USBH_RegisterClass
                0x000000000800b418       0x54 ./Middlewares/ST/STM32_USB_Host_Library/Core/Src/usbh_core.o
                0x000000000800b418                USBH_RegisterClass
 .text.USBH_SelectInterface
                0x000000000800b46c       0x38 ./Middlewares/ST/STM32_USB_Host_Library/Core/Src/usbh_core.o
                0x000000000800b46c                USBH_SelectInterface
 .text.USBH_FindInterface
                0x000000000800b4a4       0x8c ./Middlewares/ST/STM32_USB_Host_Library/Core/Src/usbh_core.o
                0x000000000800b4a4                USBH_FindInterface
 .text.USBH_Start
                0x000000000800b530       0x20 ./Middlewares/ST/STM32_USB_Host_Library/Core/Src/usbh_core.o
                0x000000000800b530                USBH_Start
 .text.USBH_Process
                0x000000000800b550      0x3d8 ./Middlewares/ST/STM32_USB_Host_Library/Core/Src/usbh_core.o
                0x000000000800b550                USBH_Process
 .text.USBH_HandleEnum
                0x000000000800b928      0x3c8 ./Middlewares/ST/STM32_USB_Host_Library/Core/Src/usbh_core.o
 .text.USBH_LL_SetTimer
                0x000000000800bcf0       0x1e ./Middlewares/ST/STM32_USB_Host_Library/Core/Src/usbh_core.o
                0x000000000800bcf0                USBH_LL_SetTimer
 .text.USBH_LL_IncTimer
                0x000000000800bd0e       0x24 ./Middlewares/ST/STM32_USB_Host_Library/Core/Src/usbh_core.o
                0x000000000800bd0e                USBH_LL_IncTimer
 .text.USBH_HandleSof
                0x000000000800bd32       0x30 ./Middlewares/ST/STM32_USB_Host_Library/Core/Src/usbh_core.o
 .text.USBH_LL_PortEnabled
                0x000000000800bd62       0x1c ./Middlewares/ST/STM32_USB_Host_Library/Core/Src/usbh_core.o
                0x000000000800bd62                USBH_LL_PortEnabled
 .text.USBH_LL_PortDisabled
                0x000000000800bd7e       0x1c ./Middlewares/ST/STM32_USB_Host_Library/Core/Src/usbh_core.o
                0x000000000800bd7e                USBH_LL_PortDisabled
 .text.USBH_LL_Connect
                0x000000000800bd9a       0x2e ./Middlewares/ST/STM32_USB_Host_Library/Core/Src/usbh_core.o
                0x000000000800bd9a                USBH_LL_Connect
 .text.USBH_LL_Disconnect
                0x000000000800bdc8       0x48 ./Middlewares/ST/STM32_USB_Host_Library/Core/Src/usbh_core.o
                0x000000000800bdc8                USBH_LL_Disconnect
 .text.USBH_Get_DevDesc
                0x000000000800be10       0x50 ./Middlewares/ST/STM32_USB_Host_Library/Core/Src/usbh_ctlreq.o
                0x000000000800be10                USBH_Get_DevDesc
 .text.USBH_Get_CfgDesc
                0x000000000800be60       0x48 ./Middlewares/ST/STM32_USB_Host_Library/Core/Src/usbh_ctlreq.o
                0x000000000800be60                USBH_Get_CfgDesc
 .text.USBH_Get_StringDesc
                0x000000000800bea8       0x56 ./Middlewares/ST/STM32_USB_Host_Library/Core/Src/usbh_ctlreq.o
                0x000000000800bea8                USBH_Get_StringDesc
 .text.USBH_GetDescriptor
                0x000000000800befe       0x6a ./Middlewares/ST/STM32_USB_Host_Library/Core/Src/usbh_ctlreq.o
                0x000000000800befe                USBH_GetDescriptor
 .text.USBH_SetAddress
                0x000000000800bf68       0x48 ./Middlewares/ST/STM32_USB_Host_Library/Core/Src/usbh_ctlreq.o
                0x000000000800bf68                USBH_SetAddress
 .text.USBH_SetCfg
                0x000000000800bfb0       0x46 ./Middlewares/ST/STM32_USB_Host_Library/Core/Src/usbh_ctlreq.o
                0x000000000800bfb0                USBH_SetCfg
 .text.USBH_SetFeature
                0x000000000800bff6       0x48 ./Middlewares/ST/STM32_USB_Host_Library/Core/Src/usbh_ctlreq.o
                0x000000000800bff6                USBH_SetFeature
 .text.USBH_ClrFeature
                0x000000000800c03e       0x48 ./Middlewares/ST/STM32_USB_Host_Library/Core/Src/usbh_ctlreq.o
                0x000000000800c03e                USBH_ClrFeature
 .text.USBH_ParseDevDesc
                0x000000000800c086      0x122 ./Middlewares/ST/STM32_USB_Host_Library/Core/Src/usbh_ctlreq.o
 .text.USBH_ParseCfgDesc
                0x000000000800c1a8      0x1ec ./Middlewares/ST/STM32_USB_Host_Library/Core/Src/usbh_ctlreq.o
 .text.USBH_ParseInterfaceDesc
                0x000000000800c394       0x5e ./Middlewares/ST/STM32_USB_Host_Library/Core/Src/usbh_ctlreq.o
 .text.USBH_ParseEPDesc
                0x000000000800c3f2      0x14a ./Middlewares/ST/STM32_USB_Host_Library/Core/Src/usbh_ctlreq.o
 .text.USBH_ParseStringDesc
                0x000000000800c53c       0x66 ./Middlewares/ST/STM32_USB_Host_Library/Core/Src/usbh_ctlreq.o
 .text.USBH_GetNextDesc
                0x000000000800c5a2       0x36 ./Middlewares/ST/STM32_USB_Host_Library/Core/Src/usbh_ctlreq.o
                0x000000000800c5a2                USBH_GetNextDesc
 .text.USBH_CtlReq
                0x000000000800c5d8       0x7a ./Middlewares/ST/STM32_USB_Host_Library/Core/Src/usbh_ctlreq.o
                0x000000000800c5d8                USBH_CtlReq
 *fill*         0x000000000800c652        0x2 
 .text.USBH_HandleControl
                0x000000000800c654      0x2e8 ./Middlewares/ST/STM32_USB_Host_Library/Core/Src/usbh_ctlreq.o
 .text.USBH_CtlSendSetup
                0x000000000800c93c       0x34 ./Middlewares/ST/STM32_USB_Host_Library/Core/Src/usbh_ioreq.o
                0x000000000800c93c                USBH_CtlSendSetup
 .text.USBH_CtlSendData
                0x000000000800c970       0x4a ./Middlewares/ST/STM32_USB_Host_Library/Core/Src/usbh_ioreq.o
                0x000000000800c970                USBH_CtlSendData
 .text.USBH_CtlReceiveData
                0x000000000800c9ba       0x3c ./Middlewares/ST/STM32_USB_Host_Library/Core/Src/usbh_ioreq.o
                0x000000000800c9ba                USBH_CtlReceiveData
 .text.USBH_BulkSendData
                0x000000000800c9f6       0x4a ./Middlewares/ST/STM32_USB_Host_Library/Core/Src/usbh_ioreq.o
                0x000000000800c9f6                USBH_BulkSendData
 .text.USBH_BulkReceiveData
                0x000000000800ca40       0x3c ./Middlewares/ST/STM32_USB_Host_Library/Core/Src/usbh_ioreq.o
                0x000000000800ca40                USBH_BulkReceiveData
 .text.USBH_OpenPipe
                0x000000000800ca7c       0x3e ./Middlewares/ST/STM32_USB_Host_Library/Core/Src/usbh_pipes.o
                0x000000000800ca7c                USBH_OpenPipe
 .text.USBH_ClosePipe
                0x000000000800caba       0x20 ./Middlewares/ST/STM32_USB_Host_Library/Core/Src/usbh_pipes.o
                0x000000000800caba                USBH_ClosePipe
 .text.USBH_AllocPipe
                0x000000000800cada       0x42 ./Middlewares/ST/STM32_USB_Host_Library/Core/Src/usbh_pipes.o
                0x000000000800cada                USBH_AllocPipe
 .text.USBH_FreePipe
                0x000000000800cb1c       0x3c ./Middlewares/ST/STM32_USB_Host_Library/Core/Src/usbh_pipes.o
                0x000000000800cb1c                USBH_FreePipe
 .text.USBH_GetFreePipe
                0x000000000800cb58       0x48 ./Middlewares/ST/STM32_USB_Host_Library/Core/Src/usbh_pipes.o
 .text.disk_status
                0x000000000800cba0       0x34 ./Middlewares/Third_Party/FatFs/src/diskio.o
                0x000000000800cba0                disk_status
 .text.disk_initialize
                0x000000000800cbd4       0x4c ./Middlewares/Third_Party/FatFs/src/diskio.o
                0x000000000800cbd4                disk_initialize
 .text.disk_read
                0x000000000800cc20       0x40 ./Middlewares/Third_Party/FatFs/src/diskio.o
                0x000000000800cc20                disk_read
 .text.disk_write
                0x000000000800cc60       0x40 ./Middlewares/Third_Party/FatFs/src/diskio.o
                0x000000000800cc60                disk_write
 .text.disk_ioctl
                0x000000000800cca0       0x3c ./Middlewares/Third_Party/FatFs/src/diskio.o
                0x000000000800cca0                disk_ioctl
 .text.ld_word  0x000000000800ccdc       0x30 ./Middlewares/Third_Party/FatFs/src/ff.o
 .text.ld_dword
                0x000000000800cd0c       0x46 ./Middlewares/Third_Party/FatFs/src/ff.o
 .text.st_word  0x000000000800cd52       0x36 ./Middlewares/Third_Party/FatFs/src/ff.o
 .text.st_dword
                0x000000000800cd88       0x58 ./Middlewares/Third_Party/FatFs/src/ff.o
 .text.mem_cpy  0x000000000800cde0       0x42 ./Middlewares/Third_Party/FatFs/src/ff.o
 .text.mem_set  0x000000000800ce22       0x36 ./Middlewares/Third_Party/FatFs/src/ff.o
 .text.mem_cmp  0x000000000800ce58       0x4e ./Middlewares/Third_Party/FatFs/src/ff.o
 .text.chk_chr  0x000000000800cea6       0x36 ./Middlewares/Third_Party/FatFs/src/ff.o
 .text.chk_lock
                0x000000000800cedc       0xb8 ./Middlewares/Third_Party/FatFs/src/ff.o
 .text.enq_lock
                0x000000000800cf94       0x44 ./Middlewares/Third_Party/FatFs/src/ff.o
 .text.inc_lock
                0x000000000800cfd8      0x11c ./Middlewares/Third_Party/FatFs/src/ff.o
 .text.dec_lock
                0x000000000800d0f4       0x78 ./Middlewares/Third_Party/FatFs/src/ff.o
 .text.clear_lock
                0x000000000800d16c       0x48 ./Middlewares/Third_Party/FatFs/src/ff.o
 .text.sync_window
                0x000000000800d1b4       0x88 ./Middlewares/Third_Party/FatFs/src/ff.o
 .text.move_window
                0x000000000800d23c       0x5a ./Middlewares/Third_Party/FatFs/src/ff.o
 *fill*         0x000000000800d296        0x2 
 .text.sync_fs  0x000000000800d298       0xdc ./Middlewares/Third_Party/FatFs/src/ff.o
 .text.clust2sect
                0x000000000800d374       0x3e ./Middlewares/Third_Party/FatFs/src/ff.o
 .text.get_fat  0x000000000800d3b2      0x150 ./Middlewares/Third_Party/FatFs/src/ff.o
 .text.put_fat  0x000000000800d502      0x1d8 ./Middlewares/Third_Party/FatFs/src/ff.o
 .text.remove_chain
                0x000000000800d6da       0xca ./Middlewares/Third_Party/FatFs/src/ff.o
 .text.create_chain
                0x000000000800d7a4      0x130 ./Middlewares/Third_Party/FatFs/src/ff.o
 .text.clmt_clust
                0x000000000800d8d4       0x68 ./Middlewares/Third_Party/FatFs/src/ff.o
 .text.dir_sdi  0x000000000800d93c       0xf6 ./Middlewares/Third_Party/FatFs/src/ff.o
 .text.dir_next
                0x000000000800da32      0x18a ./Middlewares/Third_Party/FatFs/src/ff.o
 .text.dir_alloc
                0x000000000800dbbc       0x8e ./Middlewares/Third_Party/FatFs/src/ff.o
 .text.ld_clust
                0x000000000800dc4a       0x3e ./Middlewares/Third_Party/FatFs/src/ff.o
 .text.st_clust
                0x000000000800dc88       0x40 ./Middlewares/Third_Party/FatFs/src/ff.o
 .text.dir_find
                0x000000000800dcc8       0xaa ./Middlewares/Third_Party/FatFs/src/ff.o
 .text.dir_register
                0x000000000800dd72       0x64 ./Middlewares/Third_Party/FatFs/src/ff.o
 *fill*         0x000000000800ddd6        0x2 
 .text.create_name
                0x000000000800ddd8      0x128 ./Middlewares/Third_Party/FatFs/src/ff.o
 .text.follow_path
                0x000000000800df00       0xe2 ./Middlewares/Third_Party/FatFs/src/ff.o
 .text.get_ldnumber
                0x000000000800dfe2       0x88 ./Middlewares/Third_Party/FatFs/src/ff.o
 *fill*         0x000000000800e06a        0x2 
 .text.check_fs
                0x000000000800e06c       0xac ./Middlewares/Third_Party/FatFs/src/ff.o
 .text.find_volume
                0x000000000800e118      0x498 ./Middlewares/Third_Party/FatFs/src/ff.o
 .text.validate
                0x000000000800e5b0       0x6a ./Middlewares/Third_Party/FatFs/src/ff.o
 *fill*         0x000000000800e61a        0x2 
 .text.f_mount  0x000000000800e61c       0x8c ./Middlewares/Third_Party/FatFs/src/ff.o
                0x000000000800e61c                f_mount
 .text.f_open   0x000000000800e6a8      0x37c ./Middlewares/Third_Party/FatFs/src/ff.o
                0x000000000800e6a8                f_open
 .text.f_read   0x000000000800ea24      0x27e ./Middlewares/Third_Party/FatFs/src/ff.o
                0x000000000800ea24                f_read
 .text.f_sync   0x000000000800eca2       0xfc ./Middlewares/Third_Party/FatFs/src/ff.o
                0x000000000800eca2                f_sync
 .text.f_close  0x000000000800ed9e       0x54 ./Middlewares/Third_Party/FatFs/src/ff.o
                0x000000000800ed9e                f_close
 .text.f_lseek  0x000000000800edf2      0x412 ./Middlewares/Third_Party/FatFs/src/ff.o
                0x000000000800edf2                f_lseek
 .text.FATFS_LinkDriverEx
                0x000000000800f204       0x98 ./Middlewares/Third_Party/FatFs/src/ff_gen_drv.o
                0x000000000800f204                FATFS_LinkDriverEx
 .text.FATFS_LinkDriver
                0x000000000800f29c       0x1e ./Middlewares/Third_Party/FatFs/src/ff_gen_drv.o
                0x000000000800f29c                FATFS_LinkDriver
 *fill*         0x000000000800f2ba        0x2 
 .text.MX_USB_HOST_Init
                0x000000000800f2bc       0x4c ./USB_HOST/App/usb_host.o
                0x000000000800f2bc                MX_USB_HOST_Init
 .text.MX_USB_HOST_Process
                0x000000000800f308       0x14 ./USB_HOST/App/usb_host.o
                0x000000000800f308                MX_USB_HOST_Process
 .text.USBH_UserProcess
                0x000000000800f31c       0x5c ./USB_HOST/App/usb_host.o
 .text.HAL_HCD_MspInit
                0x000000000800f378       0xc4 ./USB_HOST/Target/usbh_conf.o
                0x000000000800f378                HAL_HCD_MspInit
 .text.HAL_HCD_SOF_Callback
                0x000000000800f43c       0x1c ./USB_HOST/Target/usbh_conf.o
                0x000000000800f43c                HAL_HCD_SOF_Callback
 .text.HAL_HCD_Connect_Callback
                0x000000000800f458       0x1c ./USB_HOST/Target/usbh_conf.o
                0x000000000800f458                HAL_HCD_Connect_Callback
 .text.HAL_HCD_Disconnect_Callback
                0x000000000800f474       0x1c ./USB_HOST/Target/usbh_conf.o
                0x000000000800f474                HAL_HCD_Disconnect_Callback
 .text.HAL_HCD_HC_NotifyURBChange_Callback
                0x000000000800f490       0x1c ./USB_HOST/Target/usbh_conf.o
                0x000000000800f490                HAL_HCD_HC_NotifyURBChange_Callback
 .text.HAL_HCD_PortEnabled_Callback
                0x000000000800f4ac       0x1c ./USB_HOST/Target/usbh_conf.o
                0x000000000800f4ac                HAL_HCD_PortEnabled_Callback
 .text.HAL_HCD_PortDisabled_Callback
                0x000000000800f4c8       0x1c ./USB_HOST/Target/usbh_conf.o
                0x000000000800f4c8                HAL_HCD_PortDisabled_Callback
 .text.USBH_LL_Init
                0x000000000800f4e4       0x78 ./USB_HOST/Target/usbh_conf.o
                0x000000000800f4e4                USBH_LL_Init
 .text.USBH_LL_Start
                0x000000000800f55c       0x36 ./USB_HOST/Target/usbh_conf.o
                0x000000000800f55c                USBH_LL_Start
 .text.USBH_LL_Stop
                0x000000000800f592       0x36 ./USB_HOST/Target/usbh_conf.o
                0x000000000800f592                USBH_LL_Stop
 .text.USBH_LL_GetSpeed
                0x000000000800f5c8       0x4e ./USB_HOST/Target/usbh_conf.o
                0x000000000800f5c8                USBH_LL_GetSpeed
 .text.USBH_LL_ResetPort
                0x000000000800f616       0x36 ./USB_HOST/Target/usbh_conf.o
                0x000000000800f616                USBH_LL_ResetPort
 .text.USBH_LL_GetLastXferSize
                0x000000000800f64c       0x26 ./USB_HOST/Target/usbh_conf.o
                0x000000000800f64c                USBH_LL_GetLastXferSize
 .text.USBH_LL_OpenPipe
                0x000000000800f672       0x5e ./USB_HOST/Target/usbh_conf.o
                0x000000000800f672                USBH_LL_OpenPipe
 .text.USBH_LL_ClosePipe
                0x000000000800f6d0       0x3e ./USB_HOST/Target/usbh_conf.o
                0x000000000800f6d0                USBH_LL_ClosePipe
 .text.USBH_LL_SubmitURB
                0x000000000800f70e       0x62 ./USB_HOST/Target/usbh_conf.o
                0x000000000800f70e                USBH_LL_SubmitURB
 .text.USBH_LL_GetURBState
                0x000000000800f770       0x26 ./USB_HOST/Target/usbh_conf.o
                0x000000000800f770                USBH_LL_GetURBState
 .text.USBH_LL_DriverVBUS
                0x000000000800f796       0x1c ./USB_HOST/Target/usbh_conf.o
                0x000000000800f796                USBH_LL_DriverVBUS
 .text.USBH_LL_SetToggle
                0x000000000800f7b2       0x60 ./USB_HOST/Target/usbh_conf.o
                0x000000000800f7b2                USBH_LL_SetToggle
 .text.USBH_LL_GetToggle
                0x000000000800f812       0x60 ./USB_HOST/Target/usbh_conf.o
                0x000000000800f812                USBH_LL_GetToggle
 .text.USBH_Delay
                0x000000000800f872       0x16 ./USB_HOST/Target/usbh_conf.o
                0x000000000800f872                USBH_Delay
 .text.USBH_Get_USB_Status
                0x000000000800f888       0x58 ./USB_HOST/Target/usbh_conf.o
                0x000000000800f888                USBH_Get_USB_Status
 .text.__errno  0x000000000800f8e0        0xc c:/st/stm32cubeide_1.10.1/stm32cubeide/plugins/com.st.stm32cube.ide.mcu.externaltools.gnu-tools-for-stm32.10.3-2021.10.win32_1.0.0.202111181127/tools/bin/../lib/gcc/arm-none-eabi/10.3.1/../../../../arm-none-eabi/lib/thumb/v7e-m+fp/hard\libc_nano.a(lib_a-errno.o)
                0x000000000800f8e0                __errno
 .text.__libc_init_array
                0x000000000800f8ec       0x48 c:/st/stm32cubeide_1.10.1/stm32cubeide/plugins/com.st.stm32cube.ide.mcu.externaltools.gnu-tools-for-stm32.10.3-2021.10.win32_1.0.0.202111181127/tools/bin/../lib/gcc/arm-none-eabi/10.3.1/../../../../arm-none-eabi/lib/thumb/v7e-m+fp/hard\libc_nano.a(lib_a-init.o)
                0x000000000800f8ec                __libc_init_array
 .text.malloc   0x000000000800f934       0x10 c:/st/stm32cubeide_1.10.1/stm32cubeide/plugins/com.st.stm32cube.ide.mcu.externaltools.gnu-tools-for-stm32.10.3-2021.10.win32_1.0.0.202111181127/tools/bin/../lib/gcc/arm-none-eabi/10.3.1/../../../../arm-none-eabi/lib/thumb/v7e-m+fp/hard\libc_nano.a(lib_a-malloc.o)
                0x000000000800f934                malloc
 .text.free     0x000000000800f944       0x10 c:/st/stm32cubeide_1.10.1/stm32cubeide/plugins/com.st.stm32cube.ide.mcu.externaltools.gnu-tools-for-stm32.10.3-2021.10.win32_1.0.0.202111181127/tools/bin/../lib/gcc/arm-none-eabi/10.3.1/../../../../arm-none-eabi/lib/thumb/v7e-m+fp/hard\libc_nano.a(lib_a-malloc.o)
                0x000000000800f944                free
 .text.memcpy   0x000000000800f954       0x1c c:/st/stm32cubeide_1.10.1/stm32cubeide/plugins/com.st.stm32cube.ide.mcu.externaltools.gnu-tools-for-stm32.10.3-2021.10.win32_1.0.0.202111181127/tools/bin/../lib/gcc/arm-none-eabi/10.3.1/../../../../arm-none-eabi/lib/thumb/v7e-m+fp/hard\libc_nano.a(lib_a-memcpy-stub.o)
                0x000000000800f954                memcpy
 .text.memset   0x000000000800f970       0x10 c:/st/stm32cubeide_1.10.1/stm32cubeide/plugins/com.st.stm32cube.ide.mcu.externaltools.gnu-tools-for-stm32.10.3-2021.10.win32_1.0.0.202111181127/tools/bin/../lib/gcc/arm-none-eabi/10.3.1/../../../../arm-none-eabi/lib/thumb/v7e-m+fp/hard\libc_nano.a(lib_a-memset.o)
                0x000000000800f970                memset
 .text._free_r  0x000000000800f980       0x98 c:/st/stm32cubeide_1.10.1/stm32cubeide/plugins/com.st.stm32cube.ide.mcu.externaltools.gnu-tools-for-stm32.10.3-2021.10.win32_1.0.0.202111181127/tools/bin/../lib/gcc/arm-none-eabi/10.3.1/../../../../arm-none-eabi/lib/thumb/v7e-m+fp/hard\libc_nano.a(lib_a-nano-freer.o)
                0x000000000800f980                _free_r
 .text.sbrk_aligned
                0x000000000800fa18       0x40 c:/st/stm32cubeide_1.10.1/stm32cubeide/plugins/com.st.stm32cube.ide.mcu.externaltools.gnu-tools-for-stm32.10.3-2021.10.win32_1.0.0.202111181127/tools/bin/../lib/gcc/arm-none-eabi/10.3.1/../../../../arm-none-eabi/lib/thumb/v7e-m+fp/hard\libc_nano.a(lib_a-nano-mallocr.o)
 .text._malloc_r
                0x000000000800fa58       0xe8 c:/st/stm32cubeide_1.10.1/stm32cubeide/plugins/com.st.stm32cube.ide.mcu.externaltools.gnu-tools-for-stm32.10.3-2021.10.win32_1.0.0.202111181127/tools/bin/../lib/gcc/arm-none-eabi/10.3.1/../../../../arm-none-eabi/lib/thumb/v7e-m+fp/hard\libc_nano.a(lib_a-nano-mallocr.o)
                0x000000000800fa58                _malloc_r
 .text._sbrk_r  0x000000000800fb40       0x20 c:/st/stm32cubeide_1.10.1/stm32cubeide/plugins/com.st.stm32cube.ide.mcu.externaltools.gnu-tools-for-stm32.10.3-2021.10.win32_1.0.0.202111181127/tools/bin/../lib/gcc/arm-none-eabi/10.3.1/../../../../arm-none-eabi/lib/thumb/v7e-m+fp/hard\libc_nano.a(lib_a-sbrkr.o)
                0x000000000800fb40                _sbrk_r
 .text.__malloc_lock
                0x000000000800fb60        0xc c:/st/stm32cubeide_1.10.1/stm32cubeide/plugins/com.st.stm32cube.ide.mcu.externaltools.gnu-tools-for-stm32.10.3-2021.10.win32_1.0.0.202111181127/tools/bin/../lib/gcc/arm-none-eabi/10.3.1/../../../../arm-none-eabi/lib/thumb/v7e-m+fp/hard\libc_nano.a(lib_a-mlock.o)
                0x000000000800fb60                __malloc_lock
 .text.__malloc_unlock
                0x000000000800fb6c        0xc c:/st/stm32cubeide_1.10.1/stm32cubeide/plugins/com.st.stm32cube.ide.mcu.externaltools.gnu-tools-for-stm32.10.3-2021.10.win32_1.0.0.202111181127/tools/bin/../lib/gcc/arm-none-eabi/10.3.1/../../../../arm-none-eabi/lib/thumb/v7e-m+fp/hard\libc_nano.a(lib_a-mlock.o)
                0x000000000800fb6c                __malloc_unlock
 .text.__retarget_lock_acquire_recursive
                0x000000000800fb78        0x2 c:/st/stm32cubeide_1.10.1/stm32cubeide/plugins/com.st.stm32cube.ide.mcu.externaltools.gnu-tools-for-stm32.10.3-2021.10.win32_1.0.0.202111181127/tools/bin/../lib/gcc/arm-none-eabi/10.3.1/../../../../arm-none-eabi/lib/thumb/v7e-m+fp/hard\libc_nano.a(lib_a-lock.o)
                0x000000000800fb78                __retarget_lock_acquire_recursive
 .text.__retarget_lock_release_recursive
                0x000000000800fb7a        0x2 c:/st/stm32cubeide_1.10.1/stm32cubeide/plugins/com.st.stm32cube.ide.mcu.externaltools.gnu-tools-for-stm32.10.3-2021.10.win32_1.0.0.202111181127/tools/bin/../lib/gcc/arm-none-eabi/10.3.1/../../../../arm-none-eabi/lib/thumb/v7e-m+fp/hard\libc_nano.a(lib_a-lock.o)
                0x000000000800fb7a                __retarget_lock_release_recursive
 *(.glue_7)
 .glue_7        0x000000000800fb7c        0x0 linker stubs
 *(.glue_7t)
 .glue_7t       0x000000000800fb7c        0x0 linker stubs
 *(.eh_frame)
 .eh_frame      0x000000000800fb7c        0x0 c:/st/stm32cubeide_1.10.1/stm32cubeide/plugins/com.st.stm32cube.ide.mcu.externaltools.gnu-tools-for-stm32.10.3-2021.10.win32_1.0.0.202111181127/tools/bin/../lib/gcc/arm-none-eabi/10.3.1/thumb/v7e-m+fp/hard/crtbegin.o
 *(.init)
 .init          0x000000000800fb7c        0x4 c:/st/stm32cubeide_1.10.1/stm32cubeide/plugins/com.st.stm32cube.ide.mcu.externaltools.gnu-tools-for-stm32.10.3-2021.10.win32_1.0.0.202111181127/tools/bin/../lib/gcc/arm-none-eabi/10.3.1/thumb/v7e-m+fp/hard/crti.o
                0x000000000800fb7c                _init
 .init          0x000000000800fb80        0x8 c:/st/stm32cubeide_1.10.1/stm32cubeide/plugins/com.st.stm32cube.ide.mcu.externaltools.gnu-tools-for-stm32.10.3-2021.10.win32_1.0.0.202111181127/tools/bin/../lib/gcc/arm-none-eabi/10.3.1/thumb/v7e-m+fp/hard/crtn.o
 *(.fini)
 .fini          0x000000000800fb88        0x4 c:/st/stm32cubeide_1.10.1/stm32cubeide/plugins/com.st.stm32cube.ide.mcu.externaltools.gnu-tools-for-stm32.10.3-2021.10.win32_1.0.0.202111181127/tools/bin/../lib/gcc/arm-none-eabi/10.3.1/thumb/v7e-m+fp/hard/crti.o
                0x000000000800fb88                _fini
 .fini          0x000000000800fb8c        0x8 c:/st/stm32cubeide_1.10.1/stm32cubeide/plugins/com.st.stm32cube.ide.mcu.externaltools.gnu-tools-for-stm32.10.3-2021.10.win32_1.0.0.202111181127/tools/bin/../lib/gcc/arm-none-eabi/10.3.1/thumb/v7e-m+fp/hard/crtn.o
                0x000000000800fb94                . = ALIGN (0x4)
                0x000000000800fb94                _etext = .

.vfp11_veneer   0x000000000800fb94        0x0
 .vfp11_veneer  0x000000000800fb94        0x0 linker stubs

.v4_bx          0x000000000800fb94        0x0
 .v4_bx         0x000000000800fb94        0x0 linker stubs

.iplt           0x000000000800fb94        0x0
 .iplt          0x000000000800fb94        0x0 c:/st/stm32cubeide_1.10.1/stm32cubeide/plugins/com.st.stm32cube.ide.mcu.externaltools.gnu-tools-for-stm32.10.3-2021.10.win32_1.0.0.202111181127/tools/bin/../lib/gcc/arm-none-eabi/10.3.1/thumb/v7e-m+fp/hard/crtbegin.o

.rodata         0x000000000800fb94      0x164
                0x000000000800fb94                . = ALIGN (0x4)
 *(.rodata)
 .rodata        0x000000000800fb94        0x6 ./Core/Src/main.o
 *fill*         0x000000000800fb9a        0x2 
 .rodata        0x000000000800fb9c        0x4 ./Middlewares/ST/STM32_USB_Host_Library/Class/MSC/Src/usbh_msc.o
 .rodata        0x000000000800fba0       0x44 ./Middlewares/Third_Party/FatFs/src/ff.o
 *(.rodata*)
 .rodata.I2SFreq
                0x000000000800fbe4       0x20 ./Audio/audioI2S.o
                0x000000000800fbe4                I2SFreq
 .rodata.I2SPLLN
                0x000000000800fc04       0x20 ./Audio/audioI2S.o
                0x000000000800fc04                I2SPLLN
 .rodata.I2SPLLR
                0x000000000800fc24       0x20 ./Audio/audioI2S.o
                0x000000000800fc24                I2SPLLR
 .rodata.AHBPrescTable
                0x000000000800fc44       0x10 ./Core/Src/system_stm32f4xx.o
                0x000000000800fc44                AHBPrescTable
 .rodata.APBPrescTable
                0x000000000800fc54        0x8 ./Core/Src/system_stm32f4xx.o
                0x000000000800fc54                APBPrescTable
 .rodata.flagBitshiftOffset.0
                0x000000000800fc5c        0x8 ./Drivers/STM32F4xx_HAL_Driver/Src/stm32f4xx_hal_dma.o
 .rodata.USBH_Driver
                0x000000000800fc64       0x14 ./FATFS/Target/usbh_diskio.o
                0x000000000800fc64                USBH_Driver
 .rodata.ExCvt  0x000000000800fc78       0x80 ./Middlewares/Third_Party/FatFs/src/ff.o
                0x000000000800fcf8                . = ALIGN (0x4)

.ARM.extab      0x000000000800fcf8        0x0
                0x000000000800fcf8                . = ALIGN (0x4)
 *(.ARM.extab* .gnu.linkonce.armextab.*)
                0x000000000800fcf8                . = ALIGN (0x4)

.ARM            0x000000000800fcf8        0x8
                0x000000000800fcf8                . = ALIGN (0x4)
                0x000000000800fcf8                __exidx_start = .
 *(.ARM.exidx*)
 .ARM.exidx     0x000000000800fcf8        0x8 c:/st/stm32cubeide_1.10.1/stm32cubeide/plugins/com.st.stm32cube.ide.mcu.externaltools.gnu-tools-for-stm32.10.3-2021.10.win32_1.0.0.202111181127/tools/bin/../lib/gcc/arm-none-eabi/10.3.1/thumb/v7e-m+fp/hard\libgcc.a(_udivmoddi4.o)
                0x000000000800fd00                __exidx_end = .
                0x000000000800fd00                . = ALIGN (0x4)

.rel.dyn        0x000000000800fd00        0x0
 .rel.iplt      0x000000000800fd00        0x0 c:/st/stm32cubeide_1.10.1/stm32cubeide/plugins/com.st.stm32cube.ide.mcu.externaltools.gnu-tools-for-stm32.10.3-2021.10.win32_1.0.0.202111181127/tools/bin/../lib/gcc/arm-none-eabi/10.3.1/thumb/v7e-m+fp/hard/crtbegin.o

.preinit_array  0x000000000800fd00        0x0
                0x000000000800fd00                . = ALIGN (0x4)
                0x000000000800fd00                PROVIDE (__preinit_array_start = .)
 *(.preinit_array*)
                0x000000000800fd00                PROVIDE (__preinit_array_end = .)
                0x000000000800fd00                . = ALIGN (0x4)

.init_array     0x000000000800fd00        0x4
                0x000000000800fd00                . = ALIGN (0x4)
                0x000000000800fd00                PROVIDE (__init_array_start = .)
 *(SORT_BY_NAME(.init_array.*))
 *(.init_array*)
 .init_array    0x000000000800fd00        0x4 c:/st/stm32cubeide_1.10.1/stm32cubeide/plugins/com.st.stm32cube.ide.mcu.externaltools.gnu-tools-for-stm32.10.3-2021.10.win32_1.0.0.202111181127/tools/bin/../lib/gcc/arm-none-eabi/10.3.1/thumb/v7e-m+fp/hard/crtbegin.o
                0x000000000800fd04                PROVIDE (__init_array_end = .)
                0x000000000800fd04                . = ALIGN (0x4)

.fini_array     0x000000000800fd04        0x4
                0x000000000800fd04                . = ALIGN (0x4)
                [!provide]                        PROVIDE (__fini_array_start = .)
 *(SORT_BY_NAME(.fini_array.*))
 *(.fini_array*)
 .fini_array    0x000000000800fd04        0x4 c:/st/stm32cubeide_1.10.1/stm32cubeide/plugins/com.st.stm32cube.ide.mcu.externaltools.gnu-tools-for-stm32.10.3-2021.10.win32_1.0.0.202111181127/tools/bin/../lib/gcc/arm-none-eabi/10.3.1/thumb/v7e-m+fp/hard/crtbegin.o
                [!provide]                        PROVIDE (__fini_array_end = .)
                0x000000000800fd08                . = ALIGN (0x4)
                0x000000000800fd08                _sidata = LOADADDR (.data)

.data           0x0000000020000000       0xfc load address 0x000000000800fd08
                0x0000000020000000                . = ALIGN (0x4)
                0x0000000020000000                _sdata = .
 *(.data)
 *(.data*)
 .data.SystemCoreClock
                0x0000000020000000        0x4 ./Core/Src/system_stm32f4xx.o
                0x0000000020000000                SystemCoreClock
 .data.Lsm303agrDrv
                0x0000000020000004       0x34 ./Drivers/BSP/Components/lsm303agr/lsm303agr.o
                0x0000000020000004                Lsm303agrDrv
 .data.Lsm303dlhcDrv
                0x0000000020000038       0x34 ./Drivers/BSP/Components/lsm303dlhc/lsm303dlhc.o
                0x0000000020000038                Lsm303dlhcDrv
 .data.I2cxTimeout
                0x000000002000006c        0x4 ./Drivers/BSP/STM32F411E-Discovery/stm32f411e_discovery.o
                0x000000002000006c                I2cxTimeout
 .data.uwTickPrio
                0x0000000020000070        0x4 ./Drivers/STM32F4xx_HAL_Driver/Src/stm32f4xx_hal.o
                0x0000000020000070                uwTickPrio
 .data.uwTickFreq
                0x0000000020000074        0x1 ./Drivers/STM32F4xx_HAL_Driver/Src/stm32f4xx_hal.o
                0x0000000020000074                uwTickFreq
 *fill*         0x0000000020000075        0x3 
 .data.USBH_msc
                0x0000000020000078       0x20 ./Middlewares/ST/STM32_USB_Host_Library/Class/MSC/Src/usbh_msc.o
                0x0000000020000078                USBH_msc
 .data._impure_ptr
                0x0000000020000098        0x4 c:/st/stm32cubeide_1.10.1/stm32cubeide/plugins/com.st.stm32cube.ide.mcu.externaltools.gnu-tools-for-stm32.10.3-2021.10.win32_1.0.0.202111181127/tools/bin/../lib/gcc/arm-none-eabi/10.3.1/../../../../arm-none-eabi/lib/thumb/v7e-m+fp/hard\libc_nano.a(lib_a-impure.o)
                0x0000000020000098                _impure_ptr
 .data.impure_data
                0x000000002000009c       0x60 c:/st/stm32cubeide_1.10.1/stm32cubeide/plugins/com.st.stm32cube.ide.mcu.externaltools.gnu-tools-for-stm32.10.3-2021.10.win32_1.0.0.202111181127/tools/bin/../lib/gcc/arm-none-eabi/10.3.1/../../../../arm-none-eabi/lib/thumb/v7e-m+fp/hard\libc_nano.a(lib_a-impure.o)
 *(.RamFunc)
 *(.RamFunc*)
                0x00000000200000fc                . = ALIGN (0x4)
                0x00000000200000fc                _edata = .

.igot.plt       0x00000000200000fc        0x0 load address 0x000000000800fe04
 .igot.plt      0x00000000200000fc        0x0 c:/st/stm32cubeide_1.10.1/stm32cubeide/plugins/com.st.stm32cube.ide.mcu.externaltools.gnu-tools-for-stm32.10.3-2021.10.win32_1.0.0.202111181127/tools/bin/../lib/gcc/arm-none-eabi/10.3.1/thumb/v7e-m+fp/hard/crtbegin.o
                0x00000000200000fc                . = ALIGN (0x4)

.bss            0x00000000200000fc     0x1d74 load address 0x000000000800fe04
                0x00000000200000fc                _sbss = .
                0x00000000200000fc                __bss_start__ = _sbss
 *(.bss)
 .bss           0x00000000200000fc       0x1c c:/st/stm32cubeide_1.10.1/stm32cubeide/plugins/com.st.stm32cube.ide.mcu.externaltools.gnu-tools-for-stm32.10.3-2021.10.win32_1.0.0.202111181127/tools/bin/../lib/gcc/arm-none-eabi/10.3.1/thumb/v7e-m+fp/hard/crtbegin.o
 *(.bss*)
 .bss.i2cx      0x0000000020000118       0x54 ./Audio/MY_CS43L22.o
 .bss.hAudioI2S
                0x000000002000016c        0x4 ./Audio/audioI2S.o
 .bss.wavFile   0x0000000020000170      0x230 ./Audio/wav_player.o
 .bss.fileLength
                0x00000000200003a0        0x4 ./Audio/wav_player.o
 .bss.audioBuffer
                0x00000000200003a4     0x1000 ./Audio/wav_player.o
 .bss.audioRemainSize
                0x00000000200013a4        0x4 ./Audio/wav_player.o
 .bss.samplingFreq
                0x00000000200013a8        0x4 ./Audio/wav_player.o
 .bss.playerReadBytes
                0x00000000200013ac        0x4 ./Audio/wav_player.o
 .bss.isFinished
                0x00000000200013b0        0x1 ./Audio/wav_player.o
 .bss.playerControlSM
                0x00000000200013b1        0x1 ./Audio/wav_player.o
 *fill*         0x00000000200013b2        0x2 
 .bss.isUSBMounted
                0x00000000200013b4        0x4 ./Core/Src/main.o
                0x00000000200013b4                isUSBMounted
 .bss.hi2c1     0x00000000200013b8       0x54 ./Core/Src/main.o
                0x00000000200013b8                hi2c1
 .bss.hi2s3     0x000000002000140c       0x48 ./Core/Src/main.o
                0x000000002000140c                hi2s3
 .bss.hdma_spi3_tx
                0x0000000020001454       0x60 ./Core/Src/main.o
                0x0000000020001454                hdma_spi3_tx
 .bss.__sbrk_heap_end
                0x00000000200014b4        0x4 ./Core/Src/sysmem.o
 .bss.I2cHandle
                0x00000000200014b8       0x54 ./Drivers/BSP/STM32F411E-Discovery/stm32f411e_discovery.o
 .bss.AccelerometerDrv
                0x000000002000150c        0x4 ./Drivers/BSP/STM32F411E-Discovery/stm32f411e_discovery_accelerometer.o
 .bss.uwTick    0x0000000020001510        0x4 ./Drivers/STM32F4xx_HAL_Driver/Src/stm32f4xx_hal.o
                0x0000000020001510                uwTick
 .bss.retUSBH   0x0000000020001514        0x1 ./FATFS/App/fatfs.o
                0x0000000020001514                retUSBH
 *fill*         0x0000000020001515        0x3 
 .bss.USBHPath  0x0000000020001518        0x4 ./FATFS/App/fatfs.o
                0x0000000020001518                USBHPath
 .bss.USBHFatFS
                0x000000002000151c      0x230 ./FATFS/App/fatfs.o
                0x000000002000151c                USBHFatFS
 .bss.FatFs     0x000000002000174c        0x4 ./Middlewares/Third_Party/FatFs/src/ff.o
 .bss.Fsid      0x0000000020001750        0x2 ./Middlewares/Third_Party/FatFs/src/ff.o
 *fill*         0x0000000020001752        0x2 
 .bss.Files     0x0000000020001754       0x20 ./Middlewares/Third_Party/FatFs/src/ff.o
 .bss.disk      0x0000000020001774        0xc ./Middlewares/Third_Party/FatFs/src/ff_gen_drv.o
                0x0000000020001774                disk
 .bss.hUsbHostFS
                0x0000000020001780      0x3d8 ./USB_HOST/App/usb_host.o
                0x0000000020001780                hUsbHostFS
 .bss.Appli_state
                0x0000000020001b58        0x1 ./USB_HOST/App/usb_host.o
                0x0000000020001b58                Appli_state
 *fill*         0x0000000020001b59        0x3 
 .bss.hhcd_USB_OTG_FS
                0x0000000020001b5c      0x304 ./USB_HOST/Target/usbh_conf.o
                0x0000000020001b5c                hhcd_USB_OTG_FS
 .bss.__malloc_free_list
                0x0000000020001e60        0x4 c:/st/stm32cubeide_1.10.1/stm32cubeide/plugins/com.st.stm32cube.ide.mcu.externaltools.gnu-tools-for-stm32.10.3-2021.10.win32_1.0.0.202111181127/tools/bin/../lib/gcc/arm-none-eabi/10.3.1/../../../../arm-none-eabi/lib/thumb/v7e-m+fp/hard\libc_nano.a(lib_a-nano-mallocr.o)
                0x0000000020001e60                __malloc_free_list
 .bss.__malloc_sbrk_start
                0x0000000020001e64        0x4 c:/st/stm32cubeide_1.10.1/stm32cubeide/plugins/com.st.stm32cube.ide.mcu.externaltools.gnu-tools-for-stm32.10.3-2021.10.win32_1.0.0.202111181127/tools/bin/../lib/gcc/arm-none-eabi/10.3.1/../../../../arm-none-eabi/lib/thumb/v7e-m+fp/hard\libc_nano.a(lib_a-nano-mallocr.o)
                0x0000000020001e64                __malloc_sbrk_start
 .bss.errno     0x0000000020001e68        0x4 c:/st/stm32cubeide_1.10.1/stm32cubeide/plugins/com.st.stm32cube.ide.mcu.externaltools.gnu-tools-for-stm32.10.3-2021.10.win32_1.0.0.202111181127/tools/bin/../lib/gcc/arm-none-eabi/10.3.1/../../../../arm-none-eabi/lib/thumb/v7e-m+fp/hard\libc_nano.a(lib_a-reent.o)
                0x0000000020001e68                errno
 .bss.__lock___malloc_recursive_mutex
                0x0000000020001e6c        0x1 c:/st/stm32cubeide_1.10.1/stm32cubeide/plugins/com.st.stm32cube.ide.mcu.externaltools.gnu-tools-for-stm32.10.3-2021.10.win32_1.0.0.202111181127/tools/bin/../lib/gcc/arm-none-eabi/10.3.1/../../../../arm-none-eabi/lib/thumb/v7e-m+fp/hard\libc_nano.a(lib_a-lock.o)
                0x0000000020001e6c                __lock___malloc_recursive_mutex
 *(COMMON)
                0x0000000020001e70                . = ALIGN (0x4)
 *fill*         0x0000000020001e6d        0x3 
                0x0000000020001e70                _ebss = .
                0x0000000020001e70                __bss_end__ = _ebss

._user_heap_stack
                0x0000000020001e70     0x4000 load address 0x000000000800fe04
                0x0000000020001e70                . = ALIGN (0x8)
                [!provide]                        PROVIDE (end = .)
                0x0000000020001e70                PROVIDE (_end = .)
                0x0000000020003e70                . = (. + _Min_Heap_Size)
 *fill*         0x0000000020001e70     0x2000 
                0x0000000020005e70                . = (. + _Min_Stack_Size)
 *fill*         0x0000000020003e70     0x2000 
                0x0000000020005e70                . = ALIGN (0x8)

/DISCARD/
 libc.a(*)
 libm.a(*)
 libgcc.a(*)

.ARM.attributes
                0x0000000000000000       0x30
 *(.ARM.attributes)
 .ARM.attributes
                0x0000000000000000       0x1e c:/st/stm32cubeide_1.10.1/stm32cubeide/plugins/com.st.stm32cube.ide.mcu.externaltools.gnu-tools-for-stm32.10.3-2021.10.win32_1.0.0.202111181127/tools/bin/../lib/gcc/arm-none-eabi/10.3.1/thumb/v7e-m+fp/hard/crti.o
 .ARM.attributes