../Core/Src/main.c:80:5:main	184	static
../Core/Src/main.c:176:6:SystemClock_Config	88	static
../Core/Src/main.c:222:13:MX_I2C1_Init	8	static
../Core/Src/main.c:256:13:MX_I2S3_Init	8	static
../Core/Src/main.c:290:13:MX_SPI1_Init	8	static
../Core/Src/main.c:326:13:MX_DMA_Init	16	static
../Core/Src/main.c:344:13:MX_GPIO_Init	56	static
../Core/Src/main.c:453:6:Set_Display_Number	88	static
../Core/Src/main.c:473:6:Sound_play	16	static
../Core/Src/main.c:505:6:Error_Handler	4	static,ignoring_inline_asm
